Component: ARM Compiler 5.06 update 5 (build 528) Tool: armlink [4d35e2]

==============================================================================

Section Cross References

    startup_stm32f407xx.o(STACK) refers (Special) to heapauxi.o(.text) for __use_two_region_memory
    startup_stm32f407xx.o(HEAP) refers (Special) to heapauxi.o(.text) for __use_two_region_memory
    startup_stm32f407xx.o(RESET) refers (Special) to heapauxi.o(.text) for __use_two_region_memory
    startup_stm32f407xx.o(RESET) refers to startup_stm32f407xx.o(STACK) for __initial_sp
    startup_stm32f407xx.o(RESET) refers to startup_stm32f407xx.o(.text) for Reset_Handler
    startup_stm32f407xx.o(RESET) refers to stm32f4xx_it.o(i.NMI_Handler) for NMI_Handler
    startup_stm32f407xx.o(RESET) refers to stm32f4xx_it.o(i.HardFault_Handler) for HardFault_Handler
    startup_stm32f407xx.o(RESET) refers to stm32f4xx_it.o(i.MemManage_Handler) for MemManage_Handler
    startup_stm32f407xx.o(RESET) refers to stm32f4xx_it.o(i.BusFault_Handler) for BusFault_Handler
    startup_stm32f407xx.o(RESET) refers to stm32f4xx_it.o(i.UsageFault_Handler) for UsageFault_Handler
    startup_stm32f407xx.o(RESET) refers to stm32f4xx_it.o(i.SVC_Handler) for SVC_Handler
    startup_stm32f407xx.o(RESET) refers to stm32f4xx_it.o(i.DebugMon_Handler) for DebugMon_Handler
    startup_stm32f407xx.o(RESET) refers to stm32f4xx_it.o(i.PendSV_Handler) for PendSV_Handler
    startup_stm32f407xx.o(RESET) refers to stm32f4xx_it.o(i.SysTick_Handler) for SysTick_Handler
    startup_stm32f407xx.o(RESET) refers to stm32f4xx_it.o(i.CAN1_RX0_IRQHandler) for CAN1_RX0_IRQHandler
    startup_stm32f407xx.o(RESET) refers to stm32f4xx_it.o(i.TIM4_IRQHandler) for TIM4_IRQHandler
    startup_stm32f407xx.o(RESET) refers to stm32f4xx_it.o(i.CAN2_RX0_IRQHandler) for CAN2_RX0_IRQHandler
    startup_stm32f407xx.o(RESET) refers to stm32f4xx_it.o(i.OTG_FS_IRQHandler) for OTG_FS_IRQHandler
    startup_stm32f407xx.o(.text) refers (Special) to heapauxi.o(.text) for __use_two_region_memory
    startup_stm32f407xx.o(.text) refers to system_stm32f4xx.o(i.SystemInit) for SystemInit
    startup_stm32f407xx.o(.text) refers to __main.o(!!!main) for __main
    startup_stm32f407xx.o(.text) refers to startup_stm32f407xx.o(HEAP) for Heap_Mem
    startup_stm32f407xx.o(.text) refers to startup_stm32f407xx.o(STACK) for Stack_Mem
    main.o(i.HAL_TIM_PeriodElapsedCallback) refers to rt_memcpy_w.o(.text) for __aeabi_memcpy4
    main.o(i.HAL_TIM_PeriodElapsedCallback) refers to main.o(i.control_step) for control_step
    main.o(i.HAL_TIM_PeriodElapsedCallback) refers to tim.o(.bss) for htim4
    main.o(i.HAL_TIM_PeriodElapsedCallback) refers to main.o(.data) for psi_rad
    main.o(i.HAL_TIM_PeriodElapsedCallback) refers to can_receive.o(.bss) for motor_chassis
    main.o(i.HAL_TIM_PeriodElapsedCallback) refers to main.o(.bss) for pid_speed
    main.o(i.SystemClock_Config) refers to rt_memclr_w.o(.text) for __aeabi_memclr4
    main.o(i.SystemClock_Config) refers to stm32f4xx_hal_rcc.o(i.HAL_RCC_OscConfig) for HAL_RCC_OscConfig
    main.o(i.SystemClock_Config) refers to main.o(i.Error_Handler) for Error_Handler
    main.o(i.SystemClock_Config) refers to stm32f4xx_hal_rcc.o(i.HAL_RCC_ClockConfig) for HAL_RCC_ClockConfig
    main.o(i.control_step) refers to tanhf.o(i.__hardfp_tanhf) for __hardfp_tanhf
    main.o(i.control_step) refers to motor_pid.o(i.speed_pi_update) for speed_pi_update
    main.o(i.control_step) refers to can_receive.o(i.CAN_cmd_chassis) for CAN_cmd_chassis
    main.o(i.control_step) refers to main.o(.data) for omega_ref
    main.o(i.getAngle) refers to tim.o(.bss) for htim1
    main.o(i.getRadian) refers to main.o(i.getAngle) for getAngle
    main.o(i.getRadian) refers to f2d.o(x$fpl$f2d) for __aeabi_f2d
    main.o(i.getRadian) refers to dmul.o(x$fpl$dmul) for __aeabi_dmul
    main.o(i.getRadian) refers to ddiv.o(x$fpl$ddiv) for __aeabi_ddiv
    main.o(i.getRadian) refers to d2f.o(x$fpl$d2f) for __aeabi_d2f
    main.o(i.main) refers to stm32f4xx_hal.o(i.HAL_Init) for HAL_Init
    main.o(i.main) refers to main.o(i.SystemClock_Config) for SystemClock_Config
    main.o(i.main) refers to gpio.o(i.MX_GPIO_Init) for MX_GPIO_Init
    main.o(i.main) refers to can.o(i.MX_CAN1_Init) for MX_CAN1_Init
    main.o(i.main) refers to can.o(i.MX_CAN2_Init) for MX_CAN2_Init
    main.o(i.main) refers to tim.o(i.MX_TIM1_Init) for MX_TIM1_Init
    main.o(i.main) refers to crc.o(i.MX_CRC_Init) for MX_CRC_Init
    main.o(i.main) refers to usb_device.o(i.MX_USB_DEVICE_Init) for MX_USB_DEVICE_Init
    main.o(i.main) refers to tim.o(i.MX_TIM4_Init) for MX_TIM4_Init
    main.o(i.main) refers to bsp_can.o(i.can_filter_init) for can_filter_init
    main.o(i.main) refers to motor_pid.o(i.PID_struct_init) for PID_struct_init
    main.o(i.main) refers to stm32f4xx_hal_tim.o(i.HAL_TIM_Encoder_Start) for HAL_TIM_Encoder_Start
    main.o(i.main) refers to debug.o(i.Debug_RegisterVar) for Debug_RegisterVar
[...]
    _printf_fp_infnan                        0x08001661   Thumb Code   112  _printf_fp_infnan.o(.text)
    _btod_etento                             0x080016e1   Thumb Code   224  bigflt0.o(.text)
    exit                                     0x080017c5   Thumb Code    18  exit.o(.text)
    __sig_exit                               0x080017d7   Thumb Code    10  defsig_exit.o(.text)
    __rt_SIGRTMEM_inner                      0x080017e1   Thumb Code    22  defsig_rtmem_inner.o(.text)
    _sys_exit                                0x08001831   Thumb Code     8  sys_exit.o(.text)
    __default_signal_display                 0x0800183d   Thumb Code    50  defsig_general.o(.text)
    strcmp                                   0x08001871   Thumb Code   128  strcmpv7m.o(.text)
    _ttywrch                                 0x080018f1   Thumb Code    14  sys_wrch.o(.text)
    _btod_d2e                                0x080018ff   Thumb Code    62  btod.o(CL$$btod_d2e)
    _d2e_denorm_low                          0x0800193d   Thumb Code    70  btod.o(CL$$btod_d2e_denorm_low)
    _d2e_norm_op1                            0x08001983   Thumb Code    96  btod.o(CL$$btod_d2e_norm_op1)
    __btod_div_common                        0x080019e3   Thumb Code   696  btod.o(CL$$btod_div_common)
    _e2e                                     0x08001d1b   Thumb Code   220  btod.o(CL$$btod_e2e)
    _btod_ediv                               0x08001df7   Thumb Code    42  btod.o(CL$$btod_ediv)
    _btod_emul                               0x08001e21   Thumb Code    42  btod.o(CL$$btod_emul)
    __btod_mult_common                       0x08001e4b   Thumb Code   580  btod.o(CL$$btod_mult_common)
    BusFault_Handler                         0x0800208f   Thumb Code     4  stm32f4xx_it.o(i.BusFault_Handler)
    CAN1_RX0_IRQHandler                      0x08002095   Thumb Code    10  stm32f4xx_it.o(i.CAN1_RX0_IRQHandler)
    CAN2_RX0_IRQHandler                      0x080020a5   Thumb Code    10  stm32f4xx_it.o(i.CAN2_RX0_IRQHandler)
    CAN_cmd_chassis                          0x080020b5   Thumb Code    68  can_receive.o(i.CAN_cmd_chassis)
    CDC_Transmit_FS                          0x08002199   Thumb Code    50  usbd_cdc_if.o(i.CDC_Transmit_FS)
    CMD_DecodeFrame                          0x080021d1   Thumb Code   286  usbd_cdc_if.o(i.CMD_DecodeFrame)
    DebugMon_Handler                         0x0800231d   Thumb Code     2  stm32f4xx_it.o(i.DebugMon_Handler)
    Debug_DecodeFrame                        0x08002321   Thumb Code   298  debug.o(i.Debug_DecodeFrame)
    Debug_RegisterVar                        0x0800245d   Thumb Code    56  debug.o(i.Debug_RegisterVar)
    Error_Handler                            0x0800249d   Thumb Code     2  main.o(i.Error_Handler)
    HAL_CAN_ActivateNotification             0x080024d5   Thumb Code    36  stm32f4xx_hal_can.o(i.HAL_CAN_ActivateNotification)
    HAL_CAN_AddTxMessage                     0x080024f9   Thumb Code   260  stm32f4xx_hal_can.o(i.HAL_CAN_AddTxMessage)
    HAL_CAN_ConfigFilter                     0x080025fd   Thumb Code   290  stm32f4xx_hal_can.o(i.HAL_CAN_ConfigFilter)
    HAL_CAN_ErrorCallback                    0x08002725   Thumb Code     2  stm32f4xx_hal_can.o(i.HAL_CAN_ErrorCallback)
    HAL_CAN_GetRxMessage                     0x08002727   Thumb Code   364  stm32f4xx_hal_can.o(i.HAL_CAN_GetRxMessage)
    HAL_CAN_IRQHandler                       0x08002893   Thumb Code   564  stm32f4xx_hal_can.o(i.HAL_CAN_IRQHandler)
    HAL_CAN_Init                             0x08002ac7   Thumb Code   360  stm32f4xx_hal_can.o(i.HAL_CAN_Init)
    HAL_CAN_MspInit                          0x08002c31   Thumb Code   328  can.o(i.HAL_CAN_MspInit)
    HAL_CAN_RxFifo0FullCallback              0x08002d91   Thumb Code     2  stm32f4xx_hal_can.o(i.HAL_CAN_RxFifo0FullCallback)
    HAL_CAN_RxFifo0MsgPendingCallback        0x08002d95   Thumb Code   200  can_receive.o(i.HAL_CAN_RxFifo0MsgPendingCallback)
    HAL_CAN_RxFifo1FullCallback              0x08002e65   Thumb Code     2  stm32f4xx_hal_can.o(i.HAL_CAN_RxFifo1FullCallback)
    HAL_CAN_RxFifo1MsgPendingCallback        0x08002e67   Thumb Code     2  stm32f4xx_hal_can.o(i.HAL_CAN_RxFifo1MsgPendingCallback)
    HAL_CAN_SleepCallback                    0x08002e69   Thumb Code     2  stm32f4xx_hal_can.o(i.HAL_CAN_SleepCallback)
    HAL_CAN_Start                            0x08002e6b   Thumb Code   100  stm32f4xx_hal_can.o(i.HAL_CAN_Start)
    HAL_CAN_TxMailbox0AbortCallback          0x08002ecf   Thumb Code     2  stm32f4xx_hal_can.o(i.HAL_CAN_TxMailbox0AbortCallback)
    HAL_CAN_TxMailbox0CompleteCallback       0x08002ed1   Thumb Code     2  stm32f4xx_hal_can.o(i.HAL_CAN_TxMailbox0CompleteCallback)
    HAL_CAN_TxMailbox1AbortCallback          0x08002ed3   Thumb Code     2  stm32f4xx_hal_can.o(i.HAL_CAN_TxMailbox1AbortCallback)
    HAL_CAN_TxMailbox1CompleteCallback       0x08002ed5   Thumb Code     2  stm32f4xx_hal_can.o(i.HAL_CAN_TxMailbox1CompleteCallback)
    HAL_CAN_TxMailbox2AbortCallback          0x08002ed7   Thumb Code     2  stm32f4xx_hal_can.o(i.HAL_CAN_TxMailbox2AbortCallback)
    HAL_CAN_TxMailbox2CompleteCallback       0x08002ed9   Thumb Code     2  stm32f4xx_hal_can.o(i.HAL_CAN_TxMailbox2CompleteCallback)
    HAL_CAN_WakeUpFromRxMsgCallback          0x08002edb   Thumb Code     2  stm32f4xx_hal_can.o(i.HAL_CAN_WakeUpFromRxMsgCallback)
    HAL_CRC_Init                             0x08002edd   Thumb Code    40  stm32f4xx_hal_crc.o(i.HAL_CRC_Init)
    HAL_CRC_MspInit                          0x08002f05   Thumb Code    44  crc.o(i.HAL_CRC_MspInit)
    HAL_Delay                                0x08002f39   Thumb Code    34  stm32f4xx_hal.o(i.HAL_Delay)
    HAL_GPIO_Init                            0x08002f61   Thumb Code   518  stm32f4xx_hal_gpio.o(i.HAL_GPIO_Init)
    HAL_GetTick                              0x0800317d   Thumb Code     6  stm32f4xx_hal.o(i.HAL_GetTick)
    HAL_IncTick                              0x08003189   Thumb Code    12  stm32f4xx_hal.o(i.HAL_IncTick)
    HAL_Init                                 0x08003199   Thumb Code    48  stm32f4xx_hal.o(i.HAL_Init)
    HAL_InitTick                             0x080031cd   Thumb Code    58  stm32f4xx_hal.o(i.HAL_InitTick)
    HAL_MspInit                              0x08003211   Thumb Code    68  stm32f4xx_hal_msp.o(i.HAL_MspInit)
    HAL_NVIC_EnableIRQ                       0x08003259   Thumb Code    28  stm32f4xx_hal_cortex.o(i.HAL_NVIC_EnableIRQ)
    HAL_NVIC_SetPriority                     0x08003275   Thumb Code    98  stm32f4xx_hal_cortex.o(i.HAL_NVIC_SetPriority)
    HAL_NVIC_SetPriorityGrouping             0x080032dd   Thumb Code    30  stm32f4xx_hal_cortex.o(i.HAL_NVIC_SetPriorityGrouping)
    HAL_PCDEx_LPM_Callback                   0x08003301   Thumb Code     2  stm32f4xx_hal_pcd_ex.o(i.HAL_PCDEx_LPM_Callback)
    HAL_PCDEx_SetRxFiFo                      0x08003303   Thumb Code     8  stm32f4xx_hal_pcd_ex.o(i.HAL_PCDEx_SetRxFiFo)
    HAL_PCDEx_SetTxFiFo                      0x0800330b   Thumb Code    74  stm32f4xx_hal_pcd_ex.o(i.HAL_PCDEx_SetTxFiFo)
    HAL_PCD_ConnectCallback                  0x08003355   Thumb Code    14  usbd_conf.o(i.HAL_PCD_ConnectCallback)
    HAL_PCD_DataInStageCallback              0x08003363   Thumb Code    32  usbd_conf.o(i.HAL_PCD_DataInStageCallback)
    HAL_PCD_DataOutStageCallback             0x08003383   Thumb Code    32  usbd_conf.o(i.HAL_PCD_DataOutStageCallback)
    HAL_PCD_DisconnectCallback               0x080033a3   Thumb Code    14  usbd_conf.o(i.HAL_PCD_DisconnectCallback)
    HAL_PCD_EP_Close                         0x080033b1   Thumb Code    74  stm32f4xx_hal_pcd.o(i.HAL_PCD_EP_Close)
    HAL_PCD_EP_ClrStall                      0x080033fb   Thumb Code    92  stm32f4xx_hal_pcd.o(i.HAL_PCD_EP_ClrStall)
    HAL_PCD_EP_GetRxCount                    0x08003457   Thumb Code    18  stm32f4xx_hal_pcd.o(i.HAL_PCD_EP_GetRxCount)
    HAL_PCD_EP_Open                          0x08003469   Thumb Code    92  stm32f4xx_hal_pcd.o(i.HAL_PCD_EP_Open)
    HAL_PCD_EP_Receive                       0x080034c5   Thumb Code    70  stm32f4xx_hal_pcd.o(i.HAL_PCD_EP_Receive)
    HAL_PCD_EP_SetStall                      0x0800350b   Thumb Code   116  stm32f4xx_hal_pcd.o(i.HAL_PCD_EP_SetStall)
    HAL_PCD_EP_Transmit                      0x0800357f   Thumb Code    70  stm32f4xx_hal_pcd.o(i.HAL_PCD_EP_Transmit)
    HAL_PCD_IRQHandler                       0x080035c5   Thumb Code  1070  stm32f4xx_hal_pcd.o(i.HAL_PCD_IRQHandler)
    HAL_PCD_ISOINIncompleteCallback          0x080039f3   Thumb Code    18  usbd_conf.o(i.HAL_PCD_ISOINIncompleteCallback)
    HAL_PCD_ISOOUTIncompleteCallback         0x08003a05   Thumb Code    18  usbd_conf.o(i.HAL_PCD_ISOOUTIncompleteCallback)
    HAL_PCD_Init                             0x08003a17   Thumb Code   320  stm32f4xx_hal_pcd.o(i.HAL_PCD_Init)
    HAL_PCD_MspInit                          0x08003b59   Thumb Code   160  usbd_conf.o(i.HAL_PCD_MspInit)
    HAL_PCD_ResetCallback                    0x08003c01   Thumb Code    48  usbd_conf.o(i.HAL_PCD_ResetCallback)
    HAL_PCD_ResumeCallback                   0x08003c31   Thumb Code    14  usbd_conf.o(i.HAL_PCD_ResumeCallback)
    HAL_PCD_SOFCallback                      0x08003c3f   Thumb Code    14  usbd_conf.o(i.HAL_PCD_SOFCallback)
    HAL_PCD_SetAddress                       0x08003c4d   Thumb Code    40  stm32f4xx_hal_pcd.o(i.HAL_PCD_SetAddress)
    HAL_PCD_SetupStageCallback               0x08003c75   Thumb Code    18  usbd_conf.o(i.HAL_PCD_SetupStageCallback)
    HAL_PCD_Start                            0x08003c87   Thumb Code    66  stm32f4xx_hal_pcd.o(i.HAL_PCD_Start)
    HAL_PCD_SuspendCallback                  0x08003cc9   Thumb Code    46  usbd_conf.o(i.HAL_PCD_SuspendCallback)
    HAL_RCC_ClockConfig                      0x08003cfd   Thumb Code   352  stm32f4xx_hal_rcc.o(i.HAL_RCC_ClockConfig)
    HAL_RCC_GetHCLKFreq                      0x08003e71   Thumb Code     6  stm32f4xx_hal_rcc.o(i.HAL_RCC_GetHCLKFreq)
    HAL_RCC_GetSysClockFreq                  0x08003e7d   Thumb Code    94  stm32f4xx_hal_rcc.o(i.HAL_RCC_GetSysClockFreq)
    HAL_RCC_OscConfig                        0x08003eed   Thumb Code  1078  stm32f4xx_hal_rcc.o(i.HAL_RCC_OscConfig)
    HAL_SYSTICK_Config                       0x08004325   Thumb Code    36  stm32f4xx_hal_cortex.o(i.HAL_SYSTICK_Config)
    HAL_TIMEx_BreakCallback                  0x0800434d   Thumb Code     2  stm32f4xx_hal_tim_ex.o(i.HAL_TIMEx_BreakCallback)
    HAL_TIMEx_CommutCallback                 0x0800434f   Thumb Code     2  stm32f4xx_hal_tim_ex.o(i.HAL_TIMEx_CommutCallback)
    HAL_TIMEx_MasterConfigSynchronization    0x08004351   Thumb Code    78  stm32f4xx_hal_tim_ex.o(i.HAL_TIMEx_MasterConfigSynchronization)
    HAL_TIM_Base_Init                        0x0800439f   Thumb Code    56  stm32f4xx_hal_tim.o(i.HAL_TIM_Base_Init)
    HAL_TIM_Base_MspInit                     0x080043d9   Thumb Code    62  tim.o(i.HAL_TIM_Base_MspInit)
    HAL_TIM_Base_Start_IT                    0x08004421   Thumb Code    34  stm32f4xx_hal_tim.o(i.HAL_TIM_Base_Start_IT)
    HAL_TIM_ConfigClockSource                0x08004443   Thumb Code   228  stm32f4xx_hal_tim.o(i.HAL_TIM_ConfigClockSource)
    HAL_TIM_Encoder_Init                     0x08004527   Thumb Code   190  stm32f4xx_hal_tim.o(i.HAL_TIM_Encoder_Init)
    HAL_TIM_Encoder_MspInit                  0x080045e5   Thumb Code   122  tim.o(i.HAL_TIM_Encoder_MspInit)
    HAL_TIM_Encoder_Start                    0x0800466d   Thumb Code    66  stm32f4xx_hal_tim.o(i.HAL_TIM_Encoder_Start)
    HAL_TIM_IC_CaptureCallback               0x080046af   Thumb Code     2  stm32f4xx_hal_tim.o(i.HAL_TIM_IC_CaptureCallback)
    HAL_TIM_IRQHandler                       0x080046b1   Thumb Code   372  stm32f4xx_hal_tim.o(i.HAL_TIM_IRQHandler)
    HAL_TIM_OC_DelayElapsedCallback          0x08004825   Thumb Code     2  stm32f4xx_hal_tim.o(i.HAL_TIM_OC_DelayElapsedCallback)
    HAL_TIM_PWM_PulseFinishedCallback        0x08004827   Thumb Code     2  stm32f4xx_hal_tim.o(i.HAL_TIM_PWM_PulseFinishedCallback)
    HAL_TIM_PeriodElapsedCallback            0x08004829   Thumb Code    68  main.o(i.HAL_TIM_PeriodElapsedCallback)
    HAL_TIM_TriggerCallback                  0x0800487d   Thumb Code     2  stm32f4xx_hal_tim.o(i.HAL_TIM_TriggerCallback)
    HardFault_Handler                        0x0800487f   Thumb Code     4  stm32f4xx_it.o(i.HardFault_Handler)
    MX_CAN1_Init                             0x080048c1   Thumb Code    58  can.o(i.MX_CAN1_Init)
    MX_CAN2_Init                             0x08004905   Thumb Code    58  can.o(i.MX_CAN2_Init)
    MX_CRC_Init                              0x08004949   Thumb Code    22  crc.o(i.MX_CRC_Init)
    MX_GPIO_Init                             0x08004969   Thumb Code   156  gpio.o(i.MX_GPIO_Init)
    MX_TIM1_Init                             0x08004a09   Thumb Code   122  tim.o(i.MX_TIM1_Init)
    MX_TIM4_Init                             0x08004a8d   Thumb Code   102  tim.o(i.MX_TIM4_Init)
    MX_USB_DEVICE_Init                       0x08004afd   Thumb Code    60  usb_device.o(i.MX_USB_DEVICE_Init)
    MemManage_Handler                        0x08004b49   Thumb Code     4  stm32f4xx_it.o(i.MemManage_Handler)
    NMI_Handler                              0x08004b4d   Thumb Code     2  stm32f4xx_it.o(i.NMI_Handler)
    OTG_FS_IRQHandler                        0x08004b51   Thumb Code    10  stm32f4xx_it.o(i.OTG_FS_IRQHandler)
    PID_struct_init                          0x08004d5d   Thumb Code    70  motor_pid.o(i.PID_struct_init)
    PendSV_Handler                           0x08004dad   Thumb Code     2  stm32f4xx_it.o(i.PendSV_Handler)
    SVC_Handler                              0x08004daf   Thumb Code     2  stm32f4xx_it.o(i.SVC_Handler)
    SysTick_Handler                          0x08004db1   Thumb Code     8  stm32f4xx_it.o(i.SysTick_Handler)
    SystemClock_Config                       0x08004db9   Thumb Code   170  main.o(i.SystemClock_Config)
    SystemInit                               0x08004e6d   Thumb Code    82  system_stm32f4xx.o(i.SystemInit)
    TIM4_IRQHandler                          0x08004ed1   Thumb Code    10  stm32f4xx_it.o(i.TIM4_IRQHandler)
    TIM_Base_SetConfig                       0x08004ee1   Thumb Code   182  stm32f4xx_hal_tim.o(i.TIM_Base_SetConfig)
    TIM_CCxChannelCmd                        0x08004fad   Thumb Code    30  stm32f4xx_hal_tim.o(i.TIM_CCxChannelCmd)
    TIM_ETR_SetConfig                        0x08004fcb   Thumb Code    22  stm32f4xx_hal_tim.o(i.TIM_ETR_SetConfig)
    USBD_CDC_GetDeviceQualifierDescriptor    0x08005129   Thumb Code     8  usbd_cdc.o(i.USBD_CDC_GetDeviceQualifierDescriptor)
    USBD_CDC_ReceivePacket                   0x08005205   Thumb Code    50  usbd_cdc.o(i.USBD_CDC_ReceivePacket)
    USBD_CDC_RegisterInterface               0x08005237   Thumb Code    16  usbd_cdc.o(i.USBD_CDC_RegisterInterface)
    USBD_CDC_SetRxBuffer                     0x08005247   Thumb Code    12  usbd_cdc.o(i.USBD_CDC_SetRxBuffer)
    USBD_CDC_SetTxBuffer                     0x08005253   Thumb Code    16  usbd_cdc.o(i.USBD_CDC_SetTxBuffer)
    USBD_CDC_TransmitPacket                  0x08005349   Thumb Code    56  usbd_cdc.o(i.USBD_CDC_TransmitPacket)
    USBD_ClrClassConfig                      0x08005381   Thumb Code    14  usbd_core.o(i.USBD_ClrClassConfig)
    USBD_CtlContinueRx                       0x080053b5   Thumb Code    16  usbd_ioreq.o(i.USBD_CtlContinueRx)
    USBD_CtlContinueSendData                 0x080053c5   Thumb Code    16  usbd_ioreq.o(i.USBD_CtlContinueSendData)
    USBD_CtlError                            0x080053d5   Thumb Code    24  usbd_ctlreq.o(i.USBD_CtlError)
    USBD_CtlPrepareRx                        0x080053ed   Thumb Code    30  usbd_ioreq.o(i.USBD_CtlPrepareRx)
    USBD_CtlReceiveStatus                    0x0800540b   Thumb Code    22  usbd_ioreq.o(i.USBD_CtlReceiveStatus)
    USBD_CtlSendData                         0x08005421   Thumb Code    26  usbd_ioreq.o(i.USBD_CtlSendData)
    USBD_CtlSendStatus                       0x0800543b   Thumb Code    22  usbd_ioreq.o(i.USBD_CtlSendStatus)
    USBD_FS_ConfigStrDescriptor              0x08005451   Thumb Code    34  usbd_desc.o(i.USBD_FS_ConfigStrDescriptor)
    USBD_FS_DeviceDescriptor                 0x08005485   Thumb Code    10  usbd_desc.o(i.USBD_FS_DeviceDescriptor)
    USBD_FS_InterfaceStrDescriptor           0x08005495   Thumb Code    34  usbd_desc.o(i.USBD_FS_InterfaceStrDescriptor)
    USBD_FS_LangIDStrDescriptor              0x080054cd   Thumb Code    10  usbd_desc.o(i.USBD_FS_LangIDStrDescriptor)
    USBD_FS_ManufacturerStrDescriptor        0x080054dd   Thumb Code    20  usbd_desc.o(i.USBD_FS_ManufacturerStrDescriptor)
    USBD_FS_ProductStrDescriptor             0x08005509   Thumb Code    34  usbd_desc.o(i.USBD_FS_ProductStrDescriptor)
    USBD_FS_SerialStrDescriptor              0x08005549   Thumb Code    18  usbd_desc.o(i.USBD_FS_SerialStrDescriptor)
    USBD_GetString                           0x08005719   Thumb Code    68  usbd_ctlreq.o(i.USBD_GetString)
    USBD_Get_USB_Status                      0x0800575d   Thumb Code    44  usbd_conf.o(i.USBD_Get_USB_Status)
    USBD_Init                                0x08005789   Thumb Code    44  usbd_core.o(i.USBD_Init)
    USBD_LL_ClearStallEP                     0x080057b5   Thumb Code    38  usbd_conf.o(i.USBD_LL_ClearStallEP)
    USBD_LL_CloseEP                          0x080057db   Thumb Code    38  usbd_conf.o(i.USBD_LL_CloseEP)
    USBD_LL_DataInStage                      0x08005801   Thumb Code   214  usbd_core.o(i.USBD_LL_DataInStage)
    USBD_LL_DataOutStage                     0x080058d7   Thumb Code   138  usbd_core.o(i.USBD_LL_DataOutStage)
    USBD_LL_DevConnected                     0x08005961   Thumb Code     4  usbd_core.o(i.USBD_LL_DevConnected)
    USBD_LL_DevDisconnected                  0x08005965   Thumb Code    22  usbd_core.o(i.USBD_LL_DevDisconnected)
    USBD_LL_GetRxDataSize                    0x0800597b   Thumb Code    18  usbd_conf.o(i.USBD_LL_GetRxDataSize)
    USBD_LL_Init                             0x0800598d   Thumb Code   100  usbd_conf.o(i.USBD_LL_Init)
    USBD_LL_IsStallEP                        0x080059f5   Thumb Code    56  usbd_conf.o(i.USBD_LL_IsStallEP)
    USBD_LL_IsoINIncomplete                  0x08005a2d   Thumb Code     4  usbd_core.o(i.USBD_LL_IsoINIncomplete)
    USBD_LL_IsoOUTIncomplete                 0x08005a31   Thumb Code     4  usbd_core.o(i.USBD_LL_IsoOUTIncomplete)
    USBD_LL_OpenEP                           0x08005a35   Thumb Code    48  usbd_conf.o(i.USBD_LL_OpenEP)
    USBD_LL_PrepareReceive                   0x08005a65   Thumb Code    48  usbd_conf.o(i.USBD_LL_PrepareReceive)
    USBD_LL_Reset                            0x08005a95   Thumb Code    82  usbd_core.o(i.USBD_LL_Reset)
    USBD_LL_Resume                           0x08005ae7   Thumb Code    12  usbd_core.o(i.USBD_LL_Resume)
    USBD_LL_SOF                              0x08005af3   Thumb Code    24  usbd_core.o(i.USBD_LL_SOF)
    USBD_LL_SetSpeed                         0x08005b0b   Thumb Code     6  usbd_core.o(i.USBD_LL_SetSpeed)
    USBD_LL_SetUSBAddress                    0x08005b11   Thumb Code    38  usbd_conf.o(i.USBD_LL_SetUSBAddress)
    USBD_LL_SetupStage                       0x08005b37   Thumb Code    94  usbd_core.o(i.USBD_LL_SetupStage)
    USBD_LL_StallEP                          0x08005b95   Thumb Code    38  usbd_conf.o(i.USBD_LL_StallEP)
    USBD_LL_Start                            0x08005bbb   Thumb Code    30  usbd_conf.o(i.USBD_LL_Start)
    USBD_LL_Suspend                          0x08005bd9   Thumb Code    18  usbd_core.o(i.USBD_LL_Suspend)
    USBD_LL_Transmit                         0x08005beb   Thumb Code    48  usbd_conf.o(i.USBD_LL_Transmit)
    USBD_ParseSetupRequest                   0x08005c1b   Thumb Code    40  usbd_ctlreq.o(i.USBD_ParseSetupRequest)
    USBD_RegisterClass                       0x08005c43   Thumb Code    18  usbd_core.o(i.USBD_RegisterClass)
    USBD_RunTestMode                         0x08005c55   Thumb Code     4  usbd_core.o(i.USBD_RunTestMode)
    USBD_SetClassConfig                      0x08005cb1   Thumb Code    24  usbd_core.o(i.USBD_SetClassConfig)
    USBD_Start                               0x08005da5   Thumb Code    10  usbd_core.o(i.USBD_Start)
    USBD_StdDevReq                           0x08005daf   Thumb Code   128  usbd_ctlreq.o(i.USBD_StdDevReq)
    USBD_StdEPReq                            0x08005e2f   Thumb Code   496  usbd_ctlreq.o(i.USBD_StdEPReq)
    USBD_StdItfReq                           0x0800601f   Thumb Code   106  usbd_ctlreq.o(i.USBD_StdItfReq)
    USB_ActivateEndpoint                     0x08006089   Thumb Code   150  stm32f4xx_ll_usb.o(i.USB_ActivateEndpoint)
    USB_ActivateSetup                        0x08006125   Thumb Code    52  stm32f4xx_ll_usb.o(i.USB_ActivateSetup)
    USB_CoreInit                             0x08006159   Thumb Code   126  stm32f4xx_ll_usb.o(i.USB_CoreInit)
    USB_DeactivateEndpoint                   0x08006215   Thumb Code   134  stm32f4xx_ll_usb.o(i.USB_DeactivateEndpoint)
    USB_DevConnect                           0x080062a5   Thumb Code    24  stm32f4xx_ll_usb.o(i.USB_DevConnect)
    USB_DevDisconnect                        0x080062bd   Thumb Code    24  stm32f4xx_ll_usb.o(i.USB_DevDisconnect)
    USB_DevInit                              0x080062d5   Thumb Code   388  stm32f4xx_ll_usb.o(i.USB_DevInit)
    USB_DisableGlobalInt                     0x08006461   Thumb Code    12  stm32f4xx_ll_usb.o(i.USB_DisableGlobalInt)
    USB_EP0StartXfer                         0x0800646d   Thumb Code   298  stm32f4xx_ll_usb.o(i.USB_EP0StartXfer)
    USB_EP0_OutStart                         0x08006599   Thumb Code    90  stm32f4xx_ll_usb.o(i.USB_EP0_OutStart)
    USB_EPClearStall                         0x080065f9   Thumb Code    88  stm32f4xx_ll_usb.o(i.USB_EPClearStall)
    USB_EPSetStall                           0x08006651   Thumb Code    94  stm32f4xx_ll_usb.o(i.USB_EPSetStall)
    USB_EPStartXfer                          0x080066af   Thumb Code   552  stm32f4xx_ll_usb.o(i.USB_EPStartXfer)
    USB_EnableGlobalInt                      0x080068d7   Thumb Code    12  stm32f4xx_ll_usb.o(i.USB_EnableGlobalInt)
    USB_FlushRxFifo                          0x080068e5   Thumb Code    30  stm32f4xx_ll_usb.o(i.USB_FlushRxFifo)
    USB_FlushTxFifo                          0x08006909   Thumb Code    34  stm32f4xx_ll_usb.o(i.USB_FlushTxFifo)
    USB_GetDevSpeed                          0x08006931   Thumb Code    32  stm32f4xx_ll_usb.o(i.USB_GetDevSpeed)
    USB_GetMode                              0x08006951   Thumb Code     8  stm32f4xx_ll_usb.o(i.USB_GetMode)
    USB_ReadDevAllInEpInterrupt              0x08006959   Thumb Code    14  stm32f4xx_ll_usb.o(i.USB_ReadDevAllInEpInterrupt)
    USB_ReadDevAllOutEpInterrupt             0x08006967   Thumb Code    14  stm32f4xx_ll_usb.o(i.USB_ReadDevAllOutEpInterrupt)
    USB_ReadDevInEPInterrupt                 0x08006975   Thumb Code    36  stm32f4xx_ll_usb.o(i.USB_ReadDevInEPInterrupt)
    USB_ReadDevOutEPInterrupt                0x08006999   Thumb Code    16  stm32f4xx_ll_usb.o(i.USB_ReadDevOutEPInterrupt)
    USB_ReadInterrupts                       0x080069a9   Thumb Code     8  stm32f4xx_ll_usb.o(i.USB_ReadInterrupts)
    USB_ReadPacket                           0x080069b1   Thumb Code    36  stm32f4xx_ll_usb.o(i.USB_ReadPacket)
    USB_SetCurrentMode                       0x080069d5   Thumb Code    48  stm32f4xx_ll_usb.o(i.USB_SetCurrentMode)
    USB_SetDevAddress                        0x08006a05   Thumb Code    34  stm32f4xx_ll_usb.o(i.USB_SetDevAddress)
    USB_SetDevSpeed                          0x08006a27   Thumb Code    14  stm32f4xx_ll_usb.o(i.USB_SetDevSpeed)
    USB_SetTurnaroundTime                    0x08006a35   Thumb Code   182  stm32f4xx_ll_usb.o(i.USB_SetTurnaroundTime)
    USB_WritePacket                          0x08006b29   Thumb Code    48  stm32f4xx_ll_usb.o(i.USB_WritePacket)
    UsageFault_Handler                       0x08006b59   Thumb Code     4  stm32f4xx_it.o(i.UsageFault_Handler)
    __ARM_fpclassify                         0x08006b5d   Thumb Code    48  fpclassify.o(i.__ARM_fpclassify)
    __ARM_fpclassifyf                        0x08006b8d   Thumb Code    38  fpclassifyf.o(i.__ARM_fpclassifyf)
    __hardfp_expf                            0x08006bb5   Thumb Code   426  expf.o(i.__hardfp_expf)
    __mathlib_expf                           0x08006bb5   Thumb Code     0  expf.o(i.__hardfp_expf)
    __hardfp_tanhf                           0x08006d9d   Thumb Code   208  tanhf.o(i.__hardfp_tanhf)
    __mathlib_flt_infnan                     0x08006e81   Thumb Code     6  funder.o(i.__mathlib_flt_infnan)
    __mathlib_flt_overflow                   0x08006e89   Thumb Code    10  funder.o(i.__mathlib_flt_overflow)
    __mathlib_flt_underflow                  0x08006e99   Thumb Code    10  funder.o(i.__mathlib_flt_underflow)
    _is_digit                                0x08006ea9   Thumb Code    14  __printf_wp.o(i._is_digit)
    abs_limit                                0x08006eb7   Thumb Code    46  motor_pid.o(i.abs_limit)
    can_filter_init                          0x08006ee5   Thumb Code    84  bsp_can.o(i.can_filter_init)
    control_step                             0x08006f41   Thumb Code   184  main.o(i.control_step)
    get_total_angle                          0x08007015   Thumb Code    98  can_receive.o(i.get_total_angle)
    main                                     0x08007079   Thumb Code   348  main.o(i.main)
    speed_pi_update                          0x08007305   Thumb Code   536  motor_pid.o(i.speed_pi_update)
    usb_printf                               0x08007521   Thumb Code    46  usbd_cdc_if.o(i.usb_printf)
    wrap_deg                                 0x08007559   Thumb Code    58  main.o(i.wrap_deg)
    _get_lc_numeric                          0x080075a1   Thumb Code    44  lc_numeric_c.o(locale$$code)
    _get_lc_ctype                            0x080075cd   Thumb Code    44  lc_ctype_c.o(locale$$code)
    __fpl_dretinf                            0x080075f9   Thumb Code    12  dretinf.o(x$fpl$dretinf)
    __aeabi_f2d                              0x08007605   Thumb Code     0  f2d.o(x$fpl$f2d)
    _f2d                                     0x08007605   Thumb Code    86  f2d.o(x$fpl$f2d)
    __fpl_fnaninf                            0x0800765b   Thumb Code   140  fnaninf.o(x$fpl$fnaninf)
    _fp_init                                 0x080076e7   Thumb Code    10  fpinit.o(x$fpl$fpinit)
    __fplib_config_fpu_vfp                   0x080076ef   Thumb Code     0  fpinit.o(x$fpl$fpinit)
    __fplib_config_pureend_doubles           0x080076ef   Thumb Code     0  fpinit.o(x$fpl$fpinit)
    _printf_fp_dec                           0x080076f1   Thumb Code     4  printf1.o(x$fpl$printf1)
    _printf_fp_hex                           0x080076f5   Thumb Code     4  printf2.o(x$fpl$printf2)
    AHBPrescTable                            0x080076f8   Data          16  system_stm32f4xx.o(.constdata)
    __I$use$fp                               0x080076f8   Number         0  usenofp.o(x$fpl$usenofp)
    APBPrescTable                            0x08007708   Data           8  system_stm32f4xx.o(.constdata)
    Region$$Table$$Base                      0x080078a0   Number         0  anon$$obj.o(Region$$Table)
    Region$$Table$$Limit                     0x080078c0   Number         0  anon$$obj.o(Region$$Table)
    __ctype                                  0x080078e9   Data           0  lc_ctype_c.o(locale$$data)
    angle                                    0x20000000   Data           4  main.o(.data)
    radian                                   0x20000004   Data           4  main.o(.data)
    last_radian                              0x20000008   Data           4  main.o(.data)
    varepsilon                               0x2000000c   Data           4  main.o(.data)
    encoder                                  0x20000010   Data           4  main.o(.data)
    k_vel                                    0x20000014   Data           4  main.o(.data)
    psi_rad                                  0x20000018   Data           4  main.o(.data)
    omega_ref                                0x2000001c   Data           4  main.o(.data)
    omega_fdb                                0x20000020   Data           4  main.o(.data)
    I_cmd_f                                  0x20000024   Data           4  main.o(.data)
    hcrc                                     0x2000002c   Data           8  crc.o(.data)
    FS_Desc                                  0x20000034   Data          28  usbd_desc.o(.data)
    USBD_FS_DeviceDesc                       0x20000050   Data          18  usbd_desc.o(.data)
    USBD_LangIDDesc                          0x20000064   Data           4  usbd_desc.o(.data)
    USBD_StringSerial                        0x20000068   Data          26  usbd_desc.o(.data)
    set_vel                                  0x20000084   Data           2  usbd_cdc_if.o(.data)
    set_a                                    0x20000088   Data           4  usbd_cdc_if.o(.data)
    set_encoder                              0x2000008c   Data           4  usbd_cdc_if.o(.data)
    set_varepsilon                           0x20000090   Data           4  usbd_cdc_if.o(.data)
    send_flag                                0x20000094   Data           1  usbd_cdc_if.o(.data)
    pos_flag                                 0x20000095   Data           1  usbd_cdc_if.o(.data)
    vel_flag                                 0x20000096   Data           1  usbd_cdc_if.o(.data)
    USBD_Interface_fops_FS                   0x20000098   Data          16  usbd_cdc_if.o(.data)
    SystemCoreClock                          0x200000ac   Data           4  system_stm32f4xx.o(.data)
    varNum                                   0x200000c1   Data           1  debug.o(.data)
    delta_err                                0x200000c4   Data           4  motor_pid.o(.data)
    motor_angle                              0x200000c8   Data           4  motor_pid.o(.data)
    uwTickFreq                               0x200000cc   Data           1  stm32f4xx_hal.o(.data)
    uwTickPrio                               0x200000d0   Data           4  stm32f4xx_hal.o(.data)
    uwTick                                   0x200000d4   Data           4  stm32f4xx_hal.o(.data)
    USBD_CDC_CfgHSDesc                       0x200000e8   Data          67  usbd_cdc.o(.data)
    USBD_CDC_CfgFSDesc                       0x2000012c   Data          67  usbd_cdc.o(.data)
    USBD_CDC_OtherSpeedCfgDesc               0x20000170   Data          67  usbd_cdc.o(.data)
    USBD_CDC                                 0x200001b4   Data          56  usbd_cdc.o(.data)
    pid_speed                                0x200001ec   Data         108  main.o(.bss)
    hcan1                                    0x20000258   Data          40  can.o(.bss)
    hcan2                                    0x20000280   Data          40  can.o(.bss)
    htim1                                    0x200002a8   Data          64  tim.o(.bss)
    htim4                                    0x200002e8   Data          64  tim.o(.bss)
    hUsbDeviceFS                             0x20000328   Data         668  usb_device.o(.bss)
    hpcd_USB_OTG_FS                          0x200005c4   Data        1032  usbd_conf.o(.bss)
    USBD_StrDesc                             0x200009cc   Data         512  usbd_desc.o(.bss)
    usb_buf                                  0x20000bcc   Data         256  usbd_cdc_if.o(.bss)
    UserRxBufferFS                           0x20000ccc   Data        2048  usbd_cdc_if.o(.bss)
    UserTxBufferFS                           0x200014cc   Data        2048  usbd_cdc_if.o(.bss)
    motor_chassis                            0x20001ccc   Data         112  can_receive.o(.bss)
    varList                                  0x20001d6c   Data         240  debug.o(.bss)
    __libspace_start                         0x20001e70   Data          96  libspace.o(.bss)
    __temporary_stack_top$libspace           0x20001ed0   Data           0  libspace.o(.bss)



==============================================================================

Memory Map of the image

  Image Entry point : 0x08000189

  Load Region LR_IROM1 (Base: 0x08000000, Size: 0x00007bd8, Max: 0x00100000, ABSOLUTE, COMPRESSED[0x00007ab8])

    Execution Region ER_IROM1 (Exec base: 0x08000000, Load base: 0x08000000, Size: 0x000079ec, Max: 0x00100000, ABSOLUTE)

    Exec Addr    Load Addr    Size         Type   Attr      Idx    E Section Name        Object

    0x08000000   0x08000000   0x00000188   Data   RO            3    RESET               startup_stm32f407xx.o
    0x08000188   0x08000188   0x00000008   Code   RO         4851  * !!!main             c_w.l(__main.o)
    0x08000190   0x08000190   0x00000034   Code   RO         5307    !!!scatter          c_w.l(__scatter.o)
    0x080001c4   0x080001c4   0x0000005a   Code   RO         5305    !!dczerorl2         c_w.l(__dczerorl2.o)
    0x0800021e   0x0800021e   0x00000002   PAD
    0x08000220   0x08000220   0x0000001c   Code   RO         5309    !!handler_zi        c_w.l(__scatter_zi.o)
    0x0800023c   0x0800023c   0x00000000   Code   RO         4996    .ARM.Collect$$_printf_percent$$00000000  c_w.l(_printf_percent.o)
    0x0800023c   0x0800023c   0x00000006   Code   RO         4985    .ARM.Collect$$_printf_percent$$00000001  c_w.l(_printf_n.o)
    0x08000242   0x08000242   0x00000006   Code   RO         4987    .ARM.Collect$$_printf_percent$$00000002  c_w.l(_printf_p.o)
    0x08000248   0x08000248   0x00000006   Code   RO         4992    .ARM.Collect$$_printf_percent$$00000003  c_w.l(_printf_f.o)
    0x0800024e   0x0800024e   0x00000006   Code   RO         4993    .ARM.Collect$$_printf_percent$$00000004  c_w.l(_printf_e.o)
    0x08000254   0x08000254   0x00000006   Code   RO         4994    .ARM.Collect$$_printf_percent$$00000005  c_w.l(_printf_g.o)
    0x0800025a   0x0800025a   0x00000006   Code   RO         4995    .ARM.Collect$$_printf_percent$$00000006  c_w.l(_printf_a.o)
    0x08000260   0x08000260   0x0000000a   Code   RO         5000    .ARM.Collect$$_printf_percent$$00000007  c_w.l(_printf_ll.o)
    0x0800026a   0x0800026a   0x00000006   Code   RO         4989    .ARM.Collect$$_printf_percent$$00000008  c_w.l(_printf_i.o)
    0x08000270   0x08000270   0x00000006   Code   RO         4990    .ARM.Collect$$_printf_percent$$00000009  c_w.l(_printf_d.o)
    0x08000276   0x08000276   0x00000006   Code   RO         4991    .ARM.Collect$$_printf_percent$$0000000A  c_w.l(_printf_u.o)
    0x0800027c   0x0800027c   0x00000006   Code   RO         4988    .ARM.Collect$$_printf_percent$$0000000B  c_w.l(_printf_o.o)
    0x08000282   0x08000282   0x00000006   Code   RO         4986    .ARM.Collect$$_printf_percent$$0000000C  c_w.l(_printf_x.o)
    0x08000288   0x08000288   0x00000006   Code   RO         4997    .ARM.Collect$$_printf_percent$$0000000D  c_w.l(_printf_lli.o)
    0x0800028e   0x0800028e   0x00000006   Code   RO         4998    .ARM.Collect$$_printf_percent$$0000000E  c_w.l(_printf_lld.o)
    0x08000294   0x08000294   0x00000006   Code   RO         4999    .ARM.Collect$$_printf_percent$$0000000F  c_w.l(_printf_llu.o)
    0x0800029a   0x0800029a   0x00000006   Code   RO         5004    .ARM.Collect$$_printf_percent$$00000010  c_w.l(_printf_llo.o)
    0x080002a0   0x080002a0   0x00000006   Code   RO         5005    .ARM.Collect$$_printf_percent$$00000011  c_w.l(_printf_llx.o)
    0x080002a6   0x080002a6   0x0000000a   Code   RO         5001    .ARM.Collect$$_printf_percent$$00000012  c_w.l(_printf_l.o)
    0x080002b0   0x080002b0   0x00000006   Code   RO         4983    .ARM.Collect$$_printf_percent$$00000013  c_w.l(_printf_c.o)
    0x080002b6   0x080002b6   0x00000006   Code   RO         4984    .ARM.Collect$$_printf_percent$$00000014  c_w.l(_printf_s.o)
    0x080002bc   0x080002bc   0x00000006   Code   RO         5002    .ARM.Collect$$_printf_percent$$00000015  c_w.l(_printf_lc.o)
    0x080002c2   0x080002c2   0x00000006   Code   RO         5003    .ARM.Collect$$_printf_percent$$00000016  c_w.l(_printf_ls.o)
    0x080002c8   0x080002c8   0x00000004   Code   RO         5149    .ARM.Collect$$_printf_percent$$00000017  c_w.l(_printf_percent_end.o)
    0x080002cc   0x080002cc   0x00000002   Code   RO         5237    .ARM.Collect$$libinit$$00000000  c_w.l(libinit.o)
    0x080002ce   0x080002ce   0x00000004   Code   RO         5008    .ARM.Collect$$libinit$$00000001  c_w.l(libinit2.o)
    0x080002d2   0x080002d2   0x00000000   Code   RO         5011    .ARM.Collect$$libinit$$00000004  c_w.l(libinit2.o)
    0x080002d2   0x080002d2   0x00000008   Code   RO         5012    .ARM.Collect$$libinit$$00000005  c_w.l(libinit2.o)
    0x080002da   0x080002da   0x00000000   Code   RO         5014    .ARM.Collect$$libinit$$0000000A  c_w.l(libinit2.o)
    0x080002da   0x080002da   0x00000000   Code   RO         5016    .ARM.Collect$$libinit$$0000000C  c_w.l(libinit2.o)
    0x080002da   0x080002da   0x00000000   Code   RO         5018    .ARM.Collect$$libinit$$0000000E  c_w.l(libinit2.o)
    0x080002da   0x080002da   0x00000006   Code   RO         5019    .ARM.Collect$$libinit$$0000000F  c_w.l(libinit2.o)
    0x080002e0   0x080002e0   0x00000000   Code   RO         5021    .ARM.Collect$$libinit$$00000011  c_w.l(libinit2.o)
    0x080002e0   0x080002e0   0x0000000c   Code   RO         5022    .ARM.Collect$$libinit$$00000012  c_w.l(libinit2.o)
    0x080002ec   0x080002ec   0x00000000   Code   RO         5023    .ARM.Collect$$libinit$$00000013  c_w.l(libinit2.o)
    0x080002ec   0x080002ec   0x00000000   Code   RO         5025    .ARM.Collect$$libinit$$00000015  c_w.l(libinit2.o)
    0x080002ec   0x080002ec   0x0000000a   Code   RO         5026    .ARM.Collect$$libinit$$00000016  c_w.l(libinit2.o)
    0x080002f6   0x080002f6   0x00000000   Code   RO         5027    .ARM.Collect$$libinit$$00000017  c_w.l(libinit2.o)
    0x080002f6   0x080002f6   0x00000000   Code   RO         5029    .ARM.Collect$$libinit$$00000019  c_w.l(libinit2.o)
    0x080002f6   0x080002f6   0x00000000   Code   RO         5031    .ARM.Collect$$libinit$$0000001B  c_w.l(libinit2.o)
    0x080002f6   0x080002f6   0x00000000   Code   RO         5033    .ARM.Collect$$libinit$$0000001D  c_w.l(libinit2.o)
    0x080002f6   0x080002f6   0x00000000   Code   RO         5035    .ARM.Collect$$libinit$$0000001F  c_w.l(libinit2.o)
    0x080002f6   0x080002f6   0x00000000   Code   RO         5037    .ARM.Collect$$libinit$$00000021  c_w.l(libinit2.o)
    0x080002f6   0x080002f6   0x00000000   Code   RO         5039    .ARM.Collect$$libinit$$00000023  c_w.l(libinit2.o)
    0x080002f6   0x080002f6   0x00000000   Code   RO         5041    .ARM.Collect$$libinit$$00000025  c_w.l(libinit2.o)
    0x080002f6   0x080002f6   0x00000000   Code   RO         5045    .ARM.Collect$$libinit$$0000002C  c_w.l(libinit2.o)
    0x080002f6   0x080002f6   0x00000000   Code   RO         5047    .ARM.Collect$$libinit$$0000002E  c_w.l(libinit2.o)
    0x080002f6   0x080002f6   0x00000000   Code   RO         5049    .ARM.Collect$$libinit$$00000030  c_w.l(libinit2.o)
    0x080002f6   0x080002f6   0x00000000   Code   RO         5051    .ARM.Collect$$libinit$$00000032  c_w.l(libinit2.o)
    0x080002f6   0x080002f6   0x00000002   Code   RO         5052    .ARM.Collect$$libinit$$00000033  c_w.l(libinit2.o)
    0x080002f8   0x080002f8   0x00000002   Code   RO         5302    .ARM.Collect$$libshutdown$$00000000  c_w.l(libshutdown.o)
    0x080002fa   0x080002fa   0x00000000   Code   RO         5260    .ARM.Collect$$libshutdown$$00000002  c_w.l(libshutdown2.o)
    0x080002fa   0x080002fa   0x00000000   Code   RO         5262    .ARM.Collect$$libshutdown$$00000004  c_w.l(libshutdown2.o)
    0x080002fa   0x080002fa   0x00000000   Code   RO         5265    .ARM.Collect$$libshutdown$$00000007  c_w.l(libshutdown2.o)
    0x080002fa   0x080002fa   0x00000000   Code   RO         5268    .ARM.Collect$$libshutdown$$0000000A  c_w.l(libshutdown2.o)
    0x080002fa   0x080002fa   0x00000000   Code   RO         5270    .ARM.Collect$$libshutdown$$0000000C  c_w.l(libshutdown2.o)
    0x080002fa   0x080002fa   0x00000000   Code   RO         5273    .ARM.Collect$$libshutdown$$0000000F  c_w.l(libshutdown2.o)
    0x080002fa   0x080002fa   0x00000002   Code   RO         5274    .ARM.Collect$$libshutdown$$00000010  c_w.l(libshutdown2.o)
    0x080002fc   0x080002fc   0x00000000   Code   RO         4885    .ARM.Collect$$rtentry$$00000000  c_w.l(__rtentry.o)
    0x080002fc   0x080002fc   0x00000000   Code   RO         5108    .ARM.Collect$$rtentry$$00000002  c_w.l(__rtentry2.o)
    0x080002fc   0x080002fc   0x00000006   Code   RO         5120    .ARM.Collect$$rtentry$$00000004  c_w.l(__rtentry4.o)
    0x08000302   0x08000302   0x00000000   Code   RO         5110    .ARM.Collect$$rtentry$$00000009  c_w.l(__rtentry2.o)
    0x08000302   0x08000302   0x00000004   Code   RO         5111    .ARM.Collect$$rtentry$$0000000A  c_w.l(__rtentry2.o)
    0x08000306   0x08000306   0x00000000   Code   RO         5113    .ARM.Collect$$rtentry$$0000000C  c_w.l(__rtentry2.o)
    0x08000306   0x08000306   0x00000008   Code   RO         5114    .ARM.Collect$$rtentry$$0000000D  c_w.l(__rtentry2.o)
    0x0800030e   0x0800030e   0x00000002   Code   RO         5242    .ARM.Collect$$rtexit$$00000000  c_w.l(rtexit.o)
    0x08000310   0x08000310   0x00000000   Code   RO         5278    .ARM.Collect$$rtexit$$00000002  c_w.l(rtexit2.o)
    0x08000310   0x08000310   0x00000004   Code   RO         5279    .ARM.Collect$$rtexit$$00000003  c_w.l(rtexit2.o)
    0x08000314   0x08000314   0x00000006   Code   RO         5280    .ARM.Collect$$rtexit$$00000004  c_w.l(rtexit2.o)
    0x0800031a   0x0800031a   0x00000002   PAD
    0x0800031c   0x0800031c   0x00000000   Code   RO         5126    .emb_text           c_w.l(maybetermalloc1.o)
    0x0800031c   0x0800031c   0x00000040   Code   RO            4    .text               startup_stm32f407xx.o
    0x0800035c   0x0800035c   0x0000005e   Code   RO         4779    .text               c_w.l(h1_alloc.o)
    0x080003ba   0x080003ba   0x0000004e   Code   RO         4781    .text               c_w.l(h1_free.o)
    0x08000408   0x08000408   0x000000ee   Code   RO         4837    .text               c_w.l(lludivv7m.o)
    0x080004f6   0x080004f6   0x00000002   PAD
    0x080004f8   0x080004f8   0x00000024   Code   RO         4839    .text               c_w.l(vsprintf.o)
    0x0800051c   0x0800051c   0x0000003e   Code   RO         4841    .text               c_w.l(strlen.o)
    0x0800055a   0x0800055a   0x0000008a   Code   RO         4843    .text               c_w.l(rt_memcpy_v6.o)
    0x080005e4   0x080005e4   0x00000064   Code   RO         4845    .text               c_w.l(rt_memcpy_w.o)
    0x08000648   0x08000648   0x0000004e   Code   RO         4847    .text               c_w.l(rt_memclr_w.o)
    0x08000696   0x08000696   0x00000006   Code   RO         4849    .text               c_w.l(heapauxi.o)
    0x0800069c   0x0800069c   0x00000008   Code   RO         4893    .text               c_w.l(rt_heap_descriptor_intlibspace.o)
    0x080006a4   0x080006a4   0x00000004   Code   RO         4895    .text               c_w.l(hguard.o)
    0x080006a8   0x080006a8   0x0000008a   Code   RO         4897    .text               c_w.l(init_alloc.o)
    0x08000732   0x08000732   0x0000000e   Code   RO         4901    .text               c_w.l(h1_init.o)
    0x08000740   0x08000740   0x0000004e   Code   RO         4917    .text               c_w.l(_printf_pad.o)
    0x0800078e   0x0800078e   0x00000024   Code   RO         4919    .text               c_w.l(_printf_truncate.o)
    0x080007b2   0x080007b2   0x00000052   Code   RO         4921    .text               c_w.l(_printf_str.o)
    0x08000804   0x08000804   0x00000078   Code   RO         4923    .text               c_w.l(_printf_dec.o)
    0x0800087c   0x0800087c   0x00000028   Code   RO         4925    .text               c_w.l(_printf_charcount.o)
    0x080008a4   0x080008a4   0x00000030   Code   RO         4927    .text               c_w.l(_printf_char_common.o)
    0x080008d4   0x080008d4   0x0000000a   Code   RO         4929    .text               c_w.l(_sputc.o)
    0x080008de   0x080008de   0x00000002   PAD
    0x080008e0   0x080008e0   0x000000bc   Code   RO         4931    .text               c_w.l(_printf_wctomb.o)
    0x0800099c   0x0800099c   0x0000007c   Code   RO         4934    .text               c_w.l(_printf_longlong_dec.o)
    0x08000a18   0x08000a18   0x00000070   Code   RO         4940    .text               c_w.l(_printf_oct_int_ll.o)
    0x08000a88   0x08000a88   0x00000094   Code   RO         4960    .text               c_w.l(_printf_hex_int_ll_ptr.o)
    0x08000b1c   0x08000b1c   0x00000188   Code   RO         4980    .text               c_w.l(__printf_flags_ss_wp.o)
    0x08000ca4   0x08000ca4   0x00000008   Code   RO         5104    .text               c_w.l(libspace.o)
    0x08000cac   0x08000cac   0x00000034   Code   RO         5128    .text               c_w.l(h1_extend.o)
    0x08000ce0   0x08000ce0   0x0000008a   Code   RO         5132    .text               c_w.l(lludiv10.o)
    0x08000d6a   0x08000d6a   0x00000016   Code   RO         5134    .text               c_w.l(_rserrno.o)
    0x08000d80   0x08000d80   0x000000b2   Code   RO         5136    .text               c_w.l(_printf_intcommon.o)
    0x08000e32   0x08000e32   0x0000041e   Code   RO         5138    .text               c_w.l(_printf_fp_dec.o)
    0x08001250   0x08001250   0x000002fc   Code   RO         5140    .text               c_w.l(_printf_fp_hex.o)
    0x0800154c   0x0800154c   0x0000002c   Code   RO         5145    .text               c_w.l(_printf_char.o)
    0x08001578   0x08001578   0x0000002c   Code   RO         5147    .text               c_w.l(_printf_wchar.o)
    0x080015a4   0x080015a4   0x00000040   Code   RO         5150    .text               c_w.l(_wcrtomb.o)
    0x080015e4   0x080015e4   0x0000000e   Code   RO         5152    .text               c_w.l(defsig_rtmem_outer.o)
    0x080015f2   0x080015f2   0x00000002   Code   RO         5167    .text               c_w.l(use_no_semi.o)
    0x080015f4   0x080015f4   0x00000000   Code   RO         5169    .text               c_w.l(indicate_semi.o)
    0x080015f4   0x080015f4   0x0000004a   Code   RO         5170    .text               c_w.l(sys_stackheap_outer.o)
    0x0800163e   0x0800163e   0x00000002   PAD
    0x08001640   0x08001640   0x00000010   Code   RO         5172    .text               c_w.l(rt_ctype_table.o)
    0x08001650   0x08001650   0x00000008   Code   RO         5179    .text               c_w.l(rt_locale_intlibspace.o)
    0x08001658   0x08001658   0x00000008   Code   RO         5184    .text               c_w.l(rt_errno_addr_intlibspace.o)
    0x08001660   0x08001660   0x00000080   Code   RO         5188    .text               c_w.l(_printf_fp_infnan.o)
    0x080016e0   0x080016e0   0x000000e4   Code   RO         5190    .text               c_w.l(bigflt0.o)
    0x080017c4   0x080017c4   0x00000012   Code   RO         5218    .text               c_w.l(exit.o)
    0x080017d6   0x080017d6   0x0000000a   Code   RO         5220    .text               c_w.l(defsig_exit.o)
    0x080017e0   0x080017e0   0x00000050   Code   RO         5226    .text               c_w.l(defsig_rtmem_inner.o)
    0x08001830   0x08001830   0x0000000c   Code   RO         5240    .text               c_w.l(sys_exit.o)
    0x0800183c   0x0800183c   0x00000032   Code   RO         5253    .text               c_w.l(defsig_general.o)
    0x0800186e   0x0800186e   0x00000002   PAD
    0x08001870   0x08001870   0x00000080   Code   RO         5257    .text               c_w.l(strcmpv7m.o)
    0x080018f0   0x080018f0   0x0000000e   Code   RO         5275    .text               c_w.l(sys_wrch.o)
    0x080018fe   0x080018fe   0x0000003e   Code   RO         5193    CL$$btod_d2e        c_w.l(btod.o)
    0x0800193c   0x0800193c   0x00000046   Code   RO         5195    CL$$btod_d2e_denorm_low  c_w.l(btod.o)
    0x08001982   0x08001982   0x00000060   Code   RO         5194    CL$$btod_d2e_norm_op1  c_w.l(btod.o)
    0x080019e2   0x080019e2   0x00000338   Code   RO         5203    CL$$btod_div_common  c_w.l(btod.o)
    0x08001d1a   0x08001d1a   0x000000dc   Code   RO         5200    CL$$btod_e2e        c_w.l(btod.o)
    0x08001df6   0x08001df6   0x0000002a   Code   RO         5197    CL$$btod_ediv       c_w.l(btod.o)
    0x08001e20   0x08001e20   0x0000002a   Code   RO         5196    CL$$btod_emul       c_w.l(btod.o)
    0x08001e4a   0x08001e4a   0x00000244   Code   RO         5202    CL$$btod_mult_common  c_w.l(btod.o)
    0x0800208e   0x0800208e   0x00000004   Code   RO          865    i.BusFault_Handler  stm32f4xx_it.o
    0x08002092   0x08002092   0x00000002   PAD
    0x08002094   0x08002094   0x00000010   Code   RO          866    i.CAN1_RX0_IRQHandler  stm32f4xx_it.o
    0x080020a4   0x080020a4   0x00000010   Code   RO          867    i.CAN2_RX0_IRQHandler  stm32f4xx_it.o
    0x080020b4   0x080020b4   0x00000050   Code   RO         1122    i.CAN_cmd_chassis   can_receive.o
    0x08002104   0x08002104   0x00000044   Code   RO          790    i.CDC_Control_FS    usbd_cdc_if.o
    0x08002148   0x08002148   0x00000004   Code   RO          791    i.CDC_DeInit_FS     usbd_cdc_if.o
    0x0800214c   0x0800214c   0x00000024   Code   RO          792    i.CDC_Init_FS       usbd_cdc_if.o
    0x08002170   0x08002170   0x00000028   Code   RO          793    i.CDC_Receive_FS    usbd_cdc_if.o
    0x08002198   0x08002198   0x00000038   Code   RO          794    i.CDC_Transmit_FS   usbd_cdc_if.o
    0x080021d0   0x080021d0   0x0000014c   Code   RO          795    i.CMD_DecodeFrame   usbd_cdc_if.o
    0x0800231c   0x0800231c   0x00000002   Code   RO          868    i.DebugMon_Handler  stm32f4xx_it.o
    0x0800231e   0x0800231e   0x00000002   PAD
    0x08002320   0x08002320   0x0000013c   Code   RO         1271    i.Debug_DecodeFrame  debug.o
    0x0800245c   0x0800245c   0x00000040   Code   RO         1272    i.Debug_RegisterVar  debug.o
    0x0800249c   0x0800249c   0x00000002   Code   RO           13    i.Error_Handler     main.o
    0x0800249e   0x0800249e   0x00000002   PAD
    0x080024a0   0x080024a0   0x00000034   Code   RO          700    i.Get_SerialNum     usbd_desc.o
    0x080024d4   0x080024d4   0x00000024   Code   RO         3145    i.HAL_CAN_ActivateNotification  stm32f4xx_hal_can.o
    0x080024f8   0x080024f8   0x00000104   Code   RO         3146    i.HAL_CAN_AddTxMessage  stm32f4xx_hal_can.o
    0x080025fc   0x080025fc   0x00000128   Code   RO         3147    i.HAL_CAN_ConfigFilter  stm32f4xx_hal_can.o
    0x08002724   0x08002724   0x00000002   Code   RO         3150    i.HAL_CAN_ErrorCallback  stm32f4xx_hal_can.o
    0x08002726   0x08002726   0x0000016c   Code   RO         3153    i.HAL_CAN_GetRxMessage  stm32f4xx_hal_can.o
    0x08002892   0x08002892   0x00000234   Code   RO         3157    i.HAL_CAN_IRQHandler  stm32f4xx_hal_can.o
    0x08002ac6   0x08002ac6   0x00000168   Code   RO         3158    i.HAL_CAN_Init      stm32f4xx_hal_can.o
    0x08002c2e   0x08002c2e   0x00000002   PAD
    0x08002c30   0x08002c30   0x00000160   Code   RO          307    i.HAL_CAN_MspInit   can.o
    0x08002d90   0x08002d90   0x00000002   Code   RO         3165    i.HAL_CAN_RxFifo0FullCallback  stm32f4xx_hal_can.o
    0x08002d92   0x08002d92   0x00000002   PAD
    0x08002d94   0x08002d94   0x000000d0   Code   RO         1125    i.HAL_CAN_RxFifo0MsgPendingCallback  can_receive.o
    0x08002e64   0x08002e64   0x00000002   Code   RO         3167    i.HAL_CAN_RxFifo1FullCallback  stm32f4xx_hal_can.o
    0x08002e66   0x08002e66   0x00000002   Code   RO         3168    i.HAL_CAN_RxFifo1MsgPendingCallback  stm32f4xx_hal_can.o
    0x08002e68   0x08002e68   0x00000002   Code   RO         3169    i.HAL_CAN_SleepCallback  stm32f4xx_hal_can.o
    0x08002e6a   0x08002e6a   0x00000064   Code   RO         3170    i.HAL_CAN_Start     stm32f4xx_hal_can.o
    0x08002ece   0x08002ece   0x00000002   Code   RO         3172    i.HAL_CAN_TxMailbox0AbortCallback  stm32f4xx_hal_can.o
    0x08002ed0   0x08002ed0   0x00000002   Code   RO         3173    i.HAL_CAN_TxMailbox0CompleteCallback  stm32f4xx_hal_can.o
    0x08002ed2   0x08002ed2   0x00000002   Code   RO         3174    i.HAL_CAN_TxMailbox1AbortCallback  stm32f4xx_hal_can.o
    0x08002ed4   0x08002ed4   0x00000002   Code   RO         3175    i.HAL_CAN_TxMailbox1CompleteCallback  stm32f4xx_hal_can.o
    0x08002ed6   0x08002ed6   0x00000002   Code   RO         3176    i.HAL_CAN_TxMailbox2AbortCallback  stm32f4xx_hal_can.o
    0x08002ed8   0x08002ed8   0x00000002   Code   RO         3177    i.HAL_CAN_TxMailbox2CompleteCallback  stm32f4xx_hal_can.o
    0x08002eda   0x08002eda   0x00000002   Code   RO         3179    i.HAL_CAN_WakeUpFromRxMsgCallback  stm32f4xx_hal_can.o
    0x08002edc   0x08002edc   0x00000028   Code   RO         3382    i.HAL_CRC_Init      stm32f4xx_hal_crc.o
    0x08002f04   0x08002f04   0x00000034   Code   RO          357    i.HAL_CRC_MspInit   crc.o
    0x08002f38   0x08002f38   0x00000028   Code   RO         2896    i.HAL_Delay         stm32f4xx_hal.o
    0x08002f60   0x08002f60   0x0000021c   Code   RO         2375    i.HAL_GPIO_Init     stm32f4xx_hal_gpio.o
    0x0800317c   0x0800317c   0x0000000c   Code   RO         2902    i.HAL_GetTick       stm32f4xx_hal.o
    0x08003188   0x08003188   0x00000010   Code   RO         2908    i.HAL_IncTick       stm32f4xx_hal.o
    0x08003198   0x08003198   0x00000034   Code   RO         2909    i.HAL_Init          stm32f4xx_hal.o
    0x080031cc   0x080031cc   0x00000044   Code   RO         2910    i.HAL_InitTick      stm32f4xx_hal.o
    0x08003210   0x08003210   0x00000048   Code   RO          965    i.HAL_MspInit       stm32f4xx_hal_msp.o
    0x08003258   0x08003258   0x0000001c   Code   RO         2764    i.HAL_NVIC_EnableIRQ  stm32f4xx_hal_cortex.o
    0x08003274   0x08003274   0x00000068   Code   RO         2770    i.HAL_NVIC_SetPriority  stm32f4xx_hal_cortex.o
    0x080032dc   0x080032dc   0x00000024   Code   RO         2771    i.HAL_NVIC_SetPriorityGrouping  stm32f4xx_hal_cortex.o
    0x08003300   0x08003300   0x00000002   Code   RO         1628    i.HAL_PCDEx_LPM_Callback  stm32f4xx_hal_pcd_ex.o
    0x08003302   0x08003302   0x00000008   Code   RO         1629    i.HAL_PCDEx_SetRxFiFo  stm32f4xx_hal_pcd_ex.o
    0x0800330a   0x0800330a   0x0000004a   Code   RO         1630    i.HAL_PCDEx_SetTxFiFo  stm32f4xx_hal_pcd_ex.o
    0x08003354   0x08003354   0x0000000e   Code   RO          501    i.HAL_PCD_ConnectCallback  usbd_conf.o
    0x08003362   0x08003362   0x00000020   Code   RO          502    i.HAL_PCD_DataInStageCallback  usbd_conf.o
    0x08003382   0x08003382   0x00000020   Code   RO          503    i.HAL_PCD_DataOutStageCallback  usbd_conf.o
    0x080033a2   0x080033a2   0x0000000e   Code   RO          504    i.HAL_PCD_DisconnectCallback  usbd_conf.o
    0x080033b0   0x080033b0   0x0000004a   Code   RO         1411    i.HAL_PCD_EP_Close  stm32f4xx_hal_pcd.o
    0x080033fa   0x080033fa   0x0000005c   Code   RO         1412    i.HAL_PCD_EP_ClrStall  stm32f4xx_hal_pcd.o
    0x08003456   0x08003456   0x00000012   Code   RO         1414    i.HAL_PCD_EP_GetRxCount  stm32f4xx_hal_pcd.o
    0x08003468   0x08003468   0x0000005c   Code   RO         1415    i.HAL_PCD_EP_Open   stm32f4xx_hal_pcd.o
    0x080034c4   0x080034c4   0x00000046   Code   RO         1416    i.HAL_PCD_EP_Receive  stm32f4xx_hal_pcd.o
    0x0800350a   0x0800350a   0x00000074   Code   RO         1417    i.HAL_PCD_EP_SetStall  stm32f4xx_hal_pcd.o
    0x0800357e   0x0800357e   0x00000046   Code   RO         1418    i.HAL_PCD_EP_Transmit  stm32f4xx_hal_pcd.o
    0x080035c4   0x080035c4   0x0000042e   Code   RO         1420    i.HAL_PCD_IRQHandler  stm32f4xx_hal_pcd.o
    0x080039f2   0x080039f2   0x00000012   Code   RO          505    i.HAL_PCD_ISOINIncompleteCallback  usbd_conf.o
    0x08003a04   0x08003a04   0x00000012   Code   RO          506    i.HAL_PCD_ISOOUTIncompleteCallback  usbd_conf.o
    0x08003a16   0x08003a16   0x00000140   Code   RO         1423    i.HAL_PCD_Init      stm32f4xx_hal_pcd.o
    0x08003b56   0x08003b56   0x00000002   PAD
    0x08003b58   0x08003b58   0x000000a8   Code   RO          508    i.HAL_PCD_MspInit   usbd_conf.o
    0x08003c00   0x08003c00   0x00000030   Code   RO          509    i.HAL_PCD_ResetCallback  usbd_conf.o
    0x08003c30   0x08003c30   0x0000000e   Code   RO          510    i.HAL_PCD_ResumeCallback  usbd_conf.o
    0x08003c3e   0x08003c3e   0x0000000e   Code   RO          511    i.HAL_PCD_SOFCallback  usbd_conf.o
    0x08003c4c   0x08003c4c   0x00000028   Code   RO         1429    i.HAL_PCD_SetAddress  stm32f4xx_hal_pcd.o
    0x08003c74   0x08003c74   0x00000012   Code   RO          512    i.HAL_PCD_SetupStageCallback  usbd_conf.o
    0x08003c86   0x08003c86   0x00000042   Code   RO         1431    i.HAL_PCD_Start     stm32f4xx_hal_pcd.o
    0x08003cc8   0x08003cc8   0x00000034   Code   RO          513    i.HAL_PCD_SuspendCallback  usbd_conf.o
    0x08003cfc   0x08003cfc   0x00000174   Code   RO         1976    i.HAL_RCC_ClockConfig  stm32f4xx_hal_rcc.o
    0x08003e70   0x08003e70   0x0000000c   Code   RO         1981    i.HAL_RCC_GetHCLKFreq  stm32f4xx_hal_rcc.o
    0x08003e7c   0x08003e7c   0x00000070   Code   RO         1985    i.HAL_RCC_GetSysClockFreq  stm32f4xx_hal_rcc.o
    0x08003eec   0x08003eec   0x00000436   Code   RO         1988    i.HAL_RCC_OscConfig  stm32f4xx_hal_rcc.o
    0x08004322   0x08004322   0x00000002   PAD
    0x08004324   0x08004324   0x00000028   Code   RO         2775    i.HAL_SYSTICK_Config  stm32f4xx_hal_cortex.o
    0x0800434c   0x0800434c   0x00000002   Code   RO         4126    i.HAL_TIMEx_BreakCallback  stm32f4xx_hal_tim_ex.o
    0x0800434e   0x0800434e   0x00000002   Code   RO         4127    i.HAL_TIMEx_CommutCallback  stm32f4xx_hal_tim_ex.o
    0x08004350   0x08004350   0x0000004e   Code   RO         4144    i.HAL_TIMEx_MasterConfigSynchronization  stm32f4xx_hal_tim_ex.o
    0x0800439e   0x0800439e   0x00000038   Code   RO         3440    i.HAL_TIM_Base_Init  stm32f4xx_hal_tim.o
    0x080043d6   0x080043d6   0x00000002   PAD
    0x080043d8   0x080043d8   0x00000048   Code   RO          399    i.HAL_TIM_Base_MspInit  tim.o
    0x08004420   0x08004420   0x00000022   Code   RO         3445    i.HAL_TIM_Base_Start_IT  stm32f4xx_hal_tim.o
    0x08004442   0x08004442   0x000000e4   Code   RO         3449    i.HAL_TIM_ConfigClockSource  stm32f4xx_hal_tim.o
    0x08004526   0x08004526   0x000000be   Code   RO         3458    i.HAL_TIM_Encoder_Init  stm32f4xx_hal_tim.o
    0x080045e4   0x080045e4   0x00000088   Code   RO          401    i.HAL_TIM_Encoder_MspInit  tim.o
    0x0800466c   0x0800466c   0x00000042   Code   RO         3461    i.HAL_TIM_Encoder_Start  stm32f4xx_hal_tim.o
    0x080046ae   0x080046ae   0x00000002   Code   RO         3469    i.HAL_TIM_IC_CaptureCallback  stm32f4xx_hal_tim.o
    0x080046b0   0x080046b0   0x00000174   Code   RO         3483    i.HAL_TIM_IRQHandler  stm32f4xx_hal_tim.o
    0x08004824   0x08004824   0x00000002   Code   RO         3486    i.HAL_TIM_OC_DelayElapsedCallback  stm32f4xx_hal_tim.o
    0x08004826   0x08004826   0x00000002   Code   RO         3513    i.HAL_TIM_PWM_PulseFinishedCallback  stm32f4xx_hal_tim.o
    0x08004828   0x08004828   0x00000054   Code   RO           14    i.HAL_TIM_PeriodElapsedCallback  main.o
    0x0800487c   0x0800487c   0x00000002   Code   RO         3526    i.HAL_TIM_TriggerCallback  stm32f4xx_hal_tim.o
    0x0800487e   0x0800487e   0x00000004   Code   RO          869    i.HardFault_Handler  stm32f4xx_it.o
    0x08004882   0x08004882   0x0000003e   Code   RO          701    i.IntToUnicode      usbd_desc.o
    0x080048c0   0x080048c0   0x00000044   Code   RO          308    i.MX_CAN1_Init      can.o
    0x08004904   0x08004904   0x00000044   Code   RO          309    i.MX_CAN2_Init      can.o
    0x08004948   0x08004948   0x00000020   Code   RO          358    i.MX_CRC_Init       crc.o
    0x08004968   0x08004968   0x000000a0   Code   RO          278    i.MX_GPIO_Init      gpio.o
    0x08004a08   0x08004a08   0x00000084   Code   RO          403    i.MX_TIM1_Init      tim.o
    0x08004a8c   0x08004a8c   0x00000070   Code   RO          404    i.MX_TIM4_Init      tim.o
    0x08004afc   0x08004afc   0x0000004c   Code   RO          470    i.MX_USB_DEVICE_Init  usb_device.o
    0x08004b48   0x08004b48   0x00000004   Code   RO          870    i.MemManage_Handler  stm32f4xx_it.o
    0x08004b4c   0x08004b4c   0x00000002   Code   RO          871    i.NMI_Handler       stm32f4xx_it.o
    0x08004b4e   0x08004b4e   0x00000002   PAD
    0x08004b50   0x08004b50   0x00000010   Code   RO          872    i.OTG_FS_IRQHandler  stm32f4xx_it.o
    0x08004b60   0x08004b60   0x00000068   Code   RO         1434    i.PCD_EP_OutSetupPacket_int  stm32f4xx_hal_pcd.o
    0x08004bc8   0x08004bc8   0x000000f0   Code   RO         1435    i.PCD_EP_OutXfrComplete_int  stm32f4xx_hal_pcd.o
    0x08004cb8   0x08004cb8   0x000000a2   Code   RO         1436    i.PCD_WriteEmptyTxFifo  stm32f4xx_hal_pcd.o
    0x08004d5a   0x08004d5a   0x00000002   PAD
    0x08004d5c   0x08004d5c   0x00000050   Code   RO         1322    i.PID_struct_init   motor_pid.o
    0x08004dac   0x08004dac   0x00000002   Code   RO          873    i.PendSV_Handler    stm32f4xx_it.o
    0x08004dae   0x08004dae   0x00000002   Code   RO          874    i.SVC_Handler       stm32f4xx_it.o
    0x08004db0   0x08004db0   0x00000008   Code   RO          875    i.SysTick_Handler   stm32f4xx_it.o
    0x08004db8   0x08004db8   0x000000b4   Code   RO           15    i.SystemClock_Config  main.o
    0x08004e6c   0x08004e6c   0x00000064   Code   RO          990    i.SystemInit        system_stm32f4xx.o
    0x08004ed0   0x08004ed0   0x00000010   Code   RO          876    i.TIM4_IRQHandler   stm32f4xx_it.o
    0x08004ee0   0x08004ee0   0x000000cc   Code   RO         3528    i.TIM_Base_SetConfig  stm32f4xx_hal_tim.o
    0x08004fac   0x08004fac   0x0000001e   Code   RO         3529    i.TIM_CCxChannelCmd  stm32f4xx_hal_tim.o
    0x08004fca   0x08004fca   0x00000016   Code   RO         3539    i.TIM_ETR_SetConfig  stm32f4xx_hal_tim.o
    0x08004fe0   0x08004fe0   0x00000010   Code   RO         3540    i.TIM_ITRx_SetConfig  stm32f4xx_hal_tim.o
    0x08004ff0   0x08004ff0   0x00000026   Code   RO         3546    i.TIM_TI1_ConfigInputStage  stm32f4xx_hal_tim.o
    0x08005016   0x08005016   0x00000024   Code   RO         3548    i.TIM_TI2_ConfigInputStage  stm32f4xx_hal_tim.o
    0x0800503a   0x0800503a   0x0000004c   Code   RO         4670    i.USBD_CDC_DataIn   usbd_cdc.o
    0x08005086   0x08005086   0x00000030   Code   RO         4671    i.USBD_CDC_DataOut  usbd_cdc.o
    0x080050b6   0x080050b6   0x00000046   Code   RO         4672    i.USBD_CDC_DeInit   usbd_cdc.o
    0x080050fc   0x080050fc   0x0000002a   Code   RO         4673    i.USBD_CDC_EP0_RxReady  usbd_cdc.o
    0x08005126   0x08005126   0x00000002   PAD
    0x08005128   0x08005128   0x0000000c   Code   RO         4674    i.USBD_CDC_GetDeviceQualifierDescriptor  usbd_cdc.o
    0x08005134   0x08005134   0x0000000c   Code   RO         4675    i.USBD_CDC_GetFSCfgDesc  usbd_cdc.o
    0x08005140   0x08005140   0x0000000c   Code   RO         4676    i.USBD_CDC_GetHSCfgDesc  usbd_cdc.o
    0x0800514c   0x0800514c   0x0000000c   Code   RO         4677    i.USBD_CDC_GetOtherSpeedCfgDesc  usbd_cdc.o
    0x08005158   0x08005158   0x000000ac   Code   RO         4678    i.USBD_CDC_Init     usbd_cdc.o
    0x08005204   0x08005204   0x00000032   Code   RO         4679    i.USBD_CDC_ReceivePacket  usbd_cdc.o
    0x08005236   0x08005236   0x00000010   Code   RO         4680    i.USBD_CDC_RegisterInterface  usbd_cdc.o
    0x08005246   0x08005246   0x0000000c   Code   RO         4681    i.USBD_CDC_SetRxBuffer  usbd_cdc.o
    0x08005252   0x08005252   0x00000010   Code   RO         4682    i.USBD_CDC_SetTxBuffer  usbd_cdc.o
    0x08005262   0x08005262   0x000000e6   Code   RO         4683    i.USBD_CDC_Setup    usbd_cdc.o
    0x08005348   0x08005348   0x00000038   Code   RO         4684    i.USBD_CDC_TransmitPacket  usbd_cdc.o
    0x08005380   0x08005380   0x0000000e   Code   RO         4377    i.USBD_ClrClassConfig  usbd_core.o
    0x0800538e   0x0800538e   0x00000026   Code   RO         4515    i.USBD_ClrFeature   usbd_ctlreq.o
    0x080053b4   0x080053b4   0x00000010   Code   RO         4610    i.USBD_CtlContinueRx  usbd_ioreq.o
    0x080053c4   0x080053c4   0x00000010   Code   RO         4611    i.USBD_CtlContinueSendData  usbd_ioreq.o
    0x080053d4   0x080053d4   0x00000018   Code   RO         4516    i.USBD_CtlError     usbd_ctlreq.o
    0x080053ec   0x080053ec   0x0000001e   Code   RO         4612    i.USBD_CtlPrepareRx  usbd_ioreq.o
    0x0800540a   0x0800540a   0x00000016   Code   RO         4613    i.USBD_CtlReceiveStatus  usbd_ioreq.o
    0x08005420   0x08005420   0x0000001a   Code   RO         4614    i.USBD_CtlSendData  usbd_ioreq.o
    0x0800543a   0x0800543a   0x00000016   Code   RO         4615    i.USBD_CtlSendStatus  usbd_ioreq.o
    0x08005450   0x08005450   0x00000034   Code   RO          702    i.USBD_FS_ConfigStrDescriptor  usbd_desc.o
    0x08005484   0x08005484   0x00000010   Code   RO          703    i.USBD_FS_DeviceDescriptor  usbd_desc.o
    0x08005494   0x08005494   0x00000038   Code   RO          704    i.USBD_FS_InterfaceStrDescriptor  usbd_desc.o
    0x080054cc   0x080054cc   0x00000010   Code   RO          705    i.USBD_FS_LangIDStrDescriptor  usbd_desc.o
    0x080054dc   0x080054dc   0x0000002c   Code   RO          706    i.USBD_FS_ManufacturerStrDescriptor  usbd_desc.o
    0x08005508   0x08005508   0x00000040   Code   RO          707    i.USBD_FS_ProductStrDescriptor  usbd_desc.o
    0x08005548   0x08005548   0x00000018   Code   RO          708    i.USBD_FS_SerialStrDescriptor  usbd_desc.o
    0x08005560   0x08005560   0x00000034   Code   RO         4517    i.USBD_GetConfig    usbd_ctlreq.o
    0x08005594   0x08005594   0x00000136   Code   RO         4518    i.USBD_GetDescriptor  usbd_ctlreq.o
    0x080056ca   0x080056ca   0x00000018   Code   RO         4519    i.USBD_GetLen       usbd_ctlreq.o
    0x080056e2   0x080056e2   0x00000036   Code   RO         4520    i.USBD_GetStatus    usbd_ctlreq.o
    0x08005718   0x08005718   0x00000044   Code   RO         4521    i.USBD_GetString    usbd_ctlreq.o
    0x0800575c   0x0800575c   0x0000002c   Code   RO          514    i.USBD_Get_USB_Status  usbd_conf.o
    0x08005788   0x08005788   0x0000002c   Code   RO         4379    i.USBD_Init         usbd_core.o
    0x080057b4   0x080057b4   0x00000026   Code   RO          515    i.USBD_LL_ClearStallEP  usbd_conf.o
    0x080057da   0x080057da   0x00000026   Code   RO          516    i.USBD_LL_CloseEP   usbd_conf.o
    0x08005800   0x08005800   0x000000d6   Code   RO         4380    i.USBD_LL_DataInStage  usbd_core.o
    0x080058d6   0x080058d6   0x0000008a   Code   RO         4381    i.USBD_LL_DataOutStage  usbd_core.o
    0x08005960   0x08005960   0x00000004   Code   RO         4382    i.USBD_LL_DevConnected  usbd_core.o
    0x08005964   0x08005964   0x00000016   Code   RO         4383    i.USBD_LL_DevDisconnected  usbd_core.o
    0x0800597a   0x0800597a   0x00000012   Code   RO          520    i.USBD_LL_GetRxDataSize  usbd_conf.o
    0x0800598c   0x0800598c   0x00000068   Code   RO          521    i.USBD_LL_Init      usbd_conf.o
    0x080059f4   0x080059f4   0x00000038   Code   RO          522    i.USBD_LL_IsStallEP  usbd_conf.o
    0x08005a2c   0x08005a2c   0x00000004   Code   RO         4384    i.USBD_LL_IsoINIncomplete  usbd_core.o
    0x08005a30   0x08005a30   0x00000004   Code   RO         4385    i.USBD_LL_IsoOUTIncomplete  usbd_core.o
    0x08005a34   0x08005a34   0x00000030   Code   RO          523    i.USBD_LL_OpenEP    usbd_conf.o
    0x08005a64   0x08005a64   0x00000030   Code   RO          524    i.USBD_LL_PrepareReceive  usbd_conf.o
    0x08005a94   0x08005a94   0x00000052   Code   RO         4386    i.USBD_LL_Reset     usbd_core.o
    0x08005ae6   0x08005ae6   0x0000000c   Code   RO         4387    i.USBD_LL_Resume    usbd_core.o
    0x08005af2   0x08005af2   0x00000018   Code   RO         4388    i.USBD_LL_SOF       usbd_core.o
    0x08005b0a   0x08005b0a   0x00000006   Code   RO         4389    i.USBD_LL_SetSpeed  usbd_core.o
    0x08005b10   0x08005b10   0x00000026   Code   RO          525    i.USBD_LL_SetUSBAddress  usbd_conf.o
    0x08005b36   0x08005b36   0x0000005e   Code   RO         4390    i.USBD_LL_SetupStage  usbd_core.o
    0x08005b94   0x08005b94   0x00000026   Code   RO          526    i.USBD_LL_StallEP   usbd_conf.o
    0x08005bba   0x08005bba   0x0000001e   Code   RO          527    i.USBD_LL_Start     usbd_conf.o
    0x08005bd8   0x08005bd8   0x00000012   Code   RO         4391    i.USBD_LL_Suspend   usbd_core.o
    0x08005bea   0x08005bea   0x00000030   Code   RO          529    i.USBD_LL_Transmit  usbd_conf.o
    0x08005c1a   0x08005c1a   0x00000028   Code   RO         4522    i.USBD_ParseSetupRequest  usbd_ctlreq.o
    0x08005c42   0x08005c42   0x00000012   Code   RO         4392    i.USBD_RegisterClass  usbd_core.o
    0x08005c54   0x08005c54   0x00000004   Code   RO         4393    i.USBD_RunTestMode  usbd_core.o
    0x08005c58   0x08005c58   0x00000058   Code   RO         4523    i.USBD_SetAddress   usbd_ctlreq.o
    0x08005cb0   0x08005cb0   0x00000018   Code   RO         4394    i.USBD_SetClassConfig  usbd_core.o
    0x08005cc8   0x08005cc8   0x000000cc   Code   RO         4524    i.USBD_SetConfig    usbd_ctlreq.o
    0x08005d94   0x08005d94   0x00000010   Code   RO         4525    i.USBD_SetFeature   usbd_ctlreq.o
    0x08005da4   0x08005da4   0x0000000a   Code   RO         4395    i.USBD_Start        usbd_core.o
    0x08005dae   0x08005dae   0x00000080   Code   RO         4526    i.USBD_StdDevReq    usbd_ctlreq.o
    0x08005e2e   0x08005e2e   0x000001f0   Code   RO         4527    i.USBD_StdEPReq     usbd_ctlreq.o
    0x0800601e   0x0800601e   0x0000006a   Code   RO         4528    i.USBD_StdItfReq    usbd_ctlreq.o
    0x08006088   0x08006088   0x0000009c   Code   RO         1670    i.USB_ActivateEndpoint  stm32f4xx_ll_usb.o
    0x08006124   0x08006124   0x00000034   Code   RO         1672    i.USB_ActivateSetup  stm32f4xx_ll_usb.o
    0x08006158   0x08006158   0x0000007e   Code   RO         1674    i.USB_CoreInit      stm32f4xx_ll_usb.o
    0x080061d6   0x080061d6   0x00000002   PAD
    0x080061d8   0x080061d8   0x0000003c   Code   RO         1675    i.USB_CoreReset     stm32f4xx_ll_usb.o
    0x08006214   0x08006214   0x00000090   Code   RO         1678    i.USB_DeactivateEndpoint  stm32f4xx_ll_usb.o
    0x080062a4   0x080062a4   0x00000018   Code   RO         1679    i.USB_DevConnect    stm32f4xx_ll_usb.o
    0x080062bc   0x080062bc   0x00000018   Code   RO         1680    i.USB_DevDisconnect  stm32f4xx_ll_usb.o
    0x080062d4   0x080062d4   0x0000018c   Code   RO         1681    i.USB_DevInit       stm32f4xx_ll_usb.o
    0x08006460   0x08006460   0x0000000c   Code   RO         1682    i.USB_DisableGlobalInt  stm32f4xx_ll_usb.o
    0x0800646c   0x0800646c   0x0000012a   Code   RO         1685    i.USB_EP0StartXfer  stm32f4xx_ll_usb.o
    0x08006596   0x08006596   0x00000002   PAD
    0x08006598   0x08006598   0x00000060   Code   RO         1686    i.USB_EP0_OutStart  stm32f4xx_ll_usb.o
    0x080065f8   0x080065f8   0x00000058   Code   RO         1687    i.USB_EPClearStall  stm32f4xx_ll_usb.o
    0x08006650   0x08006650   0x0000005e   Code   RO         1688    i.USB_EPSetStall    stm32f4xx_ll_usb.o
    0x080066ae   0x080066ae   0x00000228   Code   RO         1689    i.USB_EPStartXfer   stm32f4xx_ll_usb.o
    0x080068d6   0x080068d6   0x0000000c   Code   RO         1690    i.USB_EnableGlobalInt  stm32f4xx_ll_usb.o
    0x080068e2   0x080068e2   0x00000002   PAD
    0x080068e4   0x080068e4   0x00000024   Code   RO         1691    i.USB_FlushRxFifo   stm32f4xx_ll_usb.o
    0x08006908   0x08006908   0x00000028   Code   RO         1692    i.USB_FlushTxFifo   stm32f4xx_ll_usb.o
    0x08006930   0x08006930   0x00000020   Code   RO         1694    i.USB_GetDevSpeed   stm32f4xx_ll_usb.o
    0x08006950   0x08006950   0x00000008   Code   RO         1696    i.USB_GetMode       stm32f4xx_ll_usb.o
    0x08006958   0x08006958   0x0000000e   Code   RO         1703    i.USB_ReadDevAllInEpInterrupt  stm32f4xx_ll_usb.o
    0x08006966   0x08006966   0x0000000e   Code   RO         1704    i.USB_ReadDevAllOutEpInterrupt  stm32f4xx_ll_usb.o
    0x08006974   0x08006974   0x00000024   Code   RO         1705    i.USB_ReadDevInEPInterrupt  stm32f4xx_ll_usb.o
    0x08006998   0x08006998   0x00000010   Code   RO         1706    i.USB_ReadDevOutEPInterrupt  stm32f4xx_ll_usb.o
    0x080069a8   0x080069a8   0x00000008   Code   RO         1707    i.USB_ReadInterrupts  stm32f4xx_ll_usb.o
    0x080069b0   0x080069b0   0x00000024   Code   RO         1708    i.USB_ReadPacket    stm32f4xx_ll_usb.o
    0x080069d4   0x080069d4   0x00000030   Code   RO         1710    i.USB_SetCurrentMode  stm32f4xx_ll_usb.o
    0x08006a04   0x08006a04   0x00000022   Code   RO         1711    i.USB_SetDevAddress  stm32f4xx_ll_usb.o
    0x08006a26   0x08006a26   0x0000000e   Code   RO         1712    i.USB_SetDevSpeed   stm32f4xx_ll_usb.o
    0x08006a34   0x08006a34   0x000000f4   Code   RO         1713    i.USB_SetTurnaroundTime  stm32f4xx_ll_usb.o
    0x08006b28   0x08006b28   0x00000030   Code   RO         1716    i.USB_WritePacket   stm32f4xx_ll_usb.o
    0x08006b58   0x08006b58   0x00000004   Code   RO          877    i.UsageFault_Handler  stm32f4xx_it.o
    0x08006b5c   0x08006b5c   0x00000030   Code   RO         5238    i.__ARM_fpclassify  m_wm.l(fpclassify.o)
    0x08006b8c   0x08006b8c   0x00000026   Code   RO         5086    i.__ARM_fpclassifyf  m_wm.l(fpclassifyf.o)
    0x08006bb2   0x08006bb2   0x00000002   PAD
    0x08006bb4   0x08006bb4   0x000001e8   Code   RO         5072    i.__hardfp_expf     m_wm.l(expf.o)
    0x08006d9c   0x08006d9c   0x000000e4   Code   RO         4871    i.__hardfp_tanhf    m_wm.l(tanhf.o)
    0x08006e80   0x08006e80   0x00000006   Code   RO         5089    i.__mathlib_flt_infnan  m_wm.l(funder.o)
    0x08006e86   0x08006e86   0x00000002   PAD
    0x08006e88   0x08006e88   0x00000010   Code   RO         5092    i.__mathlib_flt_overflow  m_wm.l(funder.o)
    0x08006e98   0x08006e98   0x00000010   Code   RO         5094    i.__mathlib_flt_underflow  m_wm.l(funder.o)
    0x08006ea8   0x08006ea8   0x0000000e   Code   RO         4973    i._is_digit         c_w.l(__printf_wp.o)
    0x08006eb6   0x08006eb6   0x0000002e   Code   RO         1323    i.abs_limit         motor_pid.o
    0x08006ee4   0x08006ee4   0x0000005c   Code   RO         1026    i.can_filter_init   bsp_can.o
    0x08006f40   0x08006f40   0x000000d4   Code   RO           16    i.control_step      main.o
    0x08007014   0x08007014   0x00000062   Code   RO         1128    i.get_total_angle   can_receive.o
    0x08007076   0x08007076   0x00000002   PAD
    0x08007078   0x08007078   0x00000254   Code   RO           19    i.main              main.o
    0x080072cc   0x080072cc   0x00000028   Code   RO         1326    i.pid_param_init    motor_pid.o
    0x080072f4   0x080072f4   0x0000000e   Code   RO         1327    i.pid_reset         motor_pid.o
    0x08007302   0x08007302   0x00000002   PAD
    0x08007304   0x08007304   0x0000021c   Code   RO         1330    i.speed_pi_update   motor_pid.o
    0x08007520   0x08007520   0x00000038   Code   RO          796    i.usb_printf        usbd_cdc_if.o
    0x08007558   0x08007558   0x00000048   Code   RO           20    i.wrap_deg          main.o
    0x080075a0   0x080075a0   0x0000002c   Code   RO         5216    locale$$code        c_w.l(lc_numeric_c.o)
    0x080075cc   0x080075cc   0x0000002c   Code   RO         5249    locale$$code        c_w.l(lc_ctype_c.o)
    0x080075f8   0x080075f8   0x0000000c   Code   RO         5057    x$fpl$dretinf       fz_wm.l(dretinf.o)
    0x08007604   0x08007604   0x00000056   Code   RO         4863    x$fpl$f2d           fz_wm.l(f2d.o)
    0x0800765a   0x0800765a   0x0000008c   Code   RO         5059    x$fpl$fnaninf       fz_wm.l(fnaninf.o)
    0x080076e6   0x080076e6   0x0000000a   Code   RO         5163    x$fpl$fpinit        fz_wm.l(fpinit.o)
    0x080076f0   0x080076f0   0x00000004   Code   RO         5063    x$fpl$printf1       fz_wm.l(printf1.o)
    0x080076f4   0x080076f4   0x00000004   Code   RO         5065    x$fpl$printf2       fz_wm.l(printf2.o)
    0x080076f8   0x080076f8   0x00000000   Code   RO         5071    x$fpl$usenofp       fz_wm.l(usenofp.o)
    0x080076f8   0x080076f8   0x00000018   Data   RO          991    .constdata          system_stm32f4xx.o
    0x08007710   0x08007710   0x00000060   Data   RO         1274    .constdata          debug.o
    0x08007770   0x08007770   0x00000008   Data   RO         4932    .constdata          c_w.l(_printf_wctomb.o)
    0x08007778   0x08007778   0x00000028   Data   RO         4961    .constdata          c_w.l(_printf_hex_int_ll_ptr.o)
    0x080077a0   0x080077a0   0x00000011   Data   RO         4981    .constdata          c_w.l(__printf_flags_ss_wp.o)
    0x080077b1   0x080077b1   0x00000003   PAD
    0x080077b4   0x080077b4   0x00000030   Data   RO         5075    .constdata          m_wm.l(expf.o)
    0x080077e4   0x080077e4   0x00000026   Data   RO         5141    .constdata          c_w.l(_printf_fp_hex.o)
    0x0800780a   0x0800780a   0x00000002   PAD
    0x0800780c   0x0800780c   0x00000094   Data   RO         5191    .constdata          c_w.l(bigflt0.o)
    0x080078a0   0x080078a0   0x00000020   Data   RO         5303    Region$$Table       anon$$obj.o
    0x080078c0   0x080078c0   0x0000001c   Data   RO         5215    locale$$data        c_w.l(lc_numeric_c.o)
    0x080078dc   0x080078dc   0x00000110   Data   RO         5248    locale$$data        c_w.l(lc_ctype_c.o)


    Execution Region RW_IRAM1 (Exec base: 0x20000000, Load base: 0x080079ec, Size: 0x00005ed0, Max: 0x00020000, ABSOLUTE, COMPRESSED[0x000000cc])

    Exec Addr    Load Addr    Size         Type   Attr      Idx    E Section Name        Object

    0x20000000   COMPRESSED   0x00000028   Data   RW           22    .data               main.o
    0x20000028   COMPRESSED   0x00000004   Data   RW          311    .data               can.o
    0x2000002c   COMPRESSED   0x00000008   Data   RW          359    .data               crc.o
    0x20000034   COMPRESSED   0x0000004e   Data   RW          710    .data               usbd_desc.o
    0x20000082   COMPRESSED   0x00000002   PAD
    0x20000084   COMPRESSED   0x00000028   Data   RW          798    .data               usbd_cdc_if.o
    0x200000ac   COMPRESSED   0x00000004   Data   RW          992    .data               system_stm32f4xx.o
    0x200000b0   COMPRESSED   0x00000011   Data   RW         1132    .data               can_receive.o
    0x200000c1   COMPRESSED   0x00000001   Data   RW         1275    .data               debug.o
    0x200000c2   COMPRESSED   0x00000002   PAD
    0x200000c4   COMPRESSED   0x00000008   Data   RW         1331    .data               motor_pid.o
    0x200000cc   COMPRESSED   0x0000000c   Data   RW         2916    .data               stm32f4xx_hal.o
    0x200000d8   COMPRESSED   0x00000001   Data   RW         4529    .data               usbd_ctlreq.o
    0x200000d9   COMPRESSED   0x00000003   PAD
    0x200000dc   COMPRESSED   0x000000d7   Data   RW         4685    .data               usbd_cdc.o
    0x200001b3   COMPRESSED   0x00000001   PAD
    0x200001b4   COMPRESSED   0x00000038   Data   RW         4686    .data               usbd_cdc.o
    0x200001ec        -       0x0000006c   Zero   RW           21    .bss                main.o
    0x20000258        -       0x00000050   Zero   RW          310    .bss                can.o
    0x200002a8        -       0x00000080   Zero   RW          406    .bss                tim.o
    0x20000328        -       0x0000029c   Zero   RW          471    .bss                usb_device.o
    0x200005c4        -       0x00000408   Zero   RW          530    .bss                usbd_conf.o
    0x200009cc        -       0x00000200   Zero   RW          709    .bss                usbd_desc.o
    0x20000bcc        -       0x00001100   Zero   RW          797    .bss                usbd_cdc_if.o
    0x20001ccc        -       0x000000a0   Zero   RW         1131    .bss                can_receive.o
    0x20001d6c        -       0x00000104   Zero   RW         1273    .bss                debug.o
    0x20001e70        -       0x00000060   Zero   RW         5105    .bss                c_w.l(libspace.o)
    0x20001ed0        -       0x00002000   Zero   RW            2    HEAP                startup_stm32f407xx.o
    0x20003ed0        -       0x00002000   Zero   RW            1    STACK               startup_stm32f407xx.o


==============================================================================

Image component sizes


      Code (inc. data)   RO Data    RW Data    ZI Data      Debug   Object Name

        92          8          0          0          0     570770   bsp_can.o
       488         44          0          4         80       2362   can.o
       386         28          0         17        160     574310   can_receive.o
        84         18          0          8          0       1439   crc.o
       380         26         96          1        260       3253   debug.o
       160          4          0          0          0        895   gpio.o
      1146        316          0         40        108     712746   main.o
       720         18          0          8          0       5636   motor_pid.o
        64         26        392          0      16384        840   startup_stm32f407xx.o
       188         30          0         12          0       4557   stm32f4xx_hal.o
      2004          6          0          0          0      14919   stm32f4xx_hal_can.o
       208         16          0          0          0      33651   stm32f4xx_hal_cortex.o
        40          0          0          0          0       1055   stm32f4xx_hal_crc.o
       540         22          0          0          0       1852   stm32f4xx_hal_gpio.o
        72          4          0          0          0        822   stm32f4xx_hal_msp.o
      2534         18          0          0          0      13469   stm32f4xx_hal_pcd.o
        84          0          0          0          0       2545   stm32f4xx_hal_pcd_ex.o
      1574         80          0          0          0       5234   stm32f4xx_hal_rcc.o
      1300         22          0          0          0      12046   stm32f4xx_hal_tim.o
        82          0          0          0          0       2509   stm32f4xx_hal_tim_ex.o
        96         24          0          0          0       6020   stm32f4xx_it.o
      2762        110          0          0          0      23238   stm32f4xx_ll_usb.o
       100         18         24          4          0       1143   system_stm32f4xx.o
       452         44          0          0        128       2993   tim.o
        76         16          0          0        668        736   usb_device.o
       836         16          0        271          0      13634   usbd_cdc.o
       592         78          0         40       4352       6088   usbd_cdc_if.o
       990         18          0          0       1032      15604   usbd_conf.o
       736          0          0          0          0      12889   usbd_core.o
      1648         30          0          1          0      11724   usbd_ctlreq.o
       386        122          0         78        512       6577   usbd_desc.o
       132          0          0          0          0       4496   usbd_ioreq.o

    ----------------------------------------------------------------------
     20984       1162        544        492      23684    2070052   Object Totals
         0          0         32          0          0          0   (incl. Generated)
        32          0          0          8          0          0   (incl. Padding)

    ----------------------------------------------------------------------

      Code (inc. data)   RO Data    RW Data    ZI Data      Debug   Library Member Name

        90          0          0          0          0          0   __dczerorl2.o
         8          0          0          0          0         68   __main.o
       392          4         17          0          0         92   __printf_flags_ss_wp.o
        14          0          0          0          0         68   __printf_wp.o
         0          0          0          0          0          0   __rtentry.o
        12          0          0          0          0          0   __rtentry2.o
         6          0          0          0          0          0   __rtentry4.o
        52          8          0          0          0          0   __scatter.o
        28          0          0          0          0          0   __scatter_zi.o
         6          0          0          0          0          0   _printf_a.o
         6          0          0          0          0          0   _printf_c.o
        44          0          0          0          0        108   _printf_char.o
        48          6          0          0          0         96   _printf_char_common.o
        40          0          0          0          0         68   _printf_charcount.o
         6          0          0          0          0          0   _printf_d.o
       120         16          0          0          0         92   _printf_dec.o
         6          0          0          0          0          0   _printf_e.o
         6          0          0          0          0          0   _printf_f.o
      1054          0          0          0          0        216   _printf_fp_dec.o
       764          8         38          0          0        100   _printf_fp_hex.o
       128         16          0          0          0         84   _printf_fp_infnan.o
         6          0          0          0          0          0   _printf_g.o
       148          4         40          0          0        160   _printf_hex_int_ll_ptr.o
         6          0          0          0          0          0   _printf_i.o
       178          0          0          0          0         88   _printf_intcommon.o
        10          0          0          0          0          0   _printf_l.o
         6          0          0          0          0          0   _printf_lc.o
        10          0          0          0          0          0   _printf_ll.o
         6          0          0          0          0          0   _printf_lld.o
         6          0          0          0          0          0   _printf_lli.o
         6          0          0          0          0          0   _printf_llo.o
         6          0          0          0          0          0   _printf_llu.o
         6          0          0          0          0          0   _printf_llx.o
       124         16          0          0          0         92   _printf_longlong_dec.o
         6          0          0          0          0          0   _printf_ls.o
         6          0          0          0          0          0   _printf_n.o
         6          0          0          0          0          0   _printf_o.o
       112         10          0          0          0        124   _printf_oct_int_ll.o
         6          0          0          0          0          0   _printf_p.o
        78          0          0          0          0        108   _printf_pad.o
         0          0          0          0          0          0   _printf_percent.o
         4          0          0          0          0          0   _printf_percent_end.o
         6          0          0          0          0          0   _printf_s.o
        82          0          0          0          0         80   _printf_str.o
        36          0          0          0          0         84   _printf_truncate.o
         6          0          0          0          0          0   _printf_u.o
        44          0          0          0          0        108   _printf_wchar.o
       188          6          8          0          0         92   _printf_wctomb.o
         6          0          0          0          0          0   _printf_x.o
        22          0          0          0          0        100   _rserrno.o
        10          0          0          0          0         68   _sputc.o
        64          0          0          0          0         92   _wcrtomb.o
       228          4        148          0          0         96   bigflt0.o
      1936        128          0          0          0        672   btod.o
        10          0          0          0          0         68   defsig_exit.o
        50          0          0          0          0         88   defsig_general.o
        80         58          0          0          0         76   defsig_rtmem_inner.o
        14          0          0          0          0         80   defsig_rtmem_outer.o
        18          0          0          0          0         80   exit.o
        94          0          0          0          0         80   h1_alloc.o
        52          0          0          0          0         68   h1_extend.o
        78          0          0          0          0         80   h1_free.o
        14          0          0          0          0         84   h1_init.o
         6          0          0          0          0        152   heapauxi.o
         4          0          0          0          0        136   hguard.o
         0          0          0          0          0          0   indicate_semi.o
       138          0          0          0          0        168   init_alloc.o
        44         10        272          0          0         76   lc_ctype_c.o
        44         10         28          0          0         76   lc_numeric_c.o
         2          0          0          0          0          0   libinit.o
        42          0          0          0          0          0   libinit2.o
         2          0          0          0          0          0   libshutdown.o
         2          0          0          0          0          0   libshutdown2.o
         8          4          0          0         96         68   libspace.o
       138          0          0          0          0         80   lludiv10.o
       238          0          0          0          0        100   lludivv7m.o
         0          0          0          0          0          0   maybetermalloc1.o
        16          4          0          0          0         76   rt_ctype_table.o
         8          4          0          0          0         68   rt_errno_addr_intlibspace.o
         8          4          0          0          0         68   rt_heap_descriptor_intlibspace.o
         8          4          0          0          0         68   rt_locale_intlibspace.o
        78          0          0          0          0         80   rt_memclr_w.o
       138          0          0          0          0         68   rt_memcpy_v6.o
       100          0          0          0          0         80   rt_memcpy_w.o
         2          0          0          0          0          0   rtexit.o
        10          0          0          0          0          0   rtexit2.o
       128          0          0          0          0         68   strcmpv7m.o
        62          0          0          0          0         76   strlen.o
        12          4          0          0          0         68   sys_exit.o
        74          0          0          0          0         80   sys_stackheap_outer.o
        14          0          0          0          0         76   sys_wrch.o
         2          0          0          0          0         68   use_no_semi.o
        36          4          0          0          0         76   vsprintf.o
        12          0          0          0          0        116   dretinf.o
        86          4          0          0          0        132   f2d.o
       140          4          0          0          0        132   fnaninf.o
        10          0          0          0          0        116   fpinit.o
         4          0          0          0          0        116   printf1.o
         4          0          0          0          0        116   printf2.o
         0          0          0          0          0          0   usenofp.o
       488         62         48          0          0        236   expf.o
        48          0          0          0          0        124   fpclassify.o
        38          0          0          0          0        116   fpclassifyf.o
        38         12          0          0          0        348   funder.o
       228         20          0          0          0        152   tanhf.o

    ----------------------------------------------------------------------
      9080        434        604          0         96       7240   Library Totals
        16          0          5          0          0          0   (incl. Padding)

    ----------------------------------------------------------------------

      Code (inc. data)   RO Data    RW Data    ZI Data      Debug   Library Name

      7968        332        551          0         96       5536   c_w.l
       256          8          0          0          0        728   fz_wm.l
       840         94         48          0          0        976   m_wm.l

    ----------------------------------------------------------------------
      9080        434        604          0         96       7240   Library Totals

    ----------------------------------------------------------------------

==============================================================================


      Code (inc. data)   RO Data    RW Data    ZI Data      Debug   

     30064       1596       1148        492      23780    2050472   Grand Totals
     30064       1596       1148        204      23780    2050472   ELF Image Totals (compressed)
     30064       1596       1148        204          0          0   ROM Totals

==============================================================================

    Total RO  Size (Code + RO Data)                31212 (  30.48kB)
    Total RW  Size (RW Data + ZI Data)             24272 (  23.70kB)
    Total ROM Size (Code + RO Data + RW Data)      31416 (  30.68kB)

==============================================================================

