Component: ARM Compiler 5.06 update 5 (build 528) Tool: armlink [4d35e2]

==============================================================================

Section Cross References

    startup_stm32f407xx.o(STACK) refers (Special) to heapauxi.o(.text) for __use_two_region_memory
    startup_stm32f407xx.o(HEAP) refers (Special) to heapauxi.o(.text) for __use_two_region_memory
    startup_stm32f407xx.o(RESET) refers (Special) to heapauxi.o(.text) for __use_two_region_memory
    startup_stm32f407xx.o(RESET) refers to startup_stm32f407xx.o(STACK) for __initial_sp
    startup_stm32f407xx.o(RESET) refers to startup_stm32f407xx.o(.text) for Reset_Handler
    startup_stm32f407xx.o(RESET) refers to stm32f4xx_it.o(i.NMI_Handler) for NMI_Handler
    startup_stm32f407xx.o(RESET) refers to stm32f4xx_it.o(i.HardFault_Handler) for HardFault_Handler
    startup_stm32f407xx.o(RESET) refers to stm32f4xx_it.o(i.MemManage_Handler) for MemManage_Handler
    startup_stm32f407xx.o(RESET) refers to stm32f4xx_it.o(i.BusFault_Handler) for BusFault_Handler
    startup_stm32f407xx.o(RESET) refers to stm32f4xx_it.o(i.UsageFault_Handler) for UsageFault_Handler
    startup_stm32f407xx.o(RESET) refers to stm32f4xx_it.o(i.SVC_Handler) for SVC_Handler
    startup_stm32f407xx.o(RESET) refers to stm32f4xx_it.o(i.DebugMon_Handler) for DebugMon_Handler
    startup_stm32f407xx.o(RESET) refers to stm32f4xx_it.o(i.PendSV_Handler) for PendSV_Handler
    startup_stm32f407xx.o(RESET) refers to stm32f4xx_it.o(i.SysTick_Handler) for SysTick_Handler
    startup_stm32f407xx.o(RESET) refers to stm32f4xx_it.o(i.CAN1_RX0_IRQHandler) for CAN1_RX0_IRQHandler
    startup_stm32f407xx.o(RESET) refers to stm32f4xx_it.o(i.TIM4_IRQHandler) for TIM4_IRQHandler
    startup_stm32f407xx.o(RESET) refers to stm32f4xx_it.o(i.CAN2_RX0_IRQHandler) for CAN2_RX0_IRQHandler
    startup_stm32f407xx.o(RESET) refers to stm32f4xx_it.o(i.OTG_FS_IRQHandler) for OTG_FS_IRQHandler
    startup_stm32f407xx.o(.text) refers (Special) to heapauxi.o(.text) for __use_two_region_memory
    startup_stm32f407xx.o(.text) refers to system_stm32f4xx.o(i.SystemInit) for SystemInit
    startup_stm32f407xx.o(.text) refers to __main.o(!!!main) for __main
    startup_stm32f407xx.o(.text) refers to startup_stm32f407xx.o(HEAP) for Heap_Mem
    startup_stm32f407xx.o(.text) refers to startup_stm32f407xx.o(STACK) for Stack_Mem
    main.o(i.HAL_TIM_PeriodElapsedCallback) refers to tim.o(i.getTimEncoder) for getTimEncoder
    main.o(i.HAL_TIM_PeriodElapsedCallback) refers to main.o(i.getAngle) for getAngle
    main.o(i.HAL_TIM_PeriodElapsedCallback) refers to main.o(i.getRadian) for getRadian
    main.o(i.HAL_TIM_PeriodElapsedCallback) refers to tim.o(.bss) for htim4
    main.o(i.HAL_TIM_PeriodElapsedCallback) refers to can_receive.o(.bss) for motor_chassis
    main.o(i.HAL_TIM_PeriodElapsedCallback) refers to main.o(.data) for k_vel
    main.o(i.HAL_TIM_PeriodElapsedCallback) refers to usbd_cdc_if.o(.data) for vel_flag
    main.o(i.SystemClock_Config) refers to rt_memclr_w.o(.text) for __aeabi_memclr4
    main.o(i.SystemClock_Config) refers to stm32f4xx_hal_rcc.o(i.HAL_RCC_OscConfig) for HAL_RCC_OscConfig
    main.o(i.SystemClock_Config) refers to main.o(i.Error_Handler) for Error_Handler
    main.o(i.SystemClock_Config) refers to stm32f4xx_hal_rcc.o(i.HAL_RCC_ClockConfig) for HAL_RCC_ClockConfig
    main.o(i.getAngle) refers to tim.o(.bss) for htim1
    main.o(i.getRadian) refers to main.o(i.getAngle) for getAngle
    main.o(i.getRadian) refers to f2d.o(x$fpl$f2d) for __aeabi_f2d
    main.o(i.getRadian) refers to dmul.o(x$fpl$dmul) for __aeabi_dmul
    main.o(i.getRadian) refers to ddiv.o(x$fpl$ddiv) for __aeabi_ddiv
    main.o(i.getRadian) refers to d2f.o(x$fpl$d2f) for __aeabi_d2f
    main.o(i.main) refers to stm32f4xx_hal.o(i.HAL_Init) for HAL_Init
    main.o(i.main) refers to main.o(i.SystemClock_Config) for SystemClock_Config
    main.o(i.main) refers to gpio.o(i.MX_GPIO_Init) for MX_GPIO_Init
    main.o(i.main) refers to can.o(i.MX_CAN1_Init) for MX_CAN1_Init
    main.o(i.main) refers to can.o(i.MX_CAN2_Init) for MX_CAN2_Init
    main.o(i.main) refers to tim.o(i.MX_TIM1_Init) for MX_TIM1_Init
    main.o(i.main) refers to crc.o(i.MX_CRC_Init) for MX_CRC_Init
    main.o(i.main) refers to usb_device.o(i.MX_USB_DEVICE_Init) for MX_USB_DEVICE_Init
    main.o(i.main) refers to tim.o(i.MX_TIM4_Init) for MX_TIM4_Init
    main.o(i.main) refers to bsp_can.o(i.can_filter_init) for can_filter_init
    main.o(i.main) refers to motor_pid.o(i.PID_struct_init) for PID_struct_init
    main.o(i.main) refers to stm32f4xx_hal_tim.o(i.HAL_TIM_Encoder_Start) for HAL_TIM_Encoder_Start
    main.o(i.main) refers to debug.o(i.Debug_RegisterVar) for Debug_RegisterVar
    main.o(i.main) refers to stm32f4xx_hal_tim.o(i.HAL_TIM_Base_Start_IT) for HAL_TIM_Base_Start_IT
    main.o(i.main) refers to f2d.o(x$fpl$f2d) for __aeabi_f2d
    main.o(i.main) refers to usbd_cdc_if.o(i.usb_printf) for usb_printf
[...]
    _printf_wstring                          0x08001589   Thumb Code     8  _printf_wchar.o(.text)
    _wcrtomb                                 0x08001591   Thumb Code    64  _wcrtomb.o(.text)
    __rt_SIGRTMEM                            0x080015d1   Thumb Code    14  defsig_rtmem_outer.o(.text)
    __I$use$semihosting                      0x080015df   Thumb Code     0  use_no_semi.o(.text)
    __use_no_semihosting_swi                 0x080015df   Thumb Code     2  use_no_semi.o(.text)
    __semihosting_library_function           0x080015e1   Thumb Code     0  indicate_semi.o(.text)
    __user_setup_stackheap                   0x080015e1   Thumb Code    74  sys_stackheap_outer.o(.text)
    __rt_ctype_table                         0x0800162d   Thumb Code    16  rt_ctype_table.o(.text)
    __rt_locale                              0x0800163d   Thumb Code     8  rt_locale_intlibspace.o(.text)
    _printf_fp_infnan                        0x08001645   Thumb Code   112  _printf_fp_infnan.o(.text)
    _btod_etento                             0x080016c5   Thumb Code   224  bigflt0.o(.text)
    exit                                     0x080017a9   Thumb Code    18  exit.o(.text)
    __sig_exit                               0x080017bb   Thumb Code    10  defsig_exit.o(.text)
    __rt_SIGRTMEM_inner                      0x080017c5   Thumb Code    22  defsig_rtmem_inner.o(.text)
    _sys_exit                                0x08001815   Thumb Code     8  sys_exit.o(.text)
    __default_signal_display                 0x08001821   Thumb Code    50  defsig_general.o(.text)
    strcmp                                   0x08001855   Thumb Code   128  strcmpv7m.o(.text)
    _ttywrch                                 0x080018d5   Thumb Code    14  sys_wrch.o(.text)
    _btod_d2e                                0x080018e3   Thumb Code    62  btod.o(CL$$btod_d2e)
    _d2e_denorm_low                          0x08001921   Thumb Code    70  btod.o(CL$$btod_d2e_denorm_low)
    _d2e_norm_op1                            0x08001967   Thumb Code    96  btod.o(CL$$btod_d2e_norm_op1)
    __btod_div_common                        0x080019c7   Thumb Code   696  btod.o(CL$$btod_div_common)
    _e2e                                     0x08001cff   Thumb Code   220  btod.o(CL$$btod_e2e)
    _btod_ediv                               0x08001ddb   Thumb Code    42  btod.o(CL$$btod_ediv)
    _btod_emul                               0x08001e05   Thumb Code    42  btod.o(CL$$btod_emul)
    __btod_mult_common                       0x08001e2f   Thumb Code   580  btod.o(CL$$btod_mult_common)
    BusFault_Handler                         0x08002073   Thumb Code     4  stm32f4xx_it.o(i.BusFault_Handler)
    CAN1_RX0_IRQHandler                      0x08002079   Thumb Code    10  stm32f4xx_it.o(i.CAN1_RX0_IRQHandler)
    CAN2_RX0_IRQHandler                      0x08002089   Thumb Code    10  stm32f4xx_it.o(i.CAN2_RX0_IRQHandler)
    CAN_cmd_chassis                          0x08002099   Thumb Code    68  can_receive.o(i.CAN_cmd_chassis)
    CDC_Transmit_FS                          0x0800217d   Thumb Code    50  usbd_cdc_if.o(i.CDC_Transmit_FS)
    CMD_DecodeFrame                          0x080021b5   Thumb Code   286  usbd_cdc_if.o(i.CMD_DecodeFrame)
    DebugMon_Handler                         0x08002301   Thumb Code     2  stm32f4xx_it.o(i.DebugMon_Handler)
    Debug_DecodeFrame                        0x08002305   Thumb Code   298  debug.o(i.Debug_DecodeFrame)
    Debug_RegisterVar                        0x08002441   Thumb Code    56  debug.o(i.Debug_RegisterVar)
    Error_Handler                            0x08002481   Thumb Code     2  main.o(i.Error_Handler)
    HAL_CAN_ActivateNotification             0x080024b9   Thumb Code    36  stm32f4xx_hal_can.o(i.HAL_CAN_ActivateNotification)
    HAL_CAN_AddTxMessage                     0x080024dd   Thumb Code   260  stm32f4xx_hal_can.o(i.HAL_CAN_AddTxMessage)
    HAL_CAN_ConfigFilter                     0x080025e1   Thumb Code   290  stm32f4xx_hal_can.o(i.HAL_CAN_ConfigFilter)
    HAL_CAN_ErrorCallback                    0x08002709   Thumb Code     2  stm32f4xx_hal_can.o(i.HAL_CAN_ErrorCallback)
    HAL_CAN_GetRxMessage                     0x0800270b   Thumb Code   364  stm32f4xx_hal_can.o(i.HAL_CAN_GetRxMessage)
    HAL_CAN_IRQHandler                       0x08002877   Thumb Code   564  stm32f4xx_hal_can.o(i.HAL_CAN_IRQHandler)
    HAL_CAN_Init                             0x08002aab   Thumb Code   360  stm32f4xx_hal_can.o(i.HAL_CAN_Init)
    HAL_CAN_MspInit                          0x08002c15   Thumb Code   328  can.o(i.HAL_CAN_MspInit)
    HAL_CAN_RxFifo0FullCallback              0x08002d75   Thumb Code     2  stm32f4xx_hal_can.o(i.HAL_CAN_RxFifo0FullCallback)
    HAL_CAN_RxFifo0MsgPendingCallback        0x08002d79   Thumb Code   200  can_receive.o(i.HAL_CAN_RxFifo0MsgPendingCallback)
    HAL_CAN_RxFifo1FullCallback              0x08002e49   Thumb Code     2  stm32f4xx_hal_can.o(i.HAL_CAN_RxFifo1FullCallback)
    HAL_CAN_RxFifo1MsgPendingCallback        0x08002e4b   Thumb Code     2  stm32f4xx_hal_can.o(i.HAL_CAN_RxFifo1MsgPendingCallback)
    HAL_CAN_SleepCallback                    0x08002e4d   Thumb Code     2  stm32f4xx_hal_can.o(i.HAL_CAN_SleepCallback)
    HAL_CAN_Start                            0x08002e4f   Thumb Code   100  stm32f4xx_hal_can.o(i.HAL_CAN_Start)
    HAL_CAN_TxMailbox0AbortCallback          0x08002eb3   Thumb Code     2  stm32f4xx_hal_can.o(i.HAL_CAN_TxMailbox0AbortCallback)
    HAL_CAN_TxMailbox0CompleteCallback       0x08002eb5   Thumb Code     2  stm32f4xx_hal_can.o(i.HAL_CAN_TxMailbox0CompleteCallback)
    HAL_CAN_TxMailbox1AbortCallback          0x08002eb7   Thumb Code     2  stm32f4xx_hal_can.o(i.HAL_CAN_TxMailbox1AbortCallback)
    HAL_CAN_TxMailbox1CompleteCallback       0x08002eb9   Thumb Code     2  stm32f4xx_hal_can.o(i.HAL_CAN_TxMailbox1CompleteCallback)
    HAL_CAN_TxMailbox2AbortCallback          0x08002ebb   Thumb Code     2  stm32f4xx_hal_can.o(i.HAL_CAN_TxMailbox2AbortCallback)
    HAL_CAN_TxMailbox2CompleteCallback       0x08002ebd   Thumb Code     2  stm32f4xx_hal_can.o(i.HAL_CAN_TxMailbox2CompleteCallback)
    HAL_CAN_WakeUpFromRxMsgCallback          0x08002ebf   Thumb Code     2  stm32f4xx_hal_can.o(i.HAL_CAN_WakeUpFromRxMsgCallback)
    HAL_CRC_Init                             0x08002ec1   Thumb Code    40  stm32f4xx_hal_crc.o(i.HAL_CRC_Init)
    HAL_CRC_MspInit                          0x08002ee9   Thumb Code    44  crc.o(i.HAL_CRC_MspInit)
    HAL_Delay                                0x08002f1d   Thumb Code    34  stm32f4xx_hal.o(i.HAL_Delay)
    HAL_GPIO_Init                            0x08002f45   Thumb Code   518  stm32f4xx_hal_gpio.o(i.HAL_GPIO_Init)
    HAL_GetTick                              0x08003161   Thumb Code     6  stm32f4xx_hal.o(i.HAL_GetTick)
    HAL_IncTick                              0x0800316d   Thumb Code    12  stm32f4xx_hal.o(i.HAL_IncTick)
    HAL_Init                                 0x0800317d   Thumb Code    48  stm32f4xx_hal.o(i.HAL_Init)
    HAL_InitTick                             0x080031b1   Thumb Code    58  stm32f4xx_hal.o(i.HAL_InitTick)
    HAL_MspInit                              0x080031f5   Thumb Code    68  stm32f4xx_hal_msp.o(i.HAL_MspInit)
    HAL_NVIC_EnableIRQ                       0x0800323d   Thumb Code    28  stm32f4xx_hal_cortex.o(i.HAL_NVIC_EnableIRQ)
    HAL_NVIC_SetPriority                     0x08003259   Thumb Code    98  stm32f4xx_hal_cortex.o(i.HAL_NVIC_SetPriority)
    HAL_NVIC_SetPriorityGrouping             0x080032c1   Thumb Code    30  stm32f4xx_hal_cortex.o(i.HAL_NVIC_SetPriorityGrouping)
    HAL_PCDEx_LPM_Callback                   0x080032e5   Thumb Code     2  stm32f4xx_hal_pcd_ex.o(i.HAL_PCDEx_LPM_Callback)
    HAL_PCDEx_SetRxFiFo                      0x080032e7   Thumb Code     8  stm32f4xx_hal_pcd_ex.o(i.HAL_PCDEx_SetRxFiFo)
    HAL_PCDEx_SetTxFiFo                      0x080032ef   Thumb Code    74  stm32f4xx_hal_pcd_ex.o(i.HAL_PCDEx_SetTxFiFo)
    HAL_PCD_ConnectCallback                  0x08003339   Thumb Code    14  usbd_conf.o(i.HAL_PCD_ConnectCallback)
    HAL_PCD_DataInStageCallback              0x08003347   Thumb Code    32  usbd_conf.o(i.HAL_PCD_DataInStageCallback)
    HAL_PCD_DataOutStageCallback             0x08003367   Thumb Code    32  usbd_conf.o(i.HAL_PCD_DataOutStageCallback)
    HAL_PCD_DisconnectCallback               0x08003387   Thumb Code    14  usbd_conf.o(i.HAL_PCD_DisconnectCallback)
    HAL_PCD_EP_Close                         0x08003395   Thumb Code    74  stm32f4xx_hal_pcd.o(i.HAL_PCD_EP_Close)
    HAL_PCD_EP_ClrStall                      0x080033df   Thumb Code    92  stm32f4xx_hal_pcd.o(i.HAL_PCD_EP_ClrStall)
    HAL_PCD_EP_GetRxCount                    0x0800343b   Thumb Code    18  stm32f4xx_hal_pcd.o(i.HAL_PCD_EP_GetRxCount)
    HAL_PCD_EP_Open                          0x0800344d   Thumb Code    92  stm32f4xx_hal_pcd.o(i.HAL_PCD_EP_Open)
    HAL_PCD_EP_Receive                       0x080034a9   Thumb Code    70  stm32f4xx_hal_pcd.o(i.HAL_PCD_EP_Receive)
    HAL_PCD_EP_SetStall                      0x080034ef   Thumb Code   116  stm32f4xx_hal_pcd.o(i.HAL_PCD_EP_SetStall)
    HAL_PCD_EP_Transmit                      0x08003563   Thumb Code    70  stm32f4xx_hal_pcd.o(i.HAL_PCD_EP_Transmit)
    HAL_PCD_IRQHandler                       0x080035a9   Thumb Code  1070  stm32f4xx_hal_pcd.o(i.HAL_PCD_IRQHandler)
    HAL_PCD_ISOINIncompleteCallback          0x080039d7   Thumb Code    18  usbd_conf.o(i.HAL_PCD_ISOINIncompleteCallback)
    HAL_PCD_ISOOUTIncompleteCallback         0x080039e9   Thumb Code    18  usbd_conf.o(i.HAL_PCD_ISOOUTIncompleteCallback)
    HAL_PCD_Init                             0x080039fb   Thumb Code   320  stm32f4xx_hal_pcd.o(i.HAL_PCD_Init)
    HAL_PCD_MspInit                          0x08003b3d   Thumb Code   160  usbd_conf.o(i.HAL_PCD_MspInit)
    HAL_PCD_ResetCallback                    0x08003be5   Thumb Code    48  usbd_conf.o(i.HAL_PCD_ResetCallback)
    HAL_PCD_ResumeCallback                   0x08003c15   Thumb Code    14  usbd_conf.o(i.HAL_PCD_ResumeCallback)
    HAL_PCD_SOFCallback                      0x08003c23   Thumb Code    14  usbd_conf.o(i.HAL_PCD_SOFCallback)
    HAL_PCD_SetAddress                       0x08003c31   Thumb Code    40  stm32f4xx_hal_pcd.o(i.HAL_PCD_SetAddress)
    HAL_PCD_SetupStageCallback               0x08003c59   Thumb Code    18  usbd_conf.o(i.HAL_PCD_SetupStageCallback)
    HAL_PCD_Start                            0x08003c6b   Thumb Code    66  stm32f4xx_hal_pcd.o(i.HAL_PCD_Start)
    HAL_PCD_SuspendCallback                  0x08003cad   Thumb Code    46  usbd_conf.o(i.HAL_PCD_SuspendCallback)
    HAL_RCC_ClockConfig                      0x08003ce1   Thumb Code   352  stm32f4xx_hal_rcc.o(i.HAL_RCC_ClockConfig)
    HAL_RCC_GetHCLKFreq                      0x08003e55   Thumb Code     6  stm32f4xx_hal_rcc.o(i.HAL_RCC_GetHCLKFreq)
    HAL_RCC_GetSysClockFreq                  0x08003e61   Thumb Code    94  stm32f4xx_hal_rcc.o(i.HAL_RCC_GetSysClockFreq)
    HAL_RCC_OscConfig                        0x08003ed1   Thumb Code  1078  stm32f4xx_hal_rcc.o(i.HAL_RCC_OscConfig)
    HAL_SYSTICK_Config                       0x08004309   Thumb Code    36  stm32f4xx_hal_cortex.o(i.HAL_SYSTICK_Config)
    HAL_TIMEx_BreakCallback                  0x08004331   Thumb Code     2  stm32f4xx_hal_tim_ex.o(i.HAL_TIMEx_BreakCallback)
    HAL_TIMEx_CommutCallback                 0x08004333   Thumb Code     2  stm32f4xx_hal_tim_ex.o(i.HAL_TIMEx_CommutCallback)
    HAL_TIMEx_MasterConfigSynchronization    0x08004335   Thumb Code    78  stm32f4xx_hal_tim_ex.o(i.HAL_TIMEx_MasterConfigSynchronization)
    HAL_TIM_Base_Init                        0x08004383   Thumb Code    56  stm32f4xx_hal_tim.o(i.HAL_TIM_Base_Init)
    HAL_TIM_Base_MspInit                     0x080043bd   Thumb Code    62  tim.o(i.HAL_TIM_Base_MspInit)
    HAL_TIM_Base_Start_IT                    0x08004405   Thumb Code    34  stm32f4xx_hal_tim.o(i.HAL_TIM_Base_Start_IT)
    HAL_TIM_ConfigClockSource                0x08004427   Thumb Code   228  stm32f4xx_hal_tim.o(i.HAL_TIM_ConfigClockSource)
    HAL_TIM_Encoder_Init                     0x0800450b   Thumb Code   190  stm32f4xx_hal_tim.o(i.HAL_TIM_Encoder_Init)
    HAL_TIM_Encoder_MspInit                  0x080045c9   Thumb Code   122  tim.o(i.HAL_TIM_Encoder_MspInit)
    HAL_TIM_Encoder_Start                    0x08004651   Thumb Code    66  stm32f4xx_hal_tim.o(i.HAL_TIM_Encoder_Start)
    HAL_TIM_IC_CaptureCallback               0x08004693   Thumb Code     2  stm32f4xx_hal_tim.o(i.HAL_TIM_IC_CaptureCallback)
    HAL_TIM_IRQHandler                       0x08004695   Thumb Code   372  stm32f4xx_hal_tim.o(i.HAL_TIM_IRQHandler)
    HAL_TIM_OC_DelayElapsedCallback          0x08004809   Thumb Code     2  stm32f4xx_hal_tim.o(i.HAL_TIM_OC_DelayElapsedCallback)
    HAL_TIM_PWM_PulseFinishedCallback        0x0800480b   Thumb Code     2  stm32f4xx_hal_tim.o(i.HAL_TIM_PWM_PulseFinishedCallback)
    HAL_TIM_PeriodElapsedCallback            0x0800480d   Thumb Code   230  main.o(i.HAL_TIM_PeriodElapsedCallback)
    HAL_TIM_TriggerCallback                  0x08004931   Thumb Code     2  stm32f4xx_hal_tim.o(i.HAL_TIM_TriggerCallback)
    HardFault_Handler                        0x08004933   Thumb Code     4  stm32f4xx_it.o(i.HardFault_Handler)
    MX_CAN1_Init                             0x08004975   Thumb Code    58  can.o(i.MX_CAN1_Init)
    MX_CAN2_Init                             0x080049b9   Thumb Code    58  can.o(i.MX_CAN2_Init)
    MX_CRC_Init                              0x080049fd   Thumb Code    22  crc.o(i.MX_CRC_Init)
    MX_GPIO_Init                             0x08004a1d   Thumb Code   156  gpio.o(i.MX_GPIO_Init)
    MX_TIM1_Init                             0x08004abd   Thumb Code   122  tim.o(i.MX_TIM1_Init)
    MX_TIM4_Init                             0x08004b41   Thumb Code   102  tim.o(i.MX_TIM4_Init)
    MX_USB_DEVICE_Init                       0x08004bb1   Thumb Code    60  usb_device.o(i.MX_USB_DEVICE_Init)
    MemManage_Handler                        0x08004bfd   Thumb Code     4  stm32f4xx_it.o(i.MemManage_Handler)
    NMI_Handler                              0x08004c01   Thumb Code     2  stm32f4xx_it.o(i.NMI_Handler)
    OTG_FS_IRQHandler                        0x08004c05   Thumb Code    10  stm32f4xx_it.o(i.OTG_FS_IRQHandler)
    PID_struct_init                          0x08004e11   Thumb Code    70  motor_pid.o(i.PID_struct_init)
    PendSV_Handler                           0x08004e61   Thumb Code     2  stm32f4xx_it.o(i.PendSV_Handler)
    SVC_Handler                              0x08004e63   Thumb Code     2  stm32f4xx_it.o(i.SVC_Handler)
    SysTick_Handler                          0x08004e65   Thumb Code     8  stm32f4xx_it.o(i.SysTick_Handler)
    SystemClock_Config                       0x08004e6d   Thumb Code   170  main.o(i.SystemClock_Config)
    SystemInit                               0x08004f21   Thumb Code    82  system_stm32f4xx.o(i.SystemInit)
    TIM4_IRQHandler                          0x08004f85   Thumb Code    10  stm32f4xx_it.o(i.TIM4_IRQHandler)
    TIM_Base_SetConfig                       0x08004f95   Thumb Code   182  stm32f4xx_hal_tim.o(i.TIM_Base_SetConfig)
    TIM_CCxChannelCmd                        0x08005061   Thumb Code    30  stm32f4xx_hal_tim.o(i.TIM_CCxChannelCmd)
    TIM_ETR_SetConfig                        0x0800507f   Thumb Code    22  stm32f4xx_hal_tim.o(i.TIM_ETR_SetConfig)
    USBD_CDC_GetDeviceQualifierDescriptor    0x080051dd   Thumb Code     8  usbd_cdc.o(i.USBD_CDC_GetDeviceQualifierDescriptor)
    USBD_CDC_ReceivePacket                   0x080052b9   Thumb Code    50  usbd_cdc.o(i.USBD_CDC_ReceivePacket)
    USBD_CDC_RegisterInterface               0x080052eb   Thumb Code    16  usbd_cdc.o(i.USBD_CDC_RegisterInterface)
    USBD_CDC_SetRxBuffer                     0x080052fb   Thumb Code    12  usbd_cdc.o(i.USBD_CDC_SetRxBuffer)
    USBD_CDC_SetTxBuffer                     0x08005307   Thumb Code    16  usbd_cdc.o(i.USBD_CDC_SetTxBuffer)
    USBD_CDC_TransmitPacket                  0x080053fd   Thumb Code    56  usbd_cdc.o(i.USBD_CDC_TransmitPacket)
    USBD_ClrClassConfig                      0x08005435   Thumb Code    14  usbd_core.o(i.USBD_ClrClassConfig)
    USBD_CtlContinueRx                       0x08005469   Thumb Code    16  usbd_ioreq.o(i.USBD_CtlContinueRx)
    USBD_CtlContinueSendData                 0x08005479   Thumb Code    16  usbd_ioreq.o(i.USBD_CtlContinueSendData)
    USBD_CtlError                            0x08005489   Thumb Code    24  usbd_ctlreq.o(i.USBD_CtlError)
    USBD_CtlPrepareRx                        0x080054a1   Thumb Code    30  usbd_ioreq.o(i.USBD_CtlPrepareRx)
    USBD_CtlReceiveStatus                    0x080054bf   Thumb Code    22  usbd_ioreq.o(i.USBD_CtlReceiveStatus)
    USBD_CtlSendData                         0x080054d5   Thumb Code    26  usbd_ioreq.o(i.USBD_CtlSendData)
    USBD_CtlSendStatus                       0x080054ef   Thumb Code    22  usbd_ioreq.o(i.USBD_CtlSendStatus)
    USBD_FS_ConfigStrDescriptor              0x08005505   Thumb Code    34  usbd_desc.o(i.USBD_FS_ConfigStrDescriptor)
    USBD_FS_DeviceDescriptor                 0x08005539   Thumb Code    10  usbd_desc.o(i.USBD_FS_DeviceDescriptor)
    USBD_FS_InterfaceStrDescriptor           0x08005549   Thumb Code    34  usbd_desc.o(i.USBD_FS_InterfaceStrDescriptor)
    USBD_FS_LangIDStrDescriptor              0x08005581   Thumb Code    10  usbd_desc.o(i.USBD_FS_LangIDStrDescriptor)
    USBD_FS_ManufacturerStrDescriptor        0x08005591   Thumb Code    20  usbd_desc.o(i.USBD_FS_ManufacturerStrDescriptor)
    USBD_FS_ProductStrDescriptor             0x080055bd   Thumb Code    34  usbd_desc.o(i.USBD_FS_ProductStrDescriptor)
    USBD_FS_SerialStrDescriptor              0x080055fd   Thumb Code    18  usbd_desc.o(i.USBD_FS_SerialStrDescriptor)
    USBD_GetString                           0x080057cd   Thumb Code    68  usbd_ctlreq.o(i.USBD_GetString)
    USBD_Get_USB_Status                      0x08005811   Thumb Code    44  usbd_conf.o(i.USBD_Get_USB_Status)
    USBD_Init                                0x0800583d   Thumb Code    44  usbd_core.o(i.USBD_Init)
    USBD_LL_ClearStallEP                     0x08005869   Thumb Code    38  usbd_conf.o(i.USBD_LL_ClearStallEP)
    USBD_LL_CloseEP                          0x0800588f   Thumb Code    38  usbd_conf.o(i.USBD_LL_CloseEP)
    USBD_LL_DataInStage                      0x080058b5   Thumb Code   214  usbd_core.o(i.USBD_LL_DataInStage)
    USBD_LL_DataOutStage                     0x0800598b   Thumb Code   138  usbd_core.o(i.USBD_LL_DataOutStage)
    USBD_LL_DevConnected                     0x08005a15   Thumb Code     4  usbd_core.o(i.USBD_LL_DevConnected)
    USBD_LL_DevDisconnected                  0x08005a19   Thumb Code    22  usbd_core.o(i.USBD_LL_DevDisconnected)
    USBD_LL_GetRxDataSize                    0x08005a2f   Thumb Code    18  usbd_conf.o(i.USBD_LL_GetRxDataSize)
    USBD_LL_Init                             0x08005a41   Thumb Code   100  usbd_conf.o(i.USBD_LL_Init)
    USBD_LL_IsStallEP                        0x08005aa9   Thumb Code    56  usbd_conf.o(i.USBD_LL_IsStallEP)
    USBD_LL_IsoINIncomplete                  0x08005ae1   Thumb Code     4  usbd_core.o(i.USBD_LL_IsoINIncomplete)
    USBD_LL_IsoOUTIncomplete                 0x08005ae5   Thumb Code     4  usbd_core.o(i.USBD_LL_IsoOUTIncomplete)
    USBD_LL_OpenEP                           0x08005ae9   Thumb Code    48  usbd_conf.o(i.USBD_LL_OpenEP)
    USBD_LL_PrepareReceive                   0x08005b19   Thumb Code    48  usbd_conf.o(i.USBD_LL_PrepareReceive)
    USBD_LL_Reset                            0x08005b49   Thumb Code    82  usbd_core.o(i.USBD_LL_Reset)
    USBD_LL_Resume                           0x08005b9b   Thumb Code    12  usbd_core.o(i.USBD_LL_Resume)
    USBD_LL_SOF                              0x08005ba7   Thumb Code    24  usbd_core.o(i.USBD_LL_SOF)
    USBD_LL_SetSpeed                         0x08005bbf   Thumb Code     6  usbd_core.o(i.USBD_LL_SetSpeed)
    USBD_LL_SetUSBAddress                    0x08005bc5   Thumb Code    38  usbd_conf.o(i.USBD_LL_SetUSBAddress)
    USBD_LL_SetupStage                       0x08005beb   Thumb Code    94  usbd_core.o(i.USBD_LL_SetupStage)
    USBD_LL_StallEP                          0x08005c49   Thumb Code    38  usbd_conf.o(i.USBD_LL_StallEP)
    USBD_LL_Start                            0x08005c6f   Thumb Code    30  usbd_conf.o(i.USBD_LL_Start)
    USBD_LL_Suspend                          0x08005c8d   Thumb Code    18  usbd_core.o(i.USBD_LL_Suspend)
    USBD_LL_Transmit                         0x08005c9f   Thumb Code    48  usbd_conf.o(i.USBD_LL_Transmit)
    USBD_ParseSetupRequest                   0x08005ccf   Thumb Code    40  usbd_ctlreq.o(i.USBD_ParseSetupRequest)
    USBD_RegisterClass                       0x08005cf7   Thumb Code    18  usbd_core.o(i.USBD_RegisterClass)
    USBD_RunTestMode                         0x08005d09   Thumb Code     4  usbd_core.o(i.USBD_RunTestMode)
    USBD_SetClassConfig                      0x08005d65   Thumb Code    24  usbd_core.o(i.USBD_SetClassConfig)
    USBD_Start                               0x08005e59   Thumb Code    10  usbd_core.o(i.USBD_Start)
    USBD_StdDevReq                           0x08005e63   Thumb Code   128  usbd_ctlreq.o(i.USBD_StdDevReq)
    USBD_StdEPReq                            0x08005ee3   Thumb Code   496  usbd_ctlreq.o(i.USBD_StdEPReq)
    USBD_StdItfReq                           0x080060d3   Thumb Code   106  usbd_ctlreq.o(i.USBD_StdItfReq)
    USB_ActivateEndpoint                     0x0800613d   Thumb Code   150  stm32f4xx_ll_usb.o(i.USB_ActivateEndpoint)
    USB_ActivateSetup                        0x080061d9   Thumb Code    52  stm32f4xx_ll_usb.o(i.USB_ActivateSetup)
    USB_CoreInit                             0x0800620d   Thumb Code   126  stm32f4xx_ll_usb.o(i.USB_CoreInit)
    USB_DeactivateEndpoint                   0x080062c9   Thumb Code   134  stm32f4xx_ll_usb.o(i.USB_DeactivateEndpoint)
    USB_DevConnect                           0x08006359   Thumb Code    24  stm32f4xx_ll_usb.o(i.USB_DevConnect)
    USB_DevDisconnect                        0x08006371   Thumb Code    24  stm32f4xx_ll_usb.o(i.USB_DevDisconnect)
    USB_DevInit                              0x08006389   Thumb Code   388  stm32f4xx_ll_usb.o(i.USB_DevInit)
    USB_DisableGlobalInt                     0x08006515   Thumb Code    12  stm32f4xx_ll_usb.o(i.USB_DisableGlobalInt)
    USB_EP0StartXfer                         0x08006521   Thumb Code   298  stm32f4xx_ll_usb.o(i.USB_EP0StartXfer)
    USB_EP0_OutStart                         0x0800664d   Thumb Code    90  stm32f4xx_ll_usb.o(i.USB_EP0_OutStart)
    USB_EPClearStall                         0x080066ad   Thumb Code    88  stm32f4xx_ll_usb.o(i.USB_EPClearStall)
    USB_EPSetStall                           0x08006705   Thumb Code    94  stm32f4xx_ll_usb.o(i.USB_EPSetStall)
    USB_EPStartXfer                          0x08006763   Thumb Code   552  stm32f4xx_ll_usb.o(i.USB_EPStartXfer)
    USB_EnableGlobalInt                      0x0800698b   Thumb Code    12  stm32f4xx_ll_usb.o(i.USB_EnableGlobalInt)
    USB_FlushRxFifo                          0x08006999   Thumb Code    30  stm32f4xx_ll_usb.o(i.USB_FlushRxFifo)
    USB_FlushTxFifo                          0x080069bd   Thumb Code    34  stm32f4xx_ll_usb.o(i.USB_FlushTxFifo)
    USB_GetDevSpeed                          0x080069e5   Thumb Code    32  stm32f4xx_ll_usb.o(i.USB_GetDevSpeed)
    USB_GetMode                              0x08006a05   Thumb Code     8  stm32f4xx_ll_usb.o(i.USB_GetMode)
    USB_ReadDevAllInEpInterrupt              0x08006a0d   Thumb Code    14  stm32f4xx_ll_usb.o(i.USB_ReadDevAllInEpInterrupt)
    USB_ReadDevAllOutEpInterrupt             0x08006a1b   Thumb Code    14  stm32f4xx_ll_usb.o(i.USB_ReadDevAllOutEpInterrupt)
    USB_ReadDevInEPInterrupt                 0x08006a29   Thumb Code    36  stm32f4xx_ll_usb.o(i.USB_ReadDevInEPInterrupt)
    USB_ReadDevOutEPInterrupt                0x08006a4d   Thumb Code    16  stm32f4xx_ll_usb.o(i.USB_ReadDevOutEPInterrupt)
    USB_ReadInterrupts                       0x08006a5d   Thumb Code     8  stm32f4xx_ll_usb.o(i.USB_ReadInterrupts)
    USB_ReadPacket                           0x08006a65   Thumb Code    36  stm32f4xx_ll_usb.o(i.USB_ReadPacket)
    USB_SetCurrentMode                       0x08006a89   Thumb Code    48  stm32f4xx_ll_usb.o(i.USB_SetCurrentMode)
    USB_SetDevAddress                        0x08006ab9   Thumb Code    34  stm32f4xx_ll_usb.o(i.USB_SetDevAddress)
    USB_SetDevSpeed                          0x08006adb   Thumb Code    14  stm32f4xx_ll_usb.o(i.USB_SetDevSpeed)
    USB_SetTurnaroundTime                    0x08006ae9   Thumb Code   182  stm32f4xx_ll_usb.o(i.USB_SetTurnaroundTime)
    USB_WritePacket                          0x08006bdd   Thumb Code    48  stm32f4xx_ll_usb.o(i.USB_WritePacket)
    UsageFault_Handler                       0x08006c0d   Thumb Code     4  stm32f4xx_it.o(i.UsageFault_Handler)
    __ARM_fpclassify                         0x08006c11   Thumb Code    48  fpclassify.o(i.__ARM_fpclassify)
    _is_digit                                0x08006c41   Thumb Code    14  __printf_wp.o(i._is_digit)
    abs_limit                                0x08006c4f   Thumb Code    46  motor_pid.o(i.abs_limit)
    can_filter_init                          0x08006c7d   Thumb Code    84  bsp_can.o(i.can_filter_init)
    getAngle                                 0x08006cd9   Thumb Code    60  main.o(i.getAngle)
    getRadian                                0x08006d1d   Thumb Code    70  main.o(i.getRadian)
    getTimEncoder                            0x08006d75   Thumb Code    12  tim.o(i.getTimEncoder)
    get_total_angle                          0x08006d85   Thumb Code    98  can_receive.o(i.get_total_angle)
    main                                     0x08006de9   Thumb Code   394  main.o(i.main)
    pid_angle                                0x0800703d   Thumb Code  1002  motor_pid.o(i.pid_angle)
    usb_printf                               0x0800747d   Thumb Code    46  usbd_cdc_if.o(i.usb_printf)
    _get_lc_numeric                          0x080074b5   Thumb Code    44  lc_numeric_c.o(locale$$code)
    _get_lc_ctype                            0x080074e1   Thumb Code    44  lc_ctype_c.o(locale$$code)
    __aeabi_d2f                              0x0800750d   Thumb Code     0  d2f.o(x$fpl$d2f)
    _d2f                                     0x0800750d   Thumb Code    98  d2f.o(x$fpl$d2f)
    __aeabi_ddiv                             0x08007571   Thumb Code     0  ddiv.o(x$fpl$ddiv)
    _ddiv                                    0x08007571   Thumb Code   552  ddiv.o(x$fpl$ddiv)
    __aeabi_dmul                             0x08007821   Thumb Code     0  dmul.o(x$fpl$dmul)
    _dmul                                    0x08007821   Thumb Code   332  dmul.o(x$fpl$dmul)
    __fpl_dnaninf                            0x08007975   Thumb Code   156  dnaninf.o(x$fpl$dnaninf)
    __fpl_dretinf                            0x08007a11   Thumb Code    12  dretinf.o(x$fpl$dretinf)
    __aeabi_f2d                              0x08007a1d   Thumb Code     0  f2d.o(x$fpl$f2d)
    _f2d                                     0x08007a1d   Thumb Code    86  f2d.o(x$fpl$f2d)
    __fpl_fnaninf                            0x08007a73   Thumb Code   140  fnaninf.o(x$fpl$fnaninf)
    _fp_init                                 0x08007aff   Thumb Code    10  fpinit.o(x$fpl$fpinit)
    __fplib_config_fpu_vfp                   0x08007b07   Thumb Code     0  fpinit.o(x$fpl$fpinit)
    __fplib_config_pureend_doubles           0x08007b07   Thumb Code     0  fpinit.o(x$fpl$fpinit)
    __fpl_fretinf                            0x08007b09   Thumb Code    10  fretinf.o(x$fpl$fretinf)
    _printf_fp_dec                           0x08007b13   Thumb Code     4  printf1.o(x$fpl$printf1)
    _printf_fp_hex                           0x08007b17   Thumb Code     4  printf2.o(x$fpl$printf2)
    AHBPrescTable                            0x08007b1a   Data          16  system_stm32f4xx.o(.constdata)
    __I$use$fp                               0x08007b1a   Number         0  usenofp.o(x$fpl$usenofp)
    APBPrescTable                            0x08007b2a   Data           8  system_stm32f4xx.o(.constdata)
    Region$$Table$$Base                      0x08007c90   Number         0  anon$$obj.o(Region$$Table)
    Region$$Table$$Limit                     0x08007cb0   Number         0  anon$$obj.o(Region$$Table)
    __ctype                                  0x08007cd9   Data           0  lc_ctype_c.o(locale$$data)
    angle                                    0x20000000   Data           4  main.o(.data)
    radian                                   0x20000004   Data           4  main.o(.data)
    last_radian                              0x20000008   Data           4  main.o(.data)
    varepsilon                               0x2000000c   Data           4  main.o(.data)
    encoder                                  0x20000010   Data           4  main.o(.data)
    k_vel                                    0x20000014   Data           4  main.o(.data)
    hcrc                                     0x20000020   Data           8  crc.o(.data)
    FS_Desc                                  0x20000028   Data          28  usbd_desc.o(.data)
    USBD_FS_DeviceDesc                       0x20000044   Data          18  usbd_desc.o(.data)
    USBD_LangIDDesc                          0x20000058   Data           4  usbd_desc.o(.data)
    USBD_StringSerial                        0x2000005c   Data          26  usbd_desc.o(.data)
    set_vel                                  0x20000078   Data           2  usbd_cdc_if.o(.data)
    set_a                                    0x2000007c   Data           4  usbd_cdc_if.o(.data)
    set_encoder                              0x20000080   Data           4  usbd_cdc_if.o(.data)
    set_varepsilon                           0x20000084   Data           4  usbd_cdc_if.o(.data)
    send_flag                                0x20000088   Data           1  usbd_cdc_if.o(.data)
    pos_flag                                 0x20000089   Data           1  usbd_cdc_if.o(.data)
    vel_flag                                 0x2000008a   Data           1  usbd_cdc_if.o(.data)
    USBD_Interface_fops_FS                   0x2000008c   Data          16  usbd_cdc_if.o(.data)
    SystemCoreClock                          0x200000a0   Data           4  system_stm32f4xx.o(.data)
    varNum                                   0x200000b5   Data           1  debug.o(.data)
    delta_err                                0x200000b8   Data           4  motor_pid.o(.data)
    motor_angle                              0x200000bc   Data           4  motor_pid.o(.data)
    uwTickFreq                               0x200000c0   Data           1  stm32f4xx_hal.o(.data)
    uwTickPrio                               0x200000c4   Data           4  stm32f4xx_hal.o(.data)
    uwTick                                   0x200000c8   Data           4  stm32f4xx_hal.o(.data)
    USBD_CDC_CfgHSDesc                       0x200000dc   Data          67  usbd_cdc.o(.data)
    USBD_CDC_CfgFSDesc                       0x20000120   Data          67  usbd_cdc.o(.data)
    USBD_CDC_OtherSpeedCfgDesc               0x20000164   Data          67  usbd_cdc.o(.data)
    USBD_CDC                                 0x200001a8   Data          56  usbd_cdc.o(.data)
    hcan1                                    0x200001e0   Data          40  can.o(.bss)
    hcan2                                    0x20000208   Data          40  can.o(.bss)
    htim1                                    0x20000230   Data          64  tim.o(.bss)
    htim4                                    0x20000270   Data          64  tim.o(.bss)
    hUsbDeviceFS                             0x200002b0   Data         668  usb_device.o(.bss)
    hpcd_USB_OTG_FS                          0x2000054c   Data        1032  usbd_conf.o(.bss)
    USBD_StrDesc                             0x20000954   Data         512  usbd_desc.o(.bss)
    usb_buf                                  0x20000b54   Data         256  usbd_cdc_if.o(.bss)
    UserRxBufferFS                           0x20000c54   Data        2048  usbd_cdc_if.o(.bss)
    UserTxBufferFS                           0x20001454   Data        2048  usbd_cdc_if.o(.bss)
    motor_chassis                            0x20001c54   Data         112  can_receive.o(.bss)
    varList                                  0x20001cf4   Data         240  debug.o(.bss)
    __libspace_start                         0x20001df8   Data          96  libspace.o(.bss)
    __temporary_stack_top$libspace           0x20001e58   Data           0  libspace.o(.bss)



==============================================================================

Memory Map of the image

  Image Entry point : 0x08000189

  Load Region LR_IROM1 (Base: 0x08000000, Size: 0x00007fbc, Max: 0x00100000, ABSOLUTE, COMPRESSED[0x00007ea8])

    Execution Region ER_IROM1 (Exec base: 0x08000000, Load base: 0x08000000, Size: 0x00007ddc, Max: 0x00100000, ABSOLUTE)

    Exec Addr    Load Addr    Size         Type   Attr      Idx    E Section Name        Object

    0x08000000   0x08000000   0x00000188   Data   RO            3    RESET               startup_stm32f407xx.o
    0x08000188   0x08000188   0x00000008   Code   RO         4823  * !!!main             c_w.l(__main.o)
    0x08000190   0x08000190   0x00000034   Code   RO         5230    !!!scatter          c_w.l(__scatter.o)
    0x080001c4   0x080001c4   0x0000005a   Code   RO         5228    !!dczerorl2         c_w.l(__dczerorl2.o)
    0x0800021e   0x0800021e   0x00000002   PAD
    0x08000220   0x08000220   0x0000001c   Code   RO         5232    !!handler_zi        c_w.l(__scatter_zi.o)
    0x0800023c   0x0800023c   0x00000000   Code   RO         4956    .ARM.Collect$$_printf_percent$$00000000  c_w.l(_printf_percent.o)
    0x0800023c   0x0800023c   0x00000006   Code   RO         4945    .ARM.Collect$$_printf_percent$$00000001  c_w.l(_printf_n.o)
    0x08000242   0x08000242   0x00000006   Code   RO         4947    .ARM.Collect$$_printf_percent$$00000002  c_w.l(_printf_p.o)
    0x08000248   0x08000248   0x00000006   Code   RO         4952    .ARM.Collect$$_printf_percent$$00000003  c_w.l(_printf_f.o)
    0x0800024e   0x0800024e   0x00000006   Code   RO         4953    .ARM.Collect$$_printf_percent$$00000004  c_w.l(_printf_e.o)
    0x08000254   0x08000254   0x00000006   Code   RO         4954    .ARM.Collect$$_printf_percent$$00000005  c_w.l(_printf_g.o)
    0x0800025a   0x0800025a   0x00000006   Code   RO         4955    .ARM.Collect$$_printf_percent$$00000006  c_w.l(_printf_a.o)
    0x08000260   0x08000260   0x0000000a   Code   RO         4960    .ARM.Collect$$_printf_percent$$00000007  c_w.l(_printf_ll.o)
    0x0800026a   0x0800026a   0x00000006   Code   RO         4949    .ARM.Collect$$_printf_percent$$00000008  c_w.l(_printf_i.o)
    0x08000270   0x08000270   0x00000006   Code   RO         4950    .ARM.Collect$$_printf_percent$$00000009  c_w.l(_printf_d.o)
    0x08000276   0x08000276   0x00000006   Code   RO         4951    .ARM.Collect$$_printf_percent$$0000000A  c_w.l(_printf_u.o)
    0x0800027c   0x0800027c   0x00000006   Code   RO         4948    .ARM.Collect$$_printf_percent$$0000000B  c_w.l(_printf_o.o)
    0x08000282   0x08000282   0x00000006   Code   RO         4946    .ARM.Collect$$_printf_percent$$0000000C  c_w.l(_printf_x.o)
    0x08000288   0x08000288   0x00000006   Code   RO         4957    .ARM.Collect$$_printf_percent$$0000000D  c_w.l(_printf_lli.o)
    0x0800028e   0x0800028e   0x00000006   Code   RO         4958    .ARM.Collect$$_printf_percent$$0000000E  c_w.l(_printf_lld.o)
    0x08000294   0x08000294   0x00000006   Code   RO         4959    .ARM.Collect$$_printf_percent$$0000000F  c_w.l(_printf_llu.o)
    0x0800029a   0x0800029a   0x00000006   Code   RO         4964    .ARM.Collect$$_printf_percent$$00000010  c_w.l(_printf_llo.o)
    0x080002a0   0x080002a0   0x00000006   Code   RO         4965    .ARM.Collect$$_printf_percent$$00000011  c_w.l(_printf_llx.o)
    0x080002a6   0x080002a6   0x0000000a   Code   RO         4961    .ARM.Collect$$_printf_percent$$00000012  c_w.l(_printf_l.o)
    0x080002b0   0x080002b0   0x00000006   Code   RO         4943    .ARM.Collect$$_printf_percent$$00000013  c_w.l(_printf_c.o)
    0x080002b6   0x080002b6   0x00000006   Code   RO         4944    .ARM.Collect$$_printf_percent$$00000014  c_w.l(_printf_s.o)
    0x080002bc   0x080002bc   0x00000006   Code   RO         4962    .ARM.Collect$$_printf_percent$$00000015  c_w.l(_printf_lc.o)
    0x080002c2   0x080002c2   0x00000006   Code   RO         4963    .ARM.Collect$$_printf_percent$$00000016  c_w.l(_printf_ls.o)
    0x080002c8   0x080002c8   0x00000004   Code   RO         5077    .ARM.Collect$$_printf_percent$$00000017  c_w.l(_printf_percent_end.o)
    0x080002cc   0x080002cc   0x00000002   Code   RO         5158    .ARM.Collect$$libinit$$00000000  c_w.l(libinit.o)
    0x080002ce   0x080002ce   0x00000004   Code   RO         4968    .ARM.Collect$$libinit$$00000001  c_w.l(libinit2.o)
    0x080002d2   0x080002d2   0x00000000   Code   RO         4971    .ARM.Collect$$libinit$$00000004  c_w.l(libinit2.o)
    0x080002d2   0x080002d2   0x00000008   Code   RO         4972    .ARM.Collect$$libinit$$00000005  c_w.l(libinit2.o)
    0x080002da   0x080002da   0x00000000   Code   RO         4974    .ARM.Collect$$libinit$$0000000A  c_w.l(libinit2.o)
    0x080002da   0x080002da   0x00000000   Code   RO         4976    .ARM.Collect$$libinit$$0000000C  c_w.l(libinit2.o)
    0x080002da   0x080002da   0x00000000   Code   RO         4978    .ARM.Collect$$libinit$$0000000E  c_w.l(libinit2.o)
    0x080002da   0x080002da   0x00000006   Code   RO         4979    .ARM.Collect$$libinit$$0000000F  c_w.l(libinit2.o)
    0x080002e0   0x080002e0   0x00000000   Code   RO         4981    .ARM.Collect$$libinit$$00000011  c_w.l(libinit2.o)
    0x080002e0   0x080002e0   0x0000000c   Code   RO         4982    .ARM.Collect$$libinit$$00000012  c_w.l(libinit2.o)
    0x080002ec   0x080002ec   0x00000000   Code   RO         4983    .ARM.Collect$$libinit$$00000013  c_w.l(libinit2.o)
    0x080002ec   0x080002ec   0x00000000   Code   RO         4985    .ARM.Collect$$libinit$$00000015  c_w.l(libinit2.o)
    0x080002ec   0x080002ec   0x0000000a   Code   RO         4986    .ARM.Collect$$libinit$$00000016  c_w.l(libinit2.o)
    0x080002f6   0x080002f6   0x00000000   Code   RO         4987    .ARM.Collect$$libinit$$00000017  c_w.l(libinit2.o)
    0x080002f6   0x080002f6   0x00000000   Code   RO         4989    .ARM.Collect$$libinit$$00000019  c_w.l(libinit2.o)
    0x080002f6   0x080002f6   0x00000000   Code   RO         4991    .ARM.Collect$$libinit$$0000001B  c_w.l(libinit2.o)
    0x080002f6   0x080002f6   0x00000000   Code   RO         4993    .ARM.Collect$$libinit$$0000001D  c_w.l(libinit2.o)
    0x080002f6   0x080002f6   0x00000000   Code   RO         4995    .ARM.Collect$$libinit$$0000001F  c_w.l(libinit2.o)
    0x080002f6   0x080002f6   0x00000000   Code   RO         4997    .ARM.Collect$$libinit$$00000021  c_w.l(libinit2.o)
    0x080002f6   0x080002f6   0x00000000   Code   RO         4999    .ARM.Collect$$libinit$$00000023  c_w.l(libinit2.o)
    0x080002f6   0x080002f6   0x00000000   Code   RO         5001    .ARM.Collect$$libinit$$00000025  c_w.l(libinit2.o)
    0x080002f6   0x080002f6   0x00000000   Code   RO         5005    .ARM.Collect$$libinit$$0000002C  c_w.l(libinit2.o)
    0x080002f6   0x080002f6   0x00000000   Code   RO         5007    .ARM.Collect$$libinit$$0000002E  c_w.l(libinit2.o)
    0x080002f6   0x080002f6   0x00000000   Code   RO         5009    .ARM.Collect$$libinit$$00000030  c_w.l(libinit2.o)
    0x080002f6   0x080002f6   0x00000000   Code   RO         5011    .ARM.Collect$$libinit$$00000032  c_w.l(libinit2.o)
    0x080002f6   0x080002f6   0x00000002   Code   RO         5012    .ARM.Collect$$libinit$$00000033  c_w.l(libinit2.o)
    0x080002f8   0x080002f8   0x00000002   Code   RO         5225    .ARM.Collect$$libshutdown$$00000000  c_w.l(libshutdown.o)
    0x080002fa   0x080002fa   0x00000000   Code   RO         5183    .ARM.Collect$$libshutdown$$00000002  c_w.l(libshutdown2.o)
    0x080002fa   0x080002fa   0x00000000   Code   RO         5185    .ARM.Collect$$libshutdown$$00000004  c_w.l(libshutdown2.o)
    0x080002fa   0x080002fa   0x00000000   Code   RO         5188    .ARM.Collect$$libshutdown$$00000007  c_w.l(libshutdown2.o)
    0x080002fa   0x080002fa   0x00000000   Code   RO         5191    .ARM.Collect$$libshutdown$$0000000A  c_w.l(libshutdown2.o)
    0x080002fa   0x080002fa   0x00000000   Code   RO         5193    .ARM.Collect$$libshutdown$$0000000C  c_w.l(libshutdown2.o)
    0x080002fa   0x080002fa   0x00000000   Code   RO         5196    .ARM.Collect$$libshutdown$$0000000F  c_w.l(libshutdown2.o)
    0x080002fa   0x080002fa   0x00000002   Code   RO         5197    .ARM.Collect$$libshutdown$$00000010  c_w.l(libshutdown2.o)
    0x080002fc   0x080002fc   0x00000000   Code   RO         4845    .ARM.Collect$$rtentry$$00000000  c_w.l(__rtentry.o)
    0x080002fc   0x080002fc   0x00000000   Code   RO         5038    .ARM.Collect$$rtentry$$00000002  c_w.l(__rtentry2.o)
    0x080002fc   0x080002fc   0x00000006   Code   RO         5050    .ARM.Collect$$rtentry$$00000004  c_w.l(__rtentry4.o)
    0x08000302   0x08000302   0x00000000   Code   RO         5040    .ARM.Collect$$rtentry$$00000009  c_w.l(__rtentry2.o)
    0x08000302   0x08000302   0x00000004   Code   RO         5041    .ARM.Collect$$rtentry$$0000000A  c_w.l(__rtentry2.o)
    0x08000306   0x08000306   0x00000000   Code   RO         5043    .ARM.Collect$$rtentry$$0000000C  c_w.l(__rtentry2.o)
    0x08000306   0x08000306   0x00000008   Code   RO         5044    .ARM.Collect$$rtentry$$0000000D  c_w.l(__rtentry2.o)
    0x0800030e   0x0800030e   0x00000002   Code   RO         5165    .ARM.Collect$$rtexit$$00000000  c_w.l(rtexit.o)
    0x08000310   0x08000310   0x00000000   Code   RO         5201    .ARM.Collect$$rtexit$$00000002  c_w.l(rtexit2.o)
    0x08000310   0x08000310   0x00000004   Code   RO         5202    .ARM.Collect$$rtexit$$00000003  c_w.l(rtexit2.o)
    0x08000314   0x08000314   0x00000006   Code   RO         5203    .ARM.Collect$$rtexit$$00000004  c_w.l(rtexit2.o)
    0x0800031a   0x0800031a   0x00000002   PAD
    0x0800031c   0x0800031c   0x00000000   Code   RO         5056    .emb_text           c_w.l(maybetermalloc1.o)
    0x0800031c   0x0800031c   0x00000040   Code   RO            4    .text               startup_stm32f407xx.o
    0x0800035c   0x0800035c   0x0000005e   Code   RO         4751    .text               c_w.l(h1_alloc.o)
    0x080003ba   0x080003ba   0x0000004e   Code   RO         4753    .text               c_w.l(h1_free.o)
    0x08000408   0x08000408   0x000000ee   Code   RO         4809    .text               c_w.l(lludivv7m.o)
    0x080004f6   0x080004f6   0x00000002   PAD
    0x080004f8   0x080004f8   0x00000024   Code   RO         4811    .text               c_w.l(vsprintf.o)
    0x0800051c   0x0800051c   0x0000003e   Code   RO         4813    .text               c_w.l(strlen.o)
    0x0800055a   0x0800055a   0x0000008a   Code   RO         4815    .text               c_w.l(rt_memcpy_v6.o)
    0x080005e4   0x080005e4   0x00000064   Code   RO         4817    .text               c_w.l(rt_memcpy_w.o)
    0x08000648   0x08000648   0x0000004e   Code   RO         4819    .text               c_w.l(rt_memclr_w.o)
    0x08000696   0x08000696   0x00000006   Code   RO         4821    .text               c_w.l(heapauxi.o)
    0x0800069c   0x0800069c   0x00000008   Code   RO         4853    .text               c_w.l(rt_heap_descriptor_intlibspace.o)
    0x080006a4   0x080006a4   0x00000004   Code   RO         4855    .text               c_w.l(hguard.o)
    0x080006a8   0x080006a8   0x0000008a   Code   RO         4857    .text               c_w.l(init_alloc.o)
    0x08000732   0x08000732   0x0000000e   Code   RO         4861    .text               c_w.l(h1_init.o)
    0x08000740   0x08000740   0x0000004e   Code   RO         4877    .text               c_w.l(_printf_pad.o)
    0x0800078e   0x0800078e   0x00000024   Code   RO         4879    .text               c_w.l(_printf_truncate.o)
    0x080007b2   0x080007b2   0x00000052   Code   RO         4881    .text               c_w.l(_printf_str.o)
    0x08000804   0x08000804   0x00000078   Code   RO         4883    .text               c_w.l(_printf_dec.o)
    0x0800087c   0x0800087c   0x00000028   Code   RO         4885    .text               c_w.l(_printf_charcount.o)
    0x080008a4   0x080008a4   0x00000030   Code   RO         4887    .text               c_w.l(_printf_char_common.o)
    0x080008d4   0x080008d4   0x0000000a   Code   RO         4889    .text               c_w.l(_sputc.o)
    0x080008de   0x080008de   0x00000002   PAD
    0x080008e0   0x080008e0   0x000000bc   Code   RO         4891    .text               c_w.l(_printf_wctomb.o)
    0x0800099c   0x0800099c   0x0000007c   Code   RO         4894    .text               c_w.l(_printf_longlong_dec.o)
    0x08000a18   0x08000a18   0x00000070   Code   RO         4900    .text               c_w.l(_printf_oct_int_ll.o)
    0x08000a88   0x08000a88   0x00000094   Code   RO         4920    .text               c_w.l(_printf_hex_int_ll_ptr.o)
    0x08000b1c   0x08000b1c   0x00000188   Code   RO         4940    .text               c_w.l(__printf_flags_ss_wp.o)
    0x08000ca4   0x08000ca4   0x00000008   Code   RO         5034    .text               c_w.l(libspace.o)
    0x08000cac   0x08000cac   0x00000034   Code   RO         5058    .text               c_w.l(h1_extend.o)
    0x08000ce0   0x08000ce0   0x0000008a   Code   RO         5062    .text               c_w.l(lludiv10.o)
    0x08000d6a   0x08000d6a   0x000000b2   Code   RO         5064    .text               c_w.l(_printf_intcommon.o)
    0x08000e1c   0x08000e1c   0x0000041e   Code   RO         5066    .text               c_w.l(_printf_fp_dec.o)
    0x0800123a   0x0800123a   0x00000002   PAD
    0x0800123c   0x0800123c   0x000002fc   Code   RO         5068    .text               c_w.l(_printf_fp_hex.o)
    0x08001538   0x08001538   0x0000002c   Code   RO         5073    .text               c_w.l(_printf_char.o)
    0x08001564   0x08001564   0x0000002c   Code   RO         5075    .text               c_w.l(_printf_wchar.o)
    0x08001590   0x08001590   0x00000040   Code   RO         5078    .text               c_w.l(_wcrtomb.o)
    0x080015d0   0x080015d0   0x0000000e   Code   RO         5080    .text               c_w.l(defsig_rtmem_outer.o)
    0x080015de   0x080015de   0x00000002   Code   RO         5093    .text               c_w.l(use_no_semi.o)
    0x080015e0   0x080015e0   0x00000000   Code   RO         5095    .text               c_w.l(indicate_semi.o)
    0x080015e0   0x080015e0   0x0000004a   Code   RO         5096    .text               c_w.l(sys_stackheap_outer.o)
    0x0800162a   0x0800162a   0x00000002   PAD
    0x0800162c   0x0800162c   0x00000010   Code   RO         5098    .text               c_w.l(rt_ctype_table.o)
    0x0800163c   0x0800163c   0x00000008   Code   RO         5105    .text               c_w.l(rt_locale_intlibspace.o)
    0x08001644   0x08001644   0x00000080   Code   RO         5109    .text               c_w.l(_printf_fp_infnan.o)
    0x080016c4   0x080016c4   0x000000e4   Code   RO         5111    .text               c_w.l(bigflt0.o)
    0x080017a8   0x080017a8   0x00000012   Code   RO         5139    .text               c_w.l(exit.o)
    0x080017ba   0x080017ba   0x0000000a   Code   RO         5141    .text               c_w.l(defsig_exit.o)
    0x080017c4   0x080017c4   0x00000050   Code   RO         5147    .text               c_w.l(defsig_rtmem_inner.o)
    0x08001814   0x08001814   0x0000000c   Code   RO         5163    .text               c_w.l(sys_exit.o)
    0x08001820   0x08001820   0x00000032   Code   RO         5176    .text               c_w.l(defsig_general.o)
    0x08001852   0x08001852   0x00000002   PAD
    0x08001854   0x08001854   0x00000080   Code   RO         5180    .text               c_w.l(strcmpv7m.o)
    0x080018d4   0x080018d4   0x0000000e   Code   RO         5198    .text               c_w.l(sys_wrch.o)
    0x080018e2   0x080018e2   0x0000003e   Code   RO         5114    CL$$btod_d2e        c_w.l(btod.o)
    0x08001920   0x08001920   0x00000046   Code   RO         5116    CL$$btod_d2e_denorm_low  c_w.l(btod.o)
    0x08001966   0x08001966   0x00000060   Code   RO         5115    CL$$btod_d2e_norm_op1  c_w.l(btod.o)
    0x080019c6   0x080019c6   0x00000338   Code   RO         5124    CL$$btod_div_common  c_w.l(btod.o)
    0x08001cfe   0x08001cfe   0x000000dc   Code   RO         5121    CL$$btod_e2e        c_w.l(btod.o)
    0x08001dda   0x08001dda   0x0000002a   Code   RO         5118    CL$$btod_ediv       c_w.l(btod.o)
    0x08001e04   0x08001e04   0x0000002a   Code   RO         5117    CL$$btod_emul       c_w.l(btod.o)
    0x08001e2e   0x08001e2e   0x00000244   Code   RO         5123    CL$$btod_mult_common  c_w.l(btod.o)
    0x08002072   0x08002072   0x00000004   Code   RO          839    i.BusFault_Handler  stm32f4xx_it.o
    0x08002076   0x08002076   0x00000002   PAD
    0x08002078   0x08002078   0x00000010   Code   RO          840    i.CAN1_RX0_IRQHandler  stm32f4xx_it.o
    0x08002088   0x08002088   0x00000010   Code   RO          841    i.CAN2_RX0_IRQHandler  stm32f4xx_it.o
    0x08002098   0x08002098   0x00000050   Code   RO         1096    i.CAN_cmd_chassis   can_receive.o
    0x080020e8   0x080020e8   0x00000044   Code   RO          768    i.CDC_Control_FS    usbd_cdc_if.o
    0x0800212c   0x0800212c   0x00000004   Code   RO          769    i.CDC_DeInit_FS     usbd_cdc_if.o
    0x08002130   0x08002130   0x00000024   Code   RO          770    i.CDC_Init_FS       usbd_cdc_if.o
    0x08002154   0x08002154   0x00000028   Code   RO          771    i.CDC_Receive_FS    usbd_cdc_if.o
    0x0800217c   0x0800217c   0x00000038   Code   RO          772    i.CDC_Transmit_FS   usbd_cdc_if.o
    0x080021b4   0x080021b4   0x0000014c   Code   RO          773    i.CMD_DecodeFrame   usbd_cdc_if.o
    0x08002300   0x08002300   0x00000002   Code   RO          842    i.DebugMon_Handler  stm32f4xx_it.o
    0x08002302   0x08002302   0x00000002   PAD
    0x08002304   0x08002304   0x0000013c   Code   RO         1245    i.Debug_DecodeFrame  debug.o
    0x08002440   0x08002440   0x00000040   Code   RO         1246    i.Debug_RegisterVar  debug.o
    0x08002480   0x08002480   0x00000002   Code   RO           13    i.Error_Handler     main.o
    0x08002482   0x08002482   0x00000002   PAD
    0x08002484   0x08002484   0x00000034   Code   RO          678    i.Get_SerialNum     usbd_desc.o
    0x080024b8   0x080024b8   0x00000024   Code   RO         3117    i.HAL_CAN_ActivateNotification  stm32f4xx_hal_can.o
    0x080024dc   0x080024dc   0x00000104   Code   RO         3118    i.HAL_CAN_AddTxMessage  stm32f4xx_hal_can.o
    0x080025e0   0x080025e0   0x00000128   Code   RO         3119    i.HAL_CAN_ConfigFilter  stm32f4xx_hal_can.o
    0x08002708   0x08002708   0x00000002   Code   RO         3122    i.HAL_CAN_ErrorCallback  stm32f4xx_hal_can.o
    0x0800270a   0x0800270a   0x0000016c   Code   RO         3125    i.HAL_CAN_GetRxMessage  stm32f4xx_hal_can.o
    0x08002876   0x08002876   0x00000234   Code   RO         3129    i.HAL_CAN_IRQHandler  stm32f4xx_hal_can.o
    0x08002aaa   0x08002aaa   0x00000168   Code   RO         3130    i.HAL_CAN_Init      stm32f4xx_hal_can.o
    0x08002c12   0x08002c12   0x00000002   PAD
    0x08002c14   0x08002c14   0x00000160   Code   RO          285    i.HAL_CAN_MspInit   can.o
    0x08002d74   0x08002d74   0x00000002   Code   RO         3137    i.HAL_CAN_RxFifo0FullCallback  stm32f4xx_hal_can.o
    0x08002d76   0x08002d76   0x00000002   PAD
    0x08002d78   0x08002d78   0x000000d0   Code   RO         1099    i.HAL_CAN_RxFifo0MsgPendingCallback  can_receive.o
    0x08002e48   0x08002e48   0x00000002   Code   RO         3139    i.HAL_CAN_RxFifo1FullCallback  stm32f4xx_hal_can.o
    0x08002e4a   0x08002e4a   0x00000002   Code   RO         3140    i.HAL_CAN_RxFifo1MsgPendingCallback  stm32f4xx_hal_can.o
    0x08002e4c   0x08002e4c   0x00000002   Code   RO         3141    i.HAL_CAN_SleepCallback  stm32f4xx_hal_can.o
    0x08002e4e   0x08002e4e   0x00000064   Code   RO         3142    i.HAL_CAN_Start     stm32f4xx_hal_can.o
    0x08002eb2   0x08002eb2   0x00000002   Code   RO         3144    i.HAL_CAN_TxMailbox0AbortCallback  stm32f4xx_hal_can.o
    0x08002eb4   0x08002eb4   0x00000002   Code   RO         3145    i.HAL_CAN_TxMailbox0CompleteCallback  stm32f4xx_hal_can.o
    0x08002eb6   0x08002eb6   0x00000002   Code   RO         3146    i.HAL_CAN_TxMailbox1AbortCallback  stm32f4xx_hal_can.o
    0x08002eb8   0x08002eb8   0x00000002   Code   RO         3147    i.HAL_CAN_TxMailbox1CompleteCallback  stm32f4xx_hal_can.o
    0x08002eba   0x08002eba   0x00000002   Code   RO         3148    i.HAL_CAN_TxMailbox2AbortCallback  stm32f4xx_hal_can.o
    0x08002ebc   0x08002ebc   0x00000002   Code   RO         3149    i.HAL_CAN_TxMailbox2CompleteCallback  stm32f4xx_hal_can.o
    0x08002ebe   0x08002ebe   0x00000002   Code   RO         3151    i.HAL_CAN_WakeUpFromRxMsgCallback  stm32f4xx_hal_can.o
    0x08002ec0   0x08002ec0   0x00000028   Code   RO         3354    i.HAL_CRC_Init      stm32f4xx_hal_crc.o
    0x08002ee8   0x08002ee8   0x00000034   Code   RO          335    i.HAL_CRC_MspInit   crc.o
    0x08002f1c   0x08002f1c   0x00000028   Code   RO         2868    i.HAL_Delay         stm32f4xx_hal.o
    0x08002f44   0x08002f44   0x0000021c   Code   RO         2347    i.HAL_GPIO_Init     stm32f4xx_hal_gpio.o
    0x08003160   0x08003160   0x0000000c   Code   RO         2874    i.HAL_GetTick       stm32f4xx_hal.o
    0x0800316c   0x0800316c   0x00000010   Code   RO         2880    i.HAL_IncTick       stm32f4xx_hal.o
    0x0800317c   0x0800317c   0x00000034   Code   RO         2881    i.HAL_Init          stm32f4xx_hal.o
    0x080031b0   0x080031b0   0x00000044   Code   RO         2882    i.HAL_InitTick      stm32f4xx_hal.o
    0x080031f4   0x080031f4   0x00000048   Code   RO          939    i.HAL_MspInit       stm32f4xx_hal_msp.o
    0x0800323c   0x0800323c   0x0000001c   Code   RO         2736    i.HAL_NVIC_EnableIRQ  stm32f4xx_hal_cortex.o
    0x08003258   0x08003258   0x00000068   Code   RO         2742    i.HAL_NVIC_SetPriority  stm32f4xx_hal_cortex.o
    0x080032c0   0x080032c0   0x00000024   Code   RO         2743    i.HAL_NVIC_SetPriorityGrouping  stm32f4xx_hal_cortex.o
    0x080032e4   0x080032e4   0x00000002   Code   RO         1600    i.HAL_PCDEx_LPM_Callback  stm32f4xx_hal_pcd_ex.o
    0x080032e6   0x080032e6   0x00000008   Code   RO         1601    i.HAL_PCDEx_SetRxFiFo  stm32f4xx_hal_pcd_ex.o
    0x080032ee   0x080032ee   0x0000004a   Code   RO         1602    i.HAL_PCDEx_SetTxFiFo  stm32f4xx_hal_pcd_ex.o
    0x08003338   0x08003338   0x0000000e   Code   RO          479    i.HAL_PCD_ConnectCallback  usbd_conf.o
    0x08003346   0x08003346   0x00000020   Code   RO          480    i.HAL_PCD_DataInStageCallback  usbd_conf.o
    0x08003366   0x08003366   0x00000020   Code   RO          481    i.HAL_PCD_DataOutStageCallback  usbd_conf.o
    0x08003386   0x08003386   0x0000000e   Code   RO          482    i.HAL_PCD_DisconnectCallback  usbd_conf.o
    0x08003394   0x08003394   0x0000004a   Code   RO         1383    i.HAL_PCD_EP_Close  stm32f4xx_hal_pcd.o
    0x080033de   0x080033de   0x0000005c   Code   RO         1384    i.HAL_PCD_EP_ClrStall  stm32f4xx_hal_pcd.o
    0x0800343a   0x0800343a   0x00000012   Code   RO         1386    i.HAL_PCD_EP_GetRxCount  stm32f4xx_hal_pcd.o
    0x0800344c   0x0800344c   0x0000005c   Code   RO         1387    i.HAL_PCD_EP_Open   stm32f4xx_hal_pcd.o
    0x080034a8   0x080034a8   0x00000046   Code   RO         1388    i.HAL_PCD_EP_Receive  stm32f4xx_hal_pcd.o
    0x080034ee   0x080034ee   0x00000074   Code   RO         1389    i.HAL_PCD_EP_SetStall  stm32f4xx_hal_pcd.o
    0x08003562   0x08003562   0x00000046   Code   RO         1390    i.HAL_PCD_EP_Transmit  stm32f4xx_hal_pcd.o
    0x080035a8   0x080035a8   0x0000042e   Code   RO         1392    i.HAL_PCD_IRQHandler  stm32f4xx_hal_pcd.o
    0x080039d6   0x080039d6   0x00000012   Code   RO          483    i.HAL_PCD_ISOINIncompleteCallback  usbd_conf.o
    0x080039e8   0x080039e8   0x00000012   Code   RO          484    i.HAL_PCD_ISOOUTIncompleteCallback  usbd_conf.o
    0x080039fa   0x080039fa   0x00000140   Code   RO         1395    i.HAL_PCD_Init      stm32f4xx_hal_pcd.o
    0x08003b3a   0x08003b3a   0x00000002   PAD
    0x08003b3c   0x08003b3c   0x000000a8   Code   RO          486    i.HAL_PCD_MspInit   usbd_conf.o
    0x08003be4   0x08003be4   0x00000030   Code   RO          487    i.HAL_PCD_ResetCallback  usbd_conf.o
    0x08003c14   0x08003c14   0x0000000e   Code   RO          488    i.HAL_PCD_ResumeCallback  usbd_conf.o
    0x08003c22   0x08003c22   0x0000000e   Code   RO          489    i.HAL_PCD_SOFCallback  usbd_conf.o
    0x08003c30   0x08003c30   0x00000028   Code   RO         1401    i.HAL_PCD_SetAddress  stm32f4xx_hal_pcd.o
    0x08003c58   0x08003c58   0x00000012   Code   RO          490    i.HAL_PCD_SetupStageCallback  usbd_conf.o
    0x08003c6a   0x08003c6a   0x00000042   Code   RO         1403    i.HAL_PCD_Start     stm32f4xx_hal_pcd.o
    0x08003cac   0x08003cac   0x00000034   Code   RO          491    i.HAL_PCD_SuspendCallback  usbd_conf.o
    0x08003ce0   0x08003ce0   0x00000174   Code   RO         1948    i.HAL_RCC_ClockConfig  stm32f4xx_hal_rcc.o
    0x08003e54   0x08003e54   0x0000000c   Code   RO         1953    i.HAL_RCC_GetHCLKFreq  stm32f4xx_hal_rcc.o
    0x08003e60   0x08003e60   0x00000070   Code   RO         1957    i.HAL_RCC_GetSysClockFreq  stm32f4xx_hal_rcc.o
    0x08003ed0   0x08003ed0   0x00000436   Code   RO         1960    i.HAL_RCC_OscConfig  stm32f4xx_hal_rcc.o
    0x08004306   0x08004306   0x00000002   PAD
    0x08004308   0x08004308   0x00000028   Code   RO         2747    i.HAL_SYSTICK_Config  stm32f4xx_hal_cortex.o
    0x08004330   0x08004330   0x00000002   Code   RO         4098    i.HAL_TIMEx_BreakCallback  stm32f4xx_hal_tim_ex.o
    0x08004332   0x08004332   0x00000002   Code   RO         4099    i.HAL_TIMEx_CommutCallback  stm32f4xx_hal_tim_ex.o
    0x08004334   0x08004334   0x0000004e   Code   RO         4116    i.HAL_TIMEx_MasterConfigSynchronization  stm32f4xx_hal_tim_ex.o
    0x08004382   0x08004382   0x00000038   Code   RO         3412    i.HAL_TIM_Base_Init  stm32f4xx_hal_tim.o
    0x080043ba   0x080043ba   0x00000002   PAD
    0x080043bc   0x080043bc   0x00000048   Code   RO          377    i.HAL_TIM_Base_MspInit  tim.o
    0x08004404   0x08004404   0x00000022   Code   RO         3417    i.HAL_TIM_Base_Start_IT  stm32f4xx_hal_tim.o
    0x08004426   0x08004426   0x000000e4   Code   RO         3421    i.HAL_TIM_ConfigClockSource  stm32f4xx_hal_tim.o
    0x0800450a   0x0800450a   0x000000be   Code   RO         3430    i.HAL_TIM_Encoder_Init  stm32f4xx_hal_tim.o
    0x080045c8   0x080045c8   0x00000088   Code   RO          379    i.HAL_TIM_Encoder_MspInit  tim.o
    0x08004650   0x08004650   0x00000042   Code   RO         3433    i.HAL_TIM_Encoder_Start  stm32f4xx_hal_tim.o
    0x08004692   0x08004692   0x00000002   Code   RO         3441    i.HAL_TIM_IC_CaptureCallback  stm32f4xx_hal_tim.o
    0x08004694   0x08004694   0x00000174   Code   RO         3455    i.HAL_TIM_IRQHandler  stm32f4xx_hal_tim.o
    0x08004808   0x08004808   0x00000002   Code   RO         3458    i.HAL_TIM_OC_DelayElapsedCallback  stm32f4xx_hal_tim.o
    0x0800480a   0x0800480a   0x00000002   Code   RO         3485    i.HAL_TIM_PWM_PulseFinishedCallback  stm32f4xx_hal_tim.o
    0x0800480c   0x0800480c   0x00000124   Code   RO           14    i.HAL_TIM_PeriodElapsedCallback  main.o
    0x08004930   0x08004930   0x00000002   Code   RO         3498    i.HAL_TIM_TriggerCallback  stm32f4xx_hal_tim.o
    0x08004932   0x08004932   0x00000004   Code   RO          843    i.HardFault_Handler  stm32f4xx_it.o
    0x08004936   0x08004936   0x0000003e   Code   RO          679    i.IntToUnicode      usbd_desc.o
    0x08004974   0x08004974   0x00000044   Code   RO          286    i.MX_CAN1_Init      can.o
    0x080049b8   0x080049b8   0x00000044   Code   RO          287    i.MX_CAN2_Init      can.o
    0x080049fc   0x080049fc   0x00000020   Code   RO          336    i.MX_CRC_Init       crc.o
    0x08004a1c   0x08004a1c   0x000000a0   Code   RO          256    i.MX_GPIO_Init      gpio.o
    0x08004abc   0x08004abc   0x00000084   Code   RO          381    i.MX_TIM1_Init      tim.o
    0x08004b40   0x08004b40   0x00000070   Code   RO          382    i.MX_TIM4_Init      tim.o
    0x08004bb0   0x08004bb0   0x0000004c   Code   RO          448    i.MX_USB_DEVICE_Init  usb_device.o
    0x08004bfc   0x08004bfc   0x00000004   Code   RO          844    i.MemManage_Handler  stm32f4xx_it.o
    0x08004c00   0x08004c00   0x00000002   Code   RO          845    i.NMI_Handler       stm32f4xx_it.o
    0x08004c02   0x08004c02   0x00000002   PAD
    0x08004c04   0x08004c04   0x00000010   Code   RO          846    i.OTG_FS_IRQHandler  stm32f4xx_it.o
    0x08004c14   0x08004c14   0x00000068   Code   RO         1406    i.PCD_EP_OutSetupPacket_int  stm32f4xx_hal_pcd.o
    0x08004c7c   0x08004c7c   0x000000f0   Code   RO         1407    i.PCD_EP_OutXfrComplete_int  stm32f4xx_hal_pcd.o
    0x08004d6c   0x08004d6c   0x000000a2   Code   RO         1408    i.PCD_WriteEmptyTxFifo  stm32f4xx_hal_pcd.o
    0x08004e0e   0x08004e0e   0x00000002   PAD
    0x08004e10   0x08004e10   0x00000050   Code   RO         1296    i.PID_struct_init   motor_pid.o
    0x08004e60   0x08004e60   0x00000002   Code   RO          847    i.PendSV_Handler    stm32f4xx_it.o
    0x08004e62   0x08004e62   0x00000002   Code   RO          848    i.SVC_Handler       stm32f4xx_it.o
    0x08004e64   0x08004e64   0x00000008   Code   RO          849    i.SysTick_Handler   stm32f4xx_it.o
    0x08004e6c   0x08004e6c   0x000000b4   Code   RO           15    i.SystemClock_Config  main.o
    0x08004f20   0x08004f20   0x00000064   Code   RO          964    i.SystemInit        system_stm32f4xx.o
    0x08004f84   0x08004f84   0x00000010   Code   RO          850    i.TIM4_IRQHandler   stm32f4xx_it.o
    0x08004f94   0x08004f94   0x000000cc   Code   RO         3500    i.TIM_Base_SetConfig  stm32f4xx_hal_tim.o
    0x08005060   0x08005060   0x0000001e   Code   RO         3501    i.TIM_CCxChannelCmd  stm32f4xx_hal_tim.o
    0x0800507e   0x0800507e   0x00000016   Code   RO         3511    i.TIM_ETR_SetConfig  stm32f4xx_hal_tim.o
    0x08005094   0x08005094   0x00000010   Code   RO         3512    i.TIM_ITRx_SetConfig  stm32f4xx_hal_tim.o
    0x080050a4   0x080050a4   0x00000026   Code   RO         3518    i.TIM_TI1_ConfigInputStage  stm32f4xx_hal_tim.o
    0x080050ca   0x080050ca   0x00000024   Code   RO         3520    i.TIM_TI2_ConfigInputStage  stm32f4xx_hal_tim.o
    0x080050ee   0x080050ee   0x0000004c   Code   RO         4642    i.USBD_CDC_DataIn   usbd_cdc.o
    0x0800513a   0x0800513a   0x00000030   Code   RO         4643    i.USBD_CDC_DataOut  usbd_cdc.o
    0x0800516a   0x0800516a   0x00000046   Code   RO         4644    i.USBD_CDC_DeInit   usbd_cdc.o
    0x080051b0   0x080051b0   0x0000002a   Code   RO         4645    i.USBD_CDC_EP0_RxReady  usbd_cdc.o
    0x080051da   0x080051da   0x00000002   PAD
    0x080051dc   0x080051dc   0x0000000c   Code   RO         4646    i.USBD_CDC_GetDeviceQualifierDescriptor  usbd_cdc.o
    0x080051e8   0x080051e8   0x0000000c   Code   RO         4647    i.USBD_CDC_GetFSCfgDesc  usbd_cdc.o
    0x080051f4   0x080051f4   0x0000000c   Code   RO         4648    i.USBD_CDC_GetHSCfgDesc  usbd_cdc.o
    0x08005200   0x08005200   0x0000000c   Code   RO         4649    i.USBD_CDC_GetOtherSpeedCfgDesc  usbd_cdc.o
    0x0800520c   0x0800520c   0x000000ac   Code   RO         4650    i.USBD_CDC_Init     usbd_cdc.o
    0x080052b8   0x080052b8   0x00000032   Code   RO         4651    i.USBD_CDC_ReceivePacket  usbd_cdc.o
    0x080052ea   0x080052ea   0x00000010   Code   RO         4652    i.USBD_CDC_RegisterInterface  usbd_cdc.o
    0x080052fa   0x080052fa   0x0000000c   Code   RO         4653    i.USBD_CDC_SetRxBuffer  usbd_cdc.o
    0x08005306   0x08005306   0x00000010   Code   RO         4654    i.USBD_CDC_SetTxBuffer  usbd_cdc.o
    0x08005316   0x08005316   0x000000e6   Code   RO         4655    i.USBD_CDC_Setup    usbd_cdc.o
    0x080053fc   0x080053fc   0x00000038   Code   RO         4656    i.USBD_CDC_TransmitPacket  usbd_cdc.o
    0x08005434   0x08005434   0x0000000e   Code   RO         4349    i.USBD_ClrClassConfig  usbd_core.o
    0x08005442   0x08005442   0x00000026   Code   RO         4487    i.USBD_ClrFeature   usbd_ctlreq.o
    0x08005468   0x08005468   0x00000010   Code   RO         4582    i.USBD_CtlContinueRx  usbd_ioreq.o
    0x08005478   0x08005478   0x00000010   Code   RO         4583    i.USBD_CtlContinueSendData  usbd_ioreq.o
    0x08005488   0x08005488   0x00000018   Code   RO         4488    i.USBD_CtlError     usbd_ctlreq.o
    0x080054a0   0x080054a0   0x0000001e   Code   RO         4584    i.USBD_CtlPrepareRx  usbd_ioreq.o
    0x080054be   0x080054be   0x00000016   Code   RO         4585    i.USBD_CtlReceiveStatus  usbd_ioreq.o
    0x080054d4   0x080054d4   0x0000001a   Code   RO         4586    i.USBD_CtlSendData  usbd_ioreq.o
    0x080054ee   0x080054ee   0x00000016   Code   RO         4587    i.USBD_CtlSendStatus  usbd_ioreq.o
    0x08005504   0x08005504   0x00000034   Code   RO          680    i.USBD_FS_ConfigStrDescriptor  usbd_desc.o
    0x08005538   0x08005538   0x00000010   Code   RO          681    i.USBD_FS_DeviceDescriptor  usbd_desc.o
    0x08005548   0x08005548   0x00000038   Code   RO          682    i.USBD_FS_InterfaceStrDescriptor  usbd_desc.o
    0x08005580   0x08005580   0x00000010   Code   RO          683    i.USBD_FS_LangIDStrDescriptor  usbd_desc.o
    0x08005590   0x08005590   0x0000002c   Code   RO          684    i.USBD_FS_ManufacturerStrDescriptor  usbd_desc.o
    0x080055bc   0x080055bc   0x00000040   Code   RO          685    i.USBD_FS_ProductStrDescriptor  usbd_desc.o
    0x080055fc   0x080055fc   0x00000018   Code   RO          686    i.USBD_FS_SerialStrDescriptor  usbd_desc.o
    0x08005614   0x08005614   0x00000034   Code   RO         4489    i.USBD_GetConfig    usbd_ctlreq.o
    0x08005648   0x08005648   0x00000136   Code   RO         4490    i.USBD_GetDescriptor  usbd_ctlreq.o
    0x0800577e   0x0800577e   0x00000018   Code   RO         4491    i.USBD_GetLen       usbd_ctlreq.o
    0x08005796   0x08005796   0x00000036   Code   RO         4492    i.USBD_GetStatus    usbd_ctlreq.o
    0x080057cc   0x080057cc   0x00000044   Code   RO         4493    i.USBD_GetString    usbd_ctlreq.o
    0x08005810   0x08005810   0x0000002c   Code   RO          492    i.USBD_Get_USB_Status  usbd_conf.o
    0x0800583c   0x0800583c   0x0000002c   Code   RO         4351    i.USBD_Init         usbd_core.o
    0x08005868   0x08005868   0x00000026   Code   RO          493    i.USBD_LL_ClearStallEP  usbd_conf.o
    0x0800588e   0x0800588e   0x00000026   Code   RO          494    i.USBD_LL_CloseEP   usbd_conf.o
    0x080058b4   0x080058b4   0x000000d6   Code   RO         4352    i.USBD_LL_DataInStage  usbd_core.o
    0x0800598a   0x0800598a   0x0000008a   Code   RO         4353    i.USBD_LL_DataOutStage  usbd_core.o
    0x08005a14   0x08005a14   0x00000004   Code   RO         4354    i.USBD_LL_DevConnected  usbd_core.o
    0x08005a18   0x08005a18   0x00000016   Code   RO         4355    i.USBD_LL_DevDisconnected  usbd_core.o
    0x08005a2e   0x08005a2e   0x00000012   Code   RO          498    i.USBD_LL_GetRxDataSize  usbd_conf.o
    0x08005a40   0x08005a40   0x00000068   Code   RO          499    i.USBD_LL_Init      usbd_conf.o
    0x08005aa8   0x08005aa8   0x00000038   Code   RO          500    i.USBD_LL_IsStallEP  usbd_conf.o
    0x08005ae0   0x08005ae0   0x00000004   Code   RO         4356    i.USBD_LL_IsoINIncomplete  usbd_core.o
    0x08005ae4   0x08005ae4   0x00000004   Code   RO         4357    i.USBD_LL_IsoOUTIncomplete  usbd_core.o
    0x08005ae8   0x08005ae8   0x00000030   Code   RO          501    i.USBD_LL_OpenEP    usbd_conf.o
    0x08005b18   0x08005b18   0x00000030   Code   RO          502    i.USBD_LL_PrepareReceive  usbd_conf.o
    0x08005b48   0x08005b48   0x00000052   Code   RO         4358    i.USBD_LL_Reset     usbd_core.o
    0x08005b9a   0x08005b9a   0x0000000c   Code   RO         4359    i.USBD_LL_Resume    usbd_core.o
    0x08005ba6   0x08005ba6   0x00000018   Code   RO         4360    i.USBD_LL_SOF       usbd_core.o
    0x08005bbe   0x08005bbe   0x00000006   Code   RO         4361    i.USBD_LL_SetSpeed  usbd_core.o
    0x08005bc4   0x08005bc4   0x00000026   Code   RO          503    i.USBD_LL_SetUSBAddress  usbd_conf.o
    0x08005bea   0x08005bea   0x0000005e   Code   RO         4362    i.USBD_LL_SetupStage  usbd_core.o
    0x08005c48   0x08005c48   0x00000026   Code   RO          504    i.USBD_LL_StallEP   usbd_conf.o
    0x08005c6e   0x08005c6e   0x0000001e   Code   RO          505    i.USBD_LL_Start     usbd_conf.o
    0x08005c8c   0x08005c8c   0x00000012   Code   RO         4363    i.USBD_LL_Suspend   usbd_core.o
    0x08005c9e   0x08005c9e   0x00000030   Code   RO          507    i.USBD_LL_Transmit  usbd_conf.o
    0x08005cce   0x08005cce   0x00000028   Code   RO         4494    i.USBD_ParseSetupRequest  usbd_ctlreq.o
    0x08005cf6   0x08005cf6   0x00000012   Code   RO         4364    i.USBD_RegisterClass  usbd_core.o
    0x08005d08   0x08005d08   0x00000004   Code   RO         4365    i.USBD_RunTestMode  usbd_core.o
    0x08005d0c   0x08005d0c   0x00000058   Code   RO         4495    i.USBD_SetAddress   usbd_ctlreq.o
    0x08005d64   0x08005d64   0x00000018   Code   RO         4366    i.USBD_SetClassConfig  usbd_core.o
    0x08005d7c   0x08005d7c   0x000000cc   Code   RO         4496    i.USBD_SetConfig    usbd_ctlreq.o
    0x08005e48   0x08005e48   0x00000010   Code   RO         4497    i.USBD_SetFeature   usbd_ctlreq.o
    0x08005e58   0x08005e58   0x0000000a   Code   RO         4367    i.USBD_Start        usbd_core.o
    0x08005e62   0x08005e62   0x00000080   Code   RO         4498    i.USBD_StdDevReq    usbd_ctlreq.o
    0x08005ee2   0x08005ee2   0x000001f0   Code   RO         4499    i.USBD_StdEPReq     usbd_ctlreq.o
    0x080060d2   0x080060d2   0x0000006a   Code   RO         4500    i.USBD_StdItfReq    usbd_ctlreq.o
    0x0800613c   0x0800613c   0x0000009c   Code   RO         1642    i.USB_ActivateEndpoint  stm32f4xx_ll_usb.o
    0x080061d8   0x080061d8   0x00000034   Code   RO         1644    i.USB_ActivateSetup  stm32f4xx_ll_usb.o
    0x0800620c   0x0800620c   0x0000007e   Code   RO         1646    i.USB_CoreInit      stm32f4xx_ll_usb.o
    0x0800628a   0x0800628a   0x00000002   PAD
    0x0800628c   0x0800628c   0x0000003c   Code   RO         1647    i.USB_CoreReset     stm32f4xx_ll_usb.o
    0x080062c8   0x080062c8   0x00000090   Code   RO         1650    i.USB_DeactivateEndpoint  stm32f4xx_ll_usb.o
    0x08006358   0x08006358   0x00000018   Code   RO         1651    i.USB_DevConnect    stm32f4xx_ll_usb.o
    0x08006370   0x08006370   0x00000018   Code   RO         1652    i.USB_DevDisconnect  stm32f4xx_ll_usb.o
    0x08006388   0x08006388   0x0000018c   Code   RO         1653    i.USB_DevInit       stm32f4xx_ll_usb.o
    0x08006514   0x08006514   0x0000000c   Code   RO         1654    i.USB_DisableGlobalInt  stm32f4xx_ll_usb.o
    0x08006520   0x08006520   0x0000012a   Code   RO         1657    i.USB_EP0StartXfer  stm32f4xx_ll_usb.o
    0x0800664a   0x0800664a   0x00000002   PAD
    0x0800664c   0x0800664c   0x00000060   Code   RO         1658    i.USB_EP0_OutStart  stm32f4xx_ll_usb.o
    0x080066ac   0x080066ac   0x00000058   Code   RO         1659    i.USB_EPClearStall  stm32f4xx_ll_usb.o
    0x08006704   0x08006704   0x0000005e   Code   RO         1660    i.USB_EPSetStall    stm32f4xx_ll_usb.o
    0x08006762   0x08006762   0x00000228   Code   RO         1661    i.USB_EPStartXfer   stm32f4xx_ll_usb.o
    0x0800698a   0x0800698a   0x0000000c   Code   RO         1662    i.USB_EnableGlobalInt  stm32f4xx_ll_usb.o
    0x08006996   0x08006996   0x00000002   PAD
    0x08006998   0x08006998   0x00000024   Code   RO         1663    i.USB_FlushRxFifo   stm32f4xx_ll_usb.o
    0x080069bc   0x080069bc   0x00000028   Code   RO         1664    i.USB_FlushTxFifo   stm32f4xx_ll_usb.o
    0x080069e4   0x080069e4   0x00000020   Code   RO         1666    i.USB_GetDevSpeed   stm32f4xx_ll_usb.o
    0x08006a04   0x08006a04   0x00000008   Code   RO         1668    i.USB_GetMode       stm32f4xx_ll_usb.o
    0x08006a0c   0x08006a0c   0x0000000e   Code   RO         1675    i.USB_ReadDevAllInEpInterrupt  stm32f4xx_ll_usb.o
    0x08006a1a   0x08006a1a   0x0000000e   Code   RO         1676    i.USB_ReadDevAllOutEpInterrupt  stm32f4xx_ll_usb.o
    0x08006a28   0x08006a28   0x00000024   Code   RO         1677    i.USB_ReadDevInEPInterrupt  stm32f4xx_ll_usb.o
    0x08006a4c   0x08006a4c   0x00000010   Code   RO         1678    i.USB_ReadDevOutEPInterrupt  stm32f4xx_ll_usb.o
    0x08006a5c   0x08006a5c   0x00000008   Code   RO         1679    i.USB_ReadInterrupts  stm32f4xx_ll_usb.o
    0x08006a64   0x08006a64   0x00000024   Code   RO         1680    i.USB_ReadPacket    stm32f4xx_ll_usb.o
    0x08006a88   0x08006a88   0x00000030   Code   RO         1682    i.USB_SetCurrentMode  stm32f4xx_ll_usb.o
    0x08006ab8   0x08006ab8   0x00000022   Code   RO         1683    i.USB_SetDevAddress  stm32f4xx_ll_usb.o
    0x08006ada   0x08006ada   0x0000000e   Code   RO         1684    i.USB_SetDevSpeed   stm32f4xx_ll_usb.o
    0x08006ae8   0x08006ae8   0x000000f4   Code   RO         1685    i.USB_SetTurnaroundTime  stm32f4xx_ll_usb.o
    0x08006bdc   0x08006bdc   0x00000030   Code   RO         1688    i.USB_WritePacket   stm32f4xx_ll_usb.o
    0x08006c0c   0x08006c0c   0x00000004   Code   RO          851    i.UsageFault_Handler  stm32f4xx_it.o
    0x08006c10   0x08006c10   0x00000030   Code   RO         5161    i.__ARM_fpclassify  m_wm.l(fpclassify.o)
    0x08006c40   0x08006c40   0x0000000e   Code   RO         4933    i._is_digit         c_w.l(__printf_wp.o)
    0x08006c4e   0x08006c4e   0x0000002e   Code   RO         1297    i.abs_limit         motor_pid.o
    0x08006c7c   0x08006c7c   0x0000005c   Code   RO         1000    i.can_filter_init   bsp_can.o
    0x08006cd8   0x08006cd8   0x00000044   Code   RO           16    i.getAngle          main.o
    0x08006d1c   0x08006d1c   0x00000058   Code   RO           17    i.getRadian         main.o
    0x08006d74   0x08006d74   0x00000010   Code   RO          383    i.getTimEncoder     tim.o
    0x08006d84   0x08006d84   0x00000062   Code   RO         1102    i.get_total_angle   can_receive.o
    0x08006de6   0x08006de6   0x00000002   PAD
    0x08006de8   0x08006de8   0x00000254   Code   RO           18    i.main              main.o
    0x0800703c   0x0800703c   0x00000408   Code   RO         1298    i.pid_angle         motor_pid.o
    0x08007444   0x08007444   0x00000028   Code   RO         1300    i.pid_param_init    motor_pid.o
    0x0800746c   0x0800746c   0x0000000e   Code   RO         1301    i.pid_reset         motor_pid.o
    0x0800747a   0x0800747a   0x00000002   PAD
    0x0800747c   0x0800747c   0x00000038   Code   RO          774    i.usb_printf        usbd_cdc_if.o
    0x080074b4   0x080074b4   0x0000002c   Code   RO         5137    locale$$code        c_w.l(lc_numeric_c.o)
    0x080074e0   0x080074e0   0x0000002c   Code   RO         5172    locale$$code        c_w.l(lc_ctype_c.o)
    0x0800750c   0x0800750c   0x00000062   Code   RO         4825    x$fpl$d2f           fz_wm.l(d2f.o)
    0x0800756e   0x0800756e   0x00000002   PAD
    0x08007570   0x08007570   0x000002b0   Code   RO         4828    x$fpl$ddiv          fz_wm.l(ddiv.o)
    0x08007820   0x08007820   0x00000154   Code   RO         4831    x$fpl$dmul          fz_wm.l(dmul.o)
    0x08007974   0x08007974   0x0000009c   Code   RO         5015    x$fpl$dnaninf       fz_wm.l(dnaninf.o)
    0x08007a10   0x08007a10   0x0000000c   Code   RO         5017    x$fpl$dretinf       fz_wm.l(dretinf.o)
    0x08007a1c   0x08007a1c   0x00000056   Code   RO         4835    x$fpl$f2d           fz_wm.l(f2d.o)
    0x08007a72   0x08007a72   0x0000008c   Code   RO         5019    x$fpl$fnaninf       fz_wm.l(fnaninf.o)
    0x08007afe   0x08007afe   0x0000000a   Code   RO         5091    x$fpl$fpinit        fz_wm.l(fpinit.o)
    0x08007b08   0x08007b08   0x0000000a   Code   RO         5021    x$fpl$fretinf       fz_wm.l(fretinf.o)
    0x08007b12   0x08007b12   0x00000004   Code   RO         5023    x$fpl$printf1       fz_wm.l(printf1.o)
    0x08007b16   0x08007b16   0x00000004   Code   RO         5025    x$fpl$printf2       fz_wm.l(printf2.o)
    0x08007b1a   0x08007b1a   0x00000000   Code   RO         5031    x$fpl$usenofp       fz_wm.l(usenofp.o)
    0x08007b1a   0x08007b1a   0x00000018   Data   RO          965    .constdata          system_stm32f4xx.o
    0x08007b32   0x08007b32   0x00000002   PAD
    0x08007b34   0x08007b34   0x00000060   Data   RO         1248    .constdata          debug.o
    0x08007b94   0x08007b94   0x00000008   Data   RO         4892    .constdata          c_w.l(_printf_wctomb.o)
    0x08007b9c   0x08007b9c   0x00000028   Data   RO         4921    .constdata          c_w.l(_printf_hex_int_ll_ptr.o)
    0x08007bc4   0x08007bc4   0x00000011   Data   RO         4941    .constdata          c_w.l(__printf_flags_ss_wp.o)
    0x08007bd5   0x08007bd5   0x00000026   Data   RO         5069    .constdata          c_w.l(_printf_fp_hex.o)
    0x08007bfb   0x08007bfb   0x00000001   PAD
    0x08007bfc   0x08007bfc   0x00000094   Data   RO         5112    .constdata          c_w.l(bigflt0.o)
    0x08007c90   0x08007c90   0x00000020   Data   RO         5226    Region$$Table       anon$$obj.o
    0x08007cb0   0x08007cb0   0x0000001c   Data   RO         5136    locale$$data        c_w.l(lc_numeric_c.o)
    0x08007ccc   0x08007ccc   0x00000110   Data   RO         5171    locale$$data        c_w.l(lc_ctype_c.o)


    Execution Region RW_IRAM1 (Exec base: 0x20000000, Load base: 0x08007ddc, Size: 0x00005e58, Max: 0x00020000, ABSOLUTE, COMPRESSED[0x000000cc])

    Exec Addr    Load Addr    Size         Type   Attr      Idx    E Section Name        Object

    0x20000000   COMPRESSED   0x0000001c   Data   RW           20    .data               main.o
    0x2000001c   COMPRESSED   0x00000004   Data   RW          289    .data               can.o
    0x20000020   COMPRESSED   0x00000008   Data   RW          337    .data               crc.o
    0x20000028   COMPRESSED   0x0000004e   Data   RW          688    .data               usbd_desc.o
    0x20000076   COMPRESSED   0x00000002   PAD
    0x20000078   COMPRESSED   0x00000028   Data   RW          776    .data               usbd_cdc_if.o
    0x200000a0   COMPRESSED   0x00000004   Data   RW          966    .data               system_stm32f4xx.o
    0x200000a4   COMPRESSED   0x00000011   Data   RW         1106    .data               can_receive.o
    0x200000b5   COMPRESSED   0x00000001   Data   RW         1249    .data               debug.o
    0x200000b6   COMPRESSED   0x00000002   PAD
    0x200000b8   COMPRESSED   0x00000008   Data   RW         1304    .data               motor_pid.o
    0x200000c0   COMPRESSED   0x0000000c   Data   RW         2888    .data               stm32f4xx_hal.o
    0x200000cc   COMPRESSED   0x00000001   Data   RW         4501    .data               usbd_ctlreq.o
    0x200000cd   COMPRESSED   0x00000003   PAD
    0x200000d0   COMPRESSED   0x000000d7   Data   RW         4657    .data               usbd_cdc.o
    0x200001a7   COMPRESSED   0x00000001   PAD
    0x200001a8   COMPRESSED   0x00000038   Data   RW         4658    .data               usbd_cdc.o
    0x200001e0        -       0x00000050   Zero   RW          288    .bss                can.o
    0x20000230        -       0x00000080   Zero   RW          384    .bss                tim.o
    0x200002b0        -       0x0000029c   Zero   RW          449    .bss                usb_device.o
    0x2000054c        -       0x00000408   Zero   RW          508    .bss                usbd_conf.o
    0x20000954        -       0x00000200   Zero   RW          687    .bss                usbd_desc.o
    0x20000b54        -       0x00001100   Zero   RW          775    .bss                usbd_cdc_if.o
    0x20001c54        -       0x000000a0   Zero   RW         1105    .bss                can_receive.o
    0x20001cf4        -       0x00000104   Zero   RW         1247    .bss                debug.o
    0x20001df8        -       0x00000060   Zero   RW         5035    .bss                c_w.l(libspace.o)
    0x20001e58        -       0x00002000   Zero   RW            2    HEAP                startup_stm32f407xx.o
    0x20003e58        -       0x00002000   Zero   RW            1    STACK               startup_stm32f407xx.o


==============================================================================

Image component sizes


      Code (inc. data)   RO Data    RW Data    ZI Data      Debug   Object Name

        92          8          0          0          0     570714   bsp_can.o
       488         44          0          4         80       2298   can.o
       386         28          0         17        160     574101   can_receive.o
        84         18          0          8          0       1391   crc.o
       380         26         96          1        260       3185   debug.o
       160          4          0          0          0        867   gpio.o
      1226        300          0         28          0     711149   main.o
      1212         44          0          8          0       5551   motor_pid.o
        64         26        392          0      16384        828   startup_stm32f407xx.o
       188         30          0         12          0       4465   stm32f4xx_hal.o
      2004          6          0          0          0      14651   stm32f4xx_hal_can.o
       208         16          0          0          0      33579   stm32f4xx_hal_cortex.o
        40          0          0          0          0       1027   stm32f4xx_hal_crc.o
       540         22          0          0          0       1828   stm32f4xx_hal_gpio.o
        72          4          0          0          0        798   stm32f4xx_hal_msp.o
      2534         18          0          0          0      13261   stm32f4xx_hal_pcd.o
        84          0          0          0          0       2493   stm32f4xx_hal_pcd_ex.o
      1574         80          0          0          0       5162   stm32f4xx_hal_rcc.o
      1300         22          0          0          0      11822   stm32f4xx_hal_tim.o
        82          0          0          0          0       2457   stm32f4xx_hal_tim_ex.o
        96         24          0          0          0       5852   stm32f4xx_it.o
      2762        110          0          0          0      22834   stm32f4xx_ll_usb.o
       100         18         24          4          0       1107   system_stm32f4xx.o
       468         48          0          0        128       3389   tim.o
        76         16          0          0        668        712   usb_device.o
       836         16          0        271          0      13378   usbd_cdc.o
       592         78          0         40       4352       5976   usbd_cdc_if.o
       990         18          0          0       1032      15260   usbd_conf.o
       736          0          0          0          0      12641   usbd_core.o
      1648         30          0          1          0      11524   usbd_ctlreq.o
       386        122          0         78        512       6437   usbd_desc.o
       132          0          0          0          0       4408   usbd_ioreq.o

    ----------------------------------------------------------------------
     21572       1176        546        480      23576    2065145   Object Totals
         0          0         32          0          0          0   (incl. Generated)
        32          0          2          8          0          0   (incl. Padding)

    ----------------------------------------------------------------------

      Code (inc. data)   RO Data    RW Data    ZI Data      Debug   Library Member Name

        90          0          0          0          0          0   __dczerorl2.o
         8          0          0          0          0         68   __main.o
       392          4         17          0          0         92   __printf_flags_ss_wp.o
        14          0          0          0          0         68   __printf_wp.o
         0          0          0          0          0          0   __rtentry.o
        12          0          0          0          0          0   __rtentry2.o
         6          0          0          0          0          0   __rtentry4.o
        52          8          0          0          0          0   __scatter.o
        28          0          0          0          0          0   __scatter_zi.o
         6          0          0          0          0          0   _printf_a.o
         6          0          0          0          0          0   _printf_c.o
        44          0          0          0          0        108   _printf_char.o
        48          6          0          0          0         96   _printf_char_common.o
        40          0          0          0          0         68   _printf_charcount.o
         6          0          0          0          0          0   _printf_d.o
       120         16          0          0          0         92   _printf_dec.o
         6          0          0          0          0          0   _printf_e.o
         6          0          0          0          0          0   _printf_f.o
      1054          0          0          0          0        216   _printf_fp_dec.o
       764          8         38          0          0        100   _printf_fp_hex.o
       128         16          0          0          0         84   _printf_fp_infnan.o
         6          0          0          0          0          0   _printf_g.o
       148          4         40          0          0        160   _printf_hex_int_ll_ptr.o
         6          0          0          0          0          0   _printf_i.o
       178          0          0          0          0         88   _printf_intcommon.o
        10          0          0          0          0          0   _printf_l.o
         6          0          0          0          0          0   _printf_lc.o
        10          0          0          0          0          0   _printf_ll.o
         6          0          0          0          0          0   _printf_lld.o
         6          0          0          0          0          0   _printf_lli.o
         6          0          0          0          0          0   _printf_llo.o
         6          0          0          0          0          0   _printf_llu.o
         6          0          0          0          0          0   _printf_llx.o
       124         16          0          0          0         92   _printf_longlong_dec.o
         6          0          0          0          0          0   _printf_ls.o
         6          0          0          0          0          0   _printf_n.o
         6          0          0          0          0          0   _printf_o.o
       112         10          0          0          0        124   _printf_oct_int_ll.o
         6          0          0          0          0          0   _printf_p.o
        78          0          0          0          0        108   _printf_pad.o
         0          0          0          0          0          0   _printf_percent.o
         4          0          0          0          0          0   _printf_percent_end.o
         6          0          0          0          0          0   _printf_s.o
        82          0          0          0          0         80   _printf_str.o
        36          0          0          0          0         84   _printf_truncate.o
         6          0          0          0          0          0   _printf_u.o
        44          0          0          0          0        108   _printf_wchar.o
       188          6          8          0          0         92   _printf_wctomb.o
         6          0          0          0          0          0   _printf_x.o
        10          0          0          0          0         68   _sputc.o
        64          0          0          0          0         92   _wcrtomb.o
       228          4        148          0          0         96   bigflt0.o
      1936        128          0          0          0        672   btod.o
        10          0          0          0          0         68   defsig_exit.o
        50          0          0          0          0         88   defsig_general.o
        80         58          0          0          0         76   defsig_rtmem_inner.o
        14          0          0          0          0         80   defsig_rtmem_outer.o
        18          0          0          0          0         80   exit.o
        94          0          0          0          0         80   h1_alloc.o
        52          0          0          0          0         68   h1_extend.o
        78          0          0          0          0         80   h1_free.o
        14          0          0          0          0         84   h1_init.o
         6          0          0          0          0        152   heapauxi.o
         4          0          0          0          0        136   hguard.o
         0          0          0          0          0          0   indicate_semi.o
       138          0          0          0          0        168   init_alloc.o
        44         10        272          0          0         76   lc_ctype_c.o
        44         10         28          0          0         76   lc_numeric_c.o
         2          0          0          0          0          0   libinit.o
        42          0          0          0          0          0   libinit2.o
         2          0          0          0          0          0   libshutdown.o
         2          0          0          0          0          0   libshutdown2.o
         8          4          0          0         96         68   libspace.o
       138          0          0          0          0         80   lludiv10.o
       238          0          0          0          0        100   lludivv7m.o
         0          0          0          0          0          0   maybetermalloc1.o
        16          4          0          0          0         76   rt_ctype_table.o
         8          4          0          0          0         68   rt_heap_descriptor_intlibspace.o
         8          4          0          0          0         68   rt_locale_intlibspace.o
        78          0          0          0          0         80   rt_memclr_w.o
       138          0          0          0          0         68   rt_memcpy_v6.o
       100          0          0          0          0         80   rt_memcpy_w.o
         2          0          0          0          0          0   rtexit.o
        10          0          0          0          0          0   rtexit2.o
       128          0          0          0          0         68   strcmpv7m.o
        62          0          0          0          0         76   strlen.o
        12          4          0          0          0         68   sys_exit.o
        74          0          0          0          0         80   sys_stackheap_outer.o
        14          0          0          0          0         76   sys_wrch.o
         2          0          0          0          0         68   use_no_semi.o
        36          4          0          0          0         76   vsprintf.o
        98          4          0          0          0        140   d2f.o
       688        140          0          0          0        256   ddiv.o
       340         12          0          0          0        152   dmul.o
       156          4          0          0          0        140   dnaninf.o
        12          0          0          0          0        116   dretinf.o
        86          4          0          0          0        132   f2d.o
       140          4          0          0          0        132   fnaninf.o
        10          0          0          0          0        116   fpinit.o
        10          0          0          0          0        116   fretinf.o
         4          0          0          0          0        116   printf1.o
         4          0          0          0          0        116   printf2.o
         0          0          0          0          0          0   usenofp.o
        48          0          0          0          0        124   fpclassify.o

    ----------------------------------------------------------------------
      9550        496        552          0         96       7024   Library Totals
        16          0          1          0          0          0   (incl. Padding)

    ----------------------------------------------------------------------

      Code (inc. data)   RO Data    RW Data    ZI Data      Debug   Library Name

      7938        328        551          0         96       5368   c_w.l
      1548        168          0          0          0       1532   fz_wm.l
        48          0          0          0          0        124   m_wm.l

    ----------------------------------------------------------------------
      9550        496        552          0         96       7024   Library Totals

    ----------------------------------------------------------------------

==============================================================================


      Code (inc. data)   RO Data    RW Data    ZI Data      Debug   

     31122       1672       1098        480      23672    2045453   Grand Totals
     31122       1672       1098        204      23672    2045453   ELF Image Totals (compressed)
     31122       1672       1098        204          0          0   ROM Totals

==============================================================================

    Total RO  Size (Code + RO Data)                32220 (  31.46kB)
    Total RW  Size (RW Data + ZI Data)             24152 (  23.59kB)
    Total ROM Size (Code + RO Data + RW Data)      32424 (  31.66kB)

==============================================================================

